01-11 16:45:43.686  1430  1430 E SurfaceFlinger: Out of order buffers detected for RequestedLayerState{com.instagram.android/com.instagram.android.activity.MainTabActivity$_7224#89853 parentId=89690} producedId=6 frameNumber=18003 -> producedId=6 frameNumber=10368
01-11 16:45:43.702  1430  1430 E SurfaceFlinger: Out of order buffers detected for RequestedLayerState{com.instagram.android/com.instagram.android.activity.MainTabActivity$_7224#89853 parentId=89690} producedId=6 frameNumber=18003 -> producedId=6 frameNumber=10369
01-11 16:45:43.719  1430  1430 E SurfaceFlinger: Out of order buffers detected for RequestedLayerState{com.instagram.android/com.instagram.android.activity.MainTabActivity$_7224#89853 parentId=89690} producedId=6 frameNumber=18003 -> producedId=6 frameNumber=10370
01-11 16:45:43.735  1430  1430 E SurfaceFlinger: Out of order buffers detected for RequestedLayerState{com.instagram.android/com.instagram.android.activity.MainTabActivity$_7224#89853 parentId=89690} producedId=6 frameNumber=18003 -> producedId=6 frameNumber=10371
01-11 16:45:43.752  1430  1430 E SurfaceFlinger: Out of order buffers detected for RequestedLayerState{com.instagram.android/com.instagram.android.activity.MainTabActivity$_7224#89853 parentId=89690} producedId=6 frameNumber=18003 -> producedId=6 frameNumber=10372
01-11 16:45:43.768  1430  1430 E SurfaceFlinger: Out of order buffers detected for RequestedLayerState{com.instagram.android/com.instagram.android.activity.MainTabActivity$_7224#89853 parentId=89690} producedId=6 frameNumber=18003 -> producedId=6 frameNumber=10373
01-11 16:45:43.786  1430  1430 E SurfaceFlinger: Out of order buffers detected for RequestedLayerState{com.instagram.android/com.instagram.android.activity.MainTabActivity$_7224#89853 parentId=89690} producedId=6 frameNumber=18003 -> producedId=6 frameNumber=10374
01-11 16:45:43.802  1430  1430 E SurfaceFlinger: Out of order buffers detected for RequestedLayerState{com.instagram.android/com.instagram.android.activity.MainTabActivity$_7224#89853 parentId=89690} producedId=6 frameNumber=18003 -> producedId=6 frameNumber=10375
01-11 16:45:43.819  1430  1430 E SurfaceFlinger: Out of order buffers detected for RequestedLayerState{com.instagram.android/com.instagram.android.activity.MainTabActivity$_7224#89853 parentId=89690} producedId=6 frameNumber=18003 -> producedId=6 frameNumber=10376
01-11 16:45:43.836  1430  1430 E SurfaceFlinger: Out of order buffers detected for RequestedLayerState{com.instagram.android/com.instagram.android.activity.MainTabActivity$_7224#89853 parentId=89690} producedId=6 frameNumber=18003 -> producedId=6 frameNumber=10377
01-11 16:45:43.852  1430  1430 E SurfaceFlinger: Out of order buffers detected for RequestedLayerState{com.instagram.android/com.instagram.android.activity.MainTabActivity$_7224#89853 parentId=89690} producedId=6 frameNumber=18003 -> producedId=6 frameNumber=10378
01-11 16:45:43.869  1430  1430 E SurfaceFlinger: Out of order buffers detected for RequestedLayerState{com.instagram.android/com.instagram.android.activity.MainTabActivity$_7224#89853 parentId=89690} producedId=6 frameNumber=18003 -> producedId=6 frameNumber=10379
01-11 16:45:43.885  1430  1430 E SurfaceFlinger: Out of order buffers detected for RequestedLayerState{com.instagram.android/com.instagram.android.activity.MainTabActivity$_7224#89853 parentId=89690} producedId=6 frameNumber=18003 -> producedId=6 frameNumber=10380
01-11 16:45:43.902  1430  1430 E SurfaceFlinger: Out of order buffers detected for RequestedLayerState{com.instagram.android/com.instagram.android.activity.MainTabActivity$_7224#89853 parentId=89690} producedId=6 frameNumber=18003 -> producedId=6 frameNumber=10381
01-11 16:45:43.919  1430  1430 E SurfaceFlinger: Out of order buffers detected for RequestedLayerState{com.instagram.android/com.instagram.android.activity.MainTabActivity$_7224#89853 parentId=89690} producedId=6 frameNumber=18003 -> producedId=6 frameNumber=10382
01-11 16:45:43.935  1430  1430 E SurfaceFlinger: Out of order buffers detected for RequestedLayerState{com.instagram.android/com.instagram.android.activity.MainTabActivity$_7224#89853 parentId=89690} producedId=6 frameNumber=18003 -> producedId=6 frameNumber=10383
01-11 16:45:43.952  1430  1430 E SurfaceFlinger: Out of order buffers detected for RequestedLayerState{com.instagram.android/com.instagram.android.activity.MainTabActivity$_7224#89853 parentId=89690} producedId=6 frameNumber=18003 -> producedId=6 frameNumber=10384
01-11 16:45:43.985  1430  1430 E SurfaceFlinger: Out of order buffers detected for RequestedLayerState{com.instagram.android/com.instagram.android.activity.MainTabActivity$_7224#89853 parentId=89690} producedId=6 frameNumber=18003 -> producedId=6 frameNumber=10385
01-11 16:45:44.002  1430  1430 E SurfaceFlinger: Out of order buffers detected for RequestedLayerState{com.instagram.android/com.instagram.android.activity.MainTabActivity$_7224#89853 parentId=89690} producedId=6 frameNumber=18003 -> producedId=6 frameNumber=10386
01-11 16:45:44.019  1430  1430 E SurfaceFlinger: Out of order buffers detected for RequestedLayerState{com.instagram.android/com.instagram.android.activity.MainTabActivity$_7224#89853 parentId=89690} producedId=6 frameNumber=18003 -> producedId=6 frameNumber=10387
01-11 16:45:44.035  1430  1430 E SurfaceFlinger: Out of order buffers detected for RequestedLayerState{com.instagram.android/com.instagram.android.activity.MainTabActivity$_7224#89853 parentId=89690} producedId=6 frameNumber=18003 -> producedId=6 frameNumber=10388
01-11 16:45:44.052  1430  1430 E SurfaceFlinger: Out of order buffers detected for RequestedLayerState{com.instagram.android/com.instagram.android.activity.MainTabActivity$_7224#89853 parentId=89690} producedId=6 frameNumber=18003 -> producedId=6 frameNumber=10389
01-11 16:45:44.068  1430  1430 E SurfaceFlinger: Out of order buffers detected for RequestedLayerState{com.instagram.android/com.instagram.android.activity.MainTabActivity$_7224#89853 parentId=89690} producedId=6 frameNumber=18003 -> producedId=6 frameNumber=10390
01-11 16:45:44.085  1430  1430 E SurfaceFlinger: Out of order buffers detected for RequestedLayerState{com.instagram.android/com.instagram.android.activity.MainTabActivity$_7224#89853 parentId=89690} producedId=6 frameNumber=18003 -> producedId=6 frameNumber=10391
01-11 16:45:44.102  1430  1430 E SurfaceFlinger: Out of order buffers detected for RequestedLayerState{com.instagram.android/com.instagram.android.activity.MainTabActivity$_7224#89853 parentId=89690} producedId=6 frameNumber=18003 -> producedId=6 frameNumber=10392
01-11 16:45:44.119  1430  1430 E SurfaceFlinger: Out of order buffers detected for RequestedLayerState{com.instagram.android/com.instagram.android.activity.MainTabActivity$_7224#89853 parentId=89690} producedId=6 frameNumber=18003 -> producedId=6 frameNumber=10393
01-11 16:45:44.135  1430  1430 E SurfaceFlinger: Out of order buffers detected for RequestedLayerState{com.instagram.android/com.instagram.android.activity.MainTabActivity$_7224#89853 parentId=89690} producedId=6 frameNumber=18003 -> producedId=6 frameNumber=10394
01-11 16:45:44.152  1430  1430 E SurfaceFlinger: Out of order buffers detected for RequestedLayerState{com.instagram.android/com.instagram.android.activity.MainTabActivity$_7224#89853 parentId=89690} producedId=6 frameNumber=18003 -> producedId=6 frameNumber=10395
01-11 16:45:44.169  1430  1430 E SurfaceFlinger: Out of order buffers detected for RequestedLayerState{com.instagram.android/com.instagram.android.activity.MainTabActivity$_7224#89853 parentId=89690} producedId=6 frameNumber=18003 -> producedId=6 frameNumber=10396
01-11 16:45:44.185  1430  1430 E SurfaceFlinger: Out of order buffers detected for RequestedLayerState{com.instagram.android/com.instagram.android.activity.MainTabActivity$_7224#89853 parentId=89690} producedId=6 frameNumber=18003 -> producedId=6 frameNumber=10397
01-11 16:45:44.202  1430  1430 E SurfaceFlinger: Out of order buffers detected for RequestedLayerState{com.instagram.android/com.instagram.android.activity.MainTabActivity$_7224#89853 parentId=89690} producedId=6 frameNumber=18003 -> producedId=6 frameNumber=10398
01-11 16:45:44.219  1430  1430 E SurfaceFlinger: Out of order buffers detected for RequestedLayerState{com.instagram.android/com.instagram.android.activity.MainTabActivity$_7224#89853 parentId=89690} producedId=6 frameNumber=18003 -> producedId=6 frameNumber=10399
01-11 16:45:44.228 27505 28536 I SDHMS:x : SIOP:: AP:372 BAT:342 USB:340 CHG:359 PA:373 CP:367 WIFI:369 BLK:0 SUBBAT:0 LRPTHM:350 SKIN:343 SKINF:336 SKINB:343 LRP:343 LRP2:343 LRF2:336 LRB2:343 AP2:342 CHG2:331 MEM2:339 WIFI2:343 SPK2:330 VAP02:372 VWIFI:368 AVGCUR:-681 POWER:-2531
01-11 16:45:44.235  1430  1430 E SurfaceFlinger: Out of order buffers detected for RequestedLayerState{com.instagram.android/com.instagram.android.activity.MainTabActivity$_7224#89853 parentId=89690} producedId=6 frameNumber=18003 -> producedId=6 frameNumber=10400
01-11 16:45:44.252  1430  1430 E SurfaceFlinger: Out of order buffers detected for RequestedLayerState{com.instagram.android/com.instagram.android.activity.MainTabActivity$_7224#89853 parentId=89690} producedId=6 frameNumber=18003 -> producedId=6 frameNumber=10401
01-11 16:45:44.269  1430  1430 E SurfaceFlinger: Out of order buffers detected for RequestedLayerState{com.instagram.android/com.instagram.android.activity.MainTabActivity$_7224#89853 parentId=89690} producedId=6 frameNumber=18003 -> producedId=6 frameNumber=10402
01-11 16:45:44.285  1430  1430 E SurfaceFlinger: Out of order buffers detected for RequestedLayerState{com.instagram.android/com.instagram.android.activity.MainTabActivity$_7224#89853 parentId=89690} producedId=6 frameNumber=18003 -> producedId=6 frameNumber=10403
01-11 16:45:44.295 27018 27365 I ScanController: onScanResult to scannerId: 9- eventType=0x10, addressType=1, address=XX:XX:XX:XX:B5:17, primaryPhy=1, secondaryPhy=0, advertisingSid=0xff, txPower=127, rssi=-71, periodicAdvInt=0x0
01-11 16:45:44.298 27018 27365 I ScanController: onScanResult to scannerId: 1- eventType=0x1b, addressType=1, address=XX:XX:XX:XX:7D:13, primaryPhy=1, secondaryPhy=0, advertisingSid=0xff, txPower=127, rssi=-56, periodicAdvInt=0x0
01-11 16:45:44.302  1430  1430 E SurfaceFlinger: Out of order buffers detected for RequestedLayerState{com.instagram.android/com.instagram.android.activity.MainTabActivity$_7224#89853 parentId=89690} producedId=6 frameNumber=18003 -> producedId=6 frameNumber=10404
01-11 16:45:44.318  1430  1430 E SurfaceFlinger: Out of order buffers detected for RequestedLayerState{com.instagram.android/com.instagram.android.activity.MainTabActivity$_7224#89853 parentId=89690} producedId=6 frameNumber=18003 -> producedId=6 frameNumber=10405
01-11 16:45:44.335  1430  1430 E SurfaceFlinger: Out of order buffers detected for RequestedLayerState{com.instagram.android/com.instagram.android.activity.MainTabActivity$_7224#89853 parentId=89690} producedId=6 frameNumber=18003 -> producedId=6 frameNumber=10406
01-11 16:45:44.345 25732 25950 D WifiStaIfaceHidlImpl: getCachedScanData is not implemented by HIDL
01-11 16:45:44.349  1423  1432 E HeatmapThread: ECT Thread time in milliseconds: 1768130144
01-11 16:45:44.349  1423  1432 D HeatmapThread: !@ batteryplugType : 0
01-11 16:45:44.350  1423  1432 D HeatmapThread: !@ batteryLevel : 0  batteryTemperature : 0 
01-11 16:45:44.350  1423  1432 D HeatmapThread: !@ Heatmap currtime: 29468835
01-11 16:45:44.350 25732 12499 D SemWifiUsabilityStatsMonitor: onWifiUsabilityStats - seqNum 14240, isSameBssidAndFreq true
01-11 16:45:44.350  1423  1432 D HeatmapThread: !@ Heatmap prevtime: 29468821
01-11 16:45:44.350  1423  1432 D HeatmapThread: !@ Heatmap plugstarttime: 35791394
01-11 16:45:44.350  1423  1432 D HeatmapThread: !@ Heatmap prevv_dsoh_update_time: 29454275
01-11 16:45:44.350  1423  1432 E HeatmapThread: !@Could not open '/efs/FactoryApp/bsoh', errno = 13
01-11 16:45:44.350  1423  1432 E HeatmapThread: !@ CAM Could not access BSOH EFS
01-11 16:45:44.350  1423  1432 E HeatmapThread: !@ CAM New BSOH: 0
01-11 16:45:44.352  1430  1430 E SurfaceFlinger: Out of order buffers detected for RequestedLayerState{com.instagram.android/com.instagram.android.activity.MainTabActivity$_7224#89853 parentId=89690} producedId=6 frameNumber=18003 -> producedId=6 frameNumber=10407
01-11 16:45:44.353 25732 26046 I SemWifiLinkQualityMonitor: Link stat: 1034 / 9 / 1.17 (48) / 650 / -46.0 || 100.0 : 650.00 / 0.5 : 0.85 / 0.55 : 0.01 / G (G) || 6595649d5805: 0.085 / 94.184 / N || N N / 0 0 / N 2.0 / N X 0 / 280382188 0 || 2026-01-11 16:45:43  / 0: 0 0 0 0 0 0 / 0: 0 0 0 0 0 0 / 0: 0 0 0 0 0 0
01-11 16:45:44.369  1430  1430 E SurfaceFlinger: Out of order buffers detected for RequestedLayerState{com.instagram.android/com.instagram.android.activity.MainTabActivity$_7224#89853 parentId=89690} producedId=6 frameNumber=18003 -> producedId=6 frameNumber=10408
01-11 16:45:44.385  1430  1430 E SurfaceFlinger: Out of order buffers detected for RequestedLayerState{com.instagram.android/com.instagram.android.activity.MainTabActivity$_7224#89853 parentId=89690} producedId=6 frameNumber=18003 -> producedId=6 frameNumber=10409
01-11 16:45:44.402  1430  1430 E SurfaceFlinger: Out of order buffers detected for RequestedLayerState{com.instagram.android/com.instagram.android.activity.MainTabActivity$_7224#89853 parentId=89690} producedId=6 frameNumber=18003 -> producedId=6 frameNumber=10410
01-11 16:45:44.419  1430  1430 E SurfaceFlinger: Out of order buffers detected for RequestedLayerState{com.instagram.android/com.instagram.android.activity.MainTabActivity$_7224#89853 parentId=89690} producedId=6 frameNumber=18003 -> producedId=6 frameNumber=10411
01-11 16:45:44.435  1430  1430 E SurfaceFlinger: Out of order buffers detected for RequestedLayerState{com.instagram.android/com.instagram.android.activity.MainTabActivity$_7224#89853 parentId=89690} producedId=6 frameNumber=18003 -> producedId=6 frameNumber=10412
01-11 16:45:44.452  1430  1430 E SurfaceFlinger: Out of order buffers detected for RequestedLayerState{com.instagram.android/com.instagram.android.activity.MainTabActivity$_7224#89853 parentId=89690} producedId=6 frameNumber=18003 -> producedId=6 frameNumber=10413
01-11 16:45:44.464 27018 27365 I ScanController: onScanResult to scannerId: 1- eventType=0x1b, addressType=1, address=XX:XX:XX:XX:7D:13, primaryPhy=1, secondaryPhy=0, advertisingSid=0xff, txPower=127, rssi=-56, periodicAdvInt=0x0
01-11 16:45:44.469  1430  1430 E SurfaceFlinger: Out of order buffers detected for RequestedLayerState{com.instagram.android/com.instagram.android.activity.MainTabActivity$_7224#89853 parentId=89690} producedId=6 frameNumber=18003 -> producedId=6 frameNumber=10414
01-11 16:45:44.484  5953 13204 W adbd    : timed out while waiting for FUNCTIONFS_BIND, trying again
01-11 16:45:44.485  5953 13204 I adbd    : UsbFfs: connection terminated: monitor thread finished
01-11 16:45:44.485  1430  1430 E SurfaceFlinger: Out of order buffers detected for RequestedLayerState{com.instagram.android/com.instagram.android.activity.MainTabActivity$_7224#89853 parentId=89690} producedId=6 frameNumber=18003 -> producedId=6 frameNumber=10415
01-11 16:45:44.502  1430  1430 E SurfaceFlinger: Out of order buffers detected for RequestedLayerState{com.instagram.android/com.instagram.android.activity.MainTabActivity$_7224#89853 parentId=89690} producedId=6 frameNumber=18003 -> producedId=6 frameNumber=10416
01-11 16:45:44.519  1430  1430 E SurfaceFlinger: Out of order buffers detected for RequestedLayerState{com.instagram.android/com.instagram.android.activity.MainTabActivity$_7224#89853 parentId=89690} producedId=6 frameNumber=18003 -> producedId=6 frameNumber=10417
01-11 16:45:44.522  5953  5959 I adbd    : opening control endpoint /dev/usb-ffs/adb/ep0
01-11 16:45:44.535  1430  1430 E SurfaceFlinger: Out of order buffers detected for RequestedLayerState{com.instagram.android/com.instagram.android.activity.MainTabActivity$_7224#89853 parentId=89690} producedId=6 frameNumber=18003 -> producedId=6 frameNumber=10418
01-11 16:45:44.552  1430  1430 E SurfaceFlinger: Out of order buffers detected for RequestedLayerState{com.instagram.android/com.instagram.android.activity.MainTabActivity$_7224#89853 parentId=89690} producedId=6 frameNumber=18003 -> producedId=6 frameNumber=10419
01-11 16:45:44.569  1430  1430 E SurfaceFlinger: Out of order buffers detected for RequestedLayerState{com.instagram.android/com.instagram.android.activity.MainTabActivity$_7224#89853 parentId=89690} producedId=6 frameNumber=18003 -> producedId=6 frameNumber=10420
01-11 16:45:44.575   742   742 D io_stats: !@   8,0 r 57086606 1121128039 w 15371353 261698052 d 4273256 219812748 f 0 1726946 iot 27633044 0 th 0 0 0 pt 0 inp 0 0 280382.414
01-11 16:45:44.576   742   742 D io_stats: !@ Read_top(KB): kworker/u16:1(4324) 56
01-11 16:45:44.576   742   742 D io_stats: !@ Write_top(KB): kworker/u16:1(4324) 3876 system_server(25732) 24
01-11 16:45:44.585  1430  1430 E SurfaceFlinger: Out of order buffers detected for RequestedLayerState{com.instagram.android/com.instagram.android.activity.MainTabActivity$_7224#89853 parentId=89690} producedId=6 frameNumber=18003 -> producedId=6 frameNumber=10421
01-11 16:45:44.602  1430  1430 E SurfaceFlinger: Out of order buffers detected for RequestedLayerState{com.instagram.android/com.instagram.android.activity.MainTabActivity$_7224#89853 parentId=89690} producedId=6 frameNumber=18003 -> producedId=6 frameNumber=10422
01-11 16:45:44.619  1430  1430 E SurfaceFlinger: Out of order buffers detected for RequestedLayerState{com.instagram.android/com.instagram.android.activity.MainTabActivity$_7224#89853 parentId=89690} producedId=6 frameNumber=18003 -> producedId=6 frameNumber=10423
01-11 16:45:44.635  1430  1430 E SurfaceFlinger: Out of order buffers detected for RequestedLayerState{com.instagram.android/com.instagram.android.activity.MainTabActivity$_7224#89853 parentId=89690} producedId=6 frameNumber=18003 -> producedId=6 frameNumber=10424
01-11 16:45:44.652  1430  1430 E SurfaceFlinger: Out of order buffers detected for RequestedLayerState{com.instagram.android/com.instagram.android.activity.MainTabActivity$_7224#89853 parentId=89690} producedId=6 frameNumber=18003 -> producedId=6 frameNumber=10425
01-11 16:45:44.668  1430  1430 E SurfaceFlinger: Out of order buffers detected for RequestedLayerState{com.instagram.android/com.instagram.android.activity.MainTabActivity$_7224#89853 parentId=89690} producedId=6 frameNumber=18003 -> producedId=6 frameNumber=10426
01-11 16:45:44.684 25732 26071 D SemWifiSwitchForIndividualAppsService: isSkipTcpMonitorInfo - result:2
01-11 16:45:44.685  1430  1430 E SurfaceFlinger: Out of order buffers detected for RequestedLayerState{com.instagram.android/com.instagram.android.activity.MainTabActivity$_7224#89853 parentId=89690} producedId=6 frameNumber=18003 -> producedId=6 frameNumber=10427
01-11 16:45:44.702  1430  1430 E SurfaceFlinger: Out of order buffers detected for RequestedLayerState{com.instagram.android/com.instagram.android.activity.MainTabActivity$_7224#89853 parentId=89690} producedId=6 frameNumber=18003 -> producedId=6 frameNumber=10428
01-11 16:45:44.719  1430  1430 E SurfaceFlinger: Out of order buffers detected for RequestedLayerState{com.instagram.android/com.instagram.android.activity.MainTabActivity$_7224#89853 parentId=89690} producedId=6 frameNumber=18003 -> producedId=6 frameNumber=10429
01-11 16:45:44.735  1430  1430 E SurfaceFlinger: Out of order buffers detected for RequestedLayerState{com.instagram.android/com.instagram.android.activity.MainTabActivity$_7224#89853 parentId=89690} producedId=6 frameNumber=18003 -> producedId=6 frameNumber=10430
01-11 16:45:44.752  1430  1430 E SurfaceFlinger: Out of order buffers detected for RequestedLayerState{com.instagram.android/com.instagram.android.activity.MainTabActivity$_7224#89853 parentId=89690} producedId=6 frameNumber=18003 -> producedId=6 frameNumber=10431
01-11 16:45:44.769  1430  1430 E SurfaceFlinger: Out of order buffers detected for RequestedLayerState{com.instagram.android/com.instagram.android.activity.MainTabActivity$_7224#89853 parentId=89690} producedId=6 frameNumber=18003 -> producedId=6 frameNumber=10432
01-11 16:45:44.785  1430  1430 E SurfaceFlinger: Out of order buffers detected for RequestedLayerState{com.instagram.android/com.instagram.android.activity.MainTabActivity$_7224#89853 parentId=89690} producedId=6 frameNumber=18003 -> producedId=6 frameNumber=10433
01-11 16:45:44.802  1430  1430 E SurfaceFlinger: Out of order buffers detected for RequestedLayerState{com.instagram.android/com.instagram.android.activity.MainTabActivity$_7224#89853 parentId=89690} producedId=6 frameNumber=18003 -> producedId=6 frameNumber=10434
01-11 16:45:44.819  1430  1430 E SurfaceFlinger: Out of order buffers detected for RequestedLayerState{com.instagram.android/com.instagram.android.activity.MainTabActivity$_7224#89853 parentId=89690} producedId=6 frameNumber=18003 -> producedId=6 frameNumber=10435
01-11 16:45:44.835  1430  1430 E SurfaceFlinger: Out of order buffers detected for RequestedLayerState{com.instagram.android/com.instagram.android.activity.MainTabActivity$_7224#89853 parentId=89690} producedId=6 frameNumber=18003 -> producedId=6 frameNumber=10436
01-11 16:45:44.852  1430  1430 E SurfaceFlinger: Out of order buffers detected for RequestedLayerState{com.instagram.android/com.instagram.android.activity.MainTabActivity$_7224#89853 parentId=89690} producedId=6 frameNumber=18003 -> producedId=6 frameNumber=10437
01-11 16:45:44.869  1430  1430 E SurfaceFlinger: Out of order buffers detected for RequestedLayerState{com.instagram.android/com.instagram.android.activity.MainTabActivity$_7224#89853 parentId=89690} producedId=6 frameNumber=18003 -> producedId=6 frameNumber=10438
01-11 16:45:44.886  1430  1430 E SurfaceFlinger: Out of order buffers detected for RequestedLayerState{com.instagram.android/com.instagram.android.activity.MainTabActivity$_7224#89853 parentId=89690} producedId=6 frameNumber=18003 -> producedId=6 frameNumber=10439
01-11 16:45:44.902  1430  1430 E SurfaceFlinger: Out of order buffers detected for RequestedLayerState{com.instagram.android/com.instagram.android.activity.MainTabActivity$_7224#89853 parentId=89690} producedId=6 frameNumber=18003 -> producedId=6 frameNumber=10440
01-11 16:45:44.919  1430  1430 E SurfaceFlinger: Out of order buffers detected for RequestedLayerState{com.instagram.android/com.instagram.android.activity.MainTabActivity$_7224#89853 parentId=89690} producedId=6 frameNumber=18003 -> producedId=6 frameNumber=10441
01-11 16:45:44.935  1430  1430 E SurfaceFlinger: Out of order buffers detected for RequestedLayerState{com.instagram.android/com.instagram.android.activity.MainTabActivity$_7224#89853 parentId=89690} producedId=6 frameNumber=18003 -> producedId=6 frameNumber=10442
01-11 16:45:44.952  1430  1430 E SurfaceFlinger: Out of order buffers detected for RequestedLayerState{com.instagram.android/com.instagram.android.activity.MainTabActivity$_7224#89853 parentId=89690} producedId=6 frameNumber=18003 -> producedId=6 frameNumber=10443
01-11 16:45:44.969  1430  1430 E SurfaceFlinger: Out of order buffers detected for RequestedLayerState{com.instagram.android/com.instagram.android.activity.MainTabActivity$_7224#89853 parentId=89690} producedId=6 frameNumber=18003 -> producedId=6 frameNumber=10444
01-11 16:45:44.986  1430  1430 E SurfaceFlinger: Out of order buffers detected for RequestedLayerState{com.instagram.android/com.instagram.android.activity.MainTabActivity$_7224#89853 parentId=89690} producedId=6 frameNumber=18003 -> producedId=6 frameNumber=10445
01-11 16:45:45.002  1430  1430 E SurfaceFlinger: Out of order buffers detected for RequestedLayerState{com.instagram.android/com.instagram.android.activity.MainTabActivity$_7224#89853 parentId=89690} producedId=6 frameNumber=18003 -> producedId=6 frameNumber=10446
01-11 16:45:45.019  1430  1430 E SurfaceFlinger: Out of order buffers detected for RequestedLayerState{com.instagram.android/com.instagram.android.activity.MainTabActivity$_7224#89853 parentId=89690} producedId=6 frameNumber=18003 -> producedId=6 frameNumber=10447
01-11 16:45:45.036  1430  1430 E SurfaceFlinger: Out of order buffers detected for RequestedLayerState{com.instagram.android/com.instagram.android.activity.MainTabActivity$_7224#89853 parentId=89690} producedId=6 frameNumber=18003 -> producedId=6 frameNumber=10448
01-11 16:45:45.052  1430  1430 E SurfaceFlinger: Out of order buffers detected for RequestedLayerState{com.instagram.android/com.instagram.android.activity.MainTabActivity$_7224#89853 parentId=89690} producedId=6 frameNumber=18003 -> producedId=6 frameNumber=10449
01-11 16:45:45.069  1430  1430 E SurfaceFlinger: Out of order buffers detected for RequestedLayerState{com.instagram.android/com.instagram.android.activity.MainTabActivity$_7224#89853 parentId=89690} producedId=6 frameNumber=18003 -> producedId=6 frameNumber=10450
01-11 16:45:45.086  1430  1430 E SurfaceFlinger: Out of order buffers detected for RequestedLayerState{com.instagram.android/com.instagram.android.activity.MainTabActivity$_7224#89853 parentId=89690} producedId=6 frameNumber=18003 -> producedId=6 frameNumber=10451
01-11 16:45:45.102  1430  1430 E SurfaceFlinger: Out of order buffers detected for RequestedLayerState{com.instagram.android/com.instagram.android.activity.MainTabActivity$_7224#89853 parentId=89690} producedId=6 frameNumber=18003 -> producedId=6 frameNumber=10452
01-11 16:45:45.119  1430  1430 E SurfaceFlinger: Out of order buffers detected for RequestedLayerState{com.instagram.android/com.instagram.android.activity.MainTabActivity$_7224#89853 parentId=89690} producedId=6 frameNumber=18003 -> producedId=6 frameNumber=10453
01-11 16:45:45.136  1430  1430 E SurfaceFlinger: Out of order buffers detected for RequestedLayerState{com.instagram.android/com.instagram.android.activity.MainTabActivity$_7224#89853 parentId=89690} producedId=6 frameNumber=18003 -> producedId=6 frameNumber=10454
01-11 16:45:45.152  1430  1430 E SurfaceFlinger: Out of order buffers detected for RequestedLayerState{com.instagram.android/com.instagram.android.activity.MainTabActivity$_7224#89853 parentId=89690} producedId=6 frameNumber=18003 -> producedId=6 frameNumber=10455
01-11 16:45:45.169  1430  1430 E SurfaceFlinger: Out of order buffers detected for RequestedLayerState{com.instagram.android/com.instagram.android.activity.MainTabActivity$_7224#89853 parentId=89690} producedId=6 frameNumber=18003 -> producedId=6 frameNumber=10456
01-11 16:45:45.186  1430  1430 E SurfaceFlinger: Out of order buffers detected for RequestedLayerState{com.instagram.android/com.instagram.android.activity.MainTabActivity$_7224#89853 parentId=89690} producedId=6 frameNumber=18003 -> producedId=6 frameNumber=10457
01-11 16:45:45.202  1430  1430 E SurfaceFlinger: Out of order buffers detected for RequestedLayerState{com.instagram.android/com.instagram.android.activity.MainTabActivity$_7224#89853 parentId=89690} producedId=6 frameNumber=18003 -> producedId=6 frameNumber=10458
01-11 16:45:45.219  1430  1430 E SurfaceFlinger: Out of order buffers detected for RequestedLayerState{com.instagram.android/com.instagram.android.activity.MainTabActivity$_7224#89853 parentId=89690} producedId=6 frameNumber=18003 -> producedId=6 frameNumber=10459
01-11 16:45:45.236  1430  1430 E SurfaceFlinger: Out of order buffers detected for RequestedLayerState{com.instagram.android/com.instagram.android.activity.MainTabActivity$_7224#89853 parentId=89690} producedId=6 frameNumber=18003 -> producedId=6 frameNumber=10460
01-11 16:45:45.252  1430  1430 E SurfaceFlinger: Out of order buffers detected for RequestedLayerState{com.instagram.android/com.instagram.android.activity.MainTabActivity$_7224#89853 parentId=89690} producedId=6 frameNumber=18003 -> producedId=6 frameNumber=10461
01-11 16:45:45.269  1430  1430 E SurfaceFlinger: Out of order buffers detected for RequestedLayerState{com.instagram.android/com.instagram.android.activity.MainTabActivity$_7224#89853 parentId=89690} producedId=6 frameNumber=18003 -> producedId=6 frameNumber=10462
01-11 16:45:45.286  1430  1430 E SurfaceFlinger: Out of order buffers detected for RequestedLayerState{com.instagram.android/com.instagram.android.activity.MainTabActivity$_7224#89853 parentId=89690} producedId=6 frameNumber=18003 -> producedId=6 frameNumber=10463
01-11 16:45:45.319  1430  1430 E SurfaceFlinger: Out of order buffers detected for RequestedLayerState{com.instagram.android/com.instagram.android.activity.MainTabActivity$_7224#89853 parentId=89690} producedId=6 frameNumber=18003 -> producedId=6 frameNumber=10464
01-11 16:45:45.336  1430  1430 E SurfaceFlinger: Out of order buffers detected for RequestedLayerState{com.instagram.android/com.instagram.android.activity.MainTabActivity$_7224#89853 parentId=89690} producedId=6 frameNumber=18003 -> producedId=6 frameNumber=10465
01-11 16:45:45.349  1423  1432 E HeatmapThread: ECT Thread time in milliseconds: 1768130145
01-11 16:45:45.349  1423  1432 D HeatmapThread: !@ batteryplugType : 0
01-11 16:45:45.350  1423  1432 D HeatmapThread: !@ batteryLevel : 0  batteryTemperature : 0 
01-11 16:45:45.350  1423  1432 D HeatmapThread: !@ Heatmap currtime: 29468835
01-11 16:45:45.350  1423  1432 D HeatmapThread: !@ Heatmap prevtime: 29468821
01-11 16:45:45.350  1423  1432 D HeatmapThread: !@ Heatmap plugstarttime: 35791394
01-11 16:45:45.350  1423  1432 D HeatmapThread: !@ Heatmap prevv_dsoh_update_time: 29454275
01-11 16:45:45.350  1423  1432 E HeatmapThread: !@Could not open '/efs/FactoryApp/bsoh', errno = 13
01-11 16:45:45.350  1423  1432 E HeatmapThread: !@ CAM Could not access BSOH EFS
01-11 16:45:45.350  1423  1432 E HeatmapThread: !@ CAM New BSOH: 0
01-11 16:45:45.352  1430  1430 E SurfaceFlinger: Out of order buffers detected for RequestedLayerState{com.instagram.android/com.instagram.android.activity.MainTabActivity$_7224#89853 parentId=89690} producedId=6 frameNumber=18003 -> producedId=6 frameNumber=10466
01-11 16:45:45.369  1430  1430 E SurfaceFlinger: Out of order buffers detected for RequestedLayerState{com.instagram.android/com.instagram.android.activity.MainTabActivity$_7224#89853 parentId=89690} producedId=6 frameNumber=18003 -> producedId=6 frameNumber=10467
01-11 16:45:45.386  1430  1430 E SurfaceFlinger: Out of order buffers detected for RequestedLayerState{com.instagram.android/com.instagram.android.activity.MainTabActivity$_7224#89853 parentId=89690} producedId=6 frameNumber=18003 -> producedId=6 frameNumber=10468
01-11 16:45:45.402  1430  1430 E SurfaceFlinger: Out of order buffers detected for RequestedLayerState{com.instagram.android/com.instagram.android.activity.MainTabActivity$_7224#89853 parentId=89690} producedId=6 frameNumber=18003 -> producedId=6 frameNumber=10469
01-11 16:45:45.406 25732 27152 I NSLocationMonitor: getGPSUsingApps() called
01-11 16:45:45.407 27121 18383 I NSLocationManager_FLP: getGPSUsingApps, No change
01-11 16:45:45.419  1430  1430 E SurfaceFlinger: Out of order buffers detected for RequestedLayerState{com.instagram.android/com.instagram.android.activity.MainTabActivity$_7224#89853 parentId=89690} producedId=6 frameNumber=18003 -> producedId=6 frameNumber=10470
01-11 16:45:45.431 25732 27152 D FreecessHandler: freeze com.instagram.android(10330) result : 33
01-11 16:45:45.436  1430  1430 E SurfaceFlinger: Out of order buffers detected for RequestedLayerState{com.instagram.android/com.instagram.android.activity.MainTabActivity$_7224#89853 parentId=89690} producedId=6 frameNumber=18003 -> producedId=6 frameNumber=10471
01-11 16:45:45.452  1430  1430 E SurfaceFlinger: Out of order buffers detected for RequestedLayerState{com.instagram.android/com.instagram.android.activity.MainTabActivity$_7224#89853 parentId=89690} producedId=6 frameNumber=18003 -> producedId=6 frameNumber=10472
01-11 16:45:45.469  1430  1430 E SurfaceFlinger: Out of order buffers detected for RequestedLayerState{com.instagram.android/com.instagram.android.activity.MainTabActivity$_7224#89853 parentId=89690} producedId=6 frameNumber=18003 -> producedId=6 frameNumber=10473
01-11 16:45:45.486  1430  1430 E SurfaceFlinger: Out of order buffers detected for RequestedLayerState{com.instagram.android/com.instagram.android.activity.MainTabActivity$_7224#89853 parentId=89690} producedId=6 frameNumber=18003 -> producedId=6 frameNumber=10474
01-11 16:45:45.502  1430  1430 E SurfaceFlinger: Out of order buffers detected for RequestedLayerState{com.instagram.android/com.instagram.android.activity.MainTabActivity$_7224#89853 parentId=89690} producedId=6 frameNumber=18003 -> producedId=6 frameNumber=10475
01-11 16:45:45.519  1430  1430 E SurfaceFlinger: Out of order buffers detected for RequestedLayerState{com.instagram.android/com.instagram.android.activity.MainTabActivity$_7224#89853 parentId=89690} producedId=6 frameNumber=18003 -> producedId=6 frameNumber=10476
01-11 16:45:45.525 25584 32513 D DlbDap2Process: process() called [163500] times with input format 0x22 and channel mask 0x3 (ProcessingMode=9), htEnable=0(0, 0, 0)
01-11 16:45:45.530  5953 13206 W adbd    : timed out while waiting for FUNCTIONFS_BIND, trying again
01-11 16:45:45.530  5953 13206 I adbd    : UsbFfs: connection terminated: monitor thread finished
01-11 16:45:45.535  1430  1430 E SurfaceFlinger: Out of order buffers detected for RequestedLayerState{com.instagram.android/com.instagram.android.activity.MainTabActivity$_7224#89853 parentId=89690} producedId=6 frameNumber=18003 -> producedId=6 frameNumber=10477
01-11 16:45:45.552  1430  1430 E SurfaceFlinger: Out of order buffers detected for RequestedLayerState{com.instagram.android/com.instagram.android.activity.MainTabActivity$_7224#89853 parentId=89690} producedId=6 frameNumber=18003 -> producedId=6 frameNumber=10478
01-11 16:45:45.569  1430  1430 E SurfaceFlinger: Out of order buffers detected for RequestedLayerState{com.instagram.android/com.instagram.android.activity.MainTabActivity$_7224#89853 parentId=89690} producedId=6 frameNumber=18003 -> producedId=6 frameNumber=10479
01-11 16:45:45.571  5953  5959 I adbd    : opening control endpoint /dev/usb-ffs/adb/ep0
01-11 16:45:45.585  1430  1430 E SurfaceFlinger: Out of order buffers detected for RequestedLayerState{com.instagram.android/com.instagram.android.activity.MainTabActivity$_7224#89853 parentId=89690} producedId=6 frameNumber=18003 -> producedId=6 frameNumber=10480
01-11 16:45:45.602  1430  1430 E SurfaceFlinger: Out of order buffers detected for RequestedLayerState{com.instagram.android/com.instagram.android.activity.MainTabActivity$_7224#89853 parentId=89690} producedId=6 frameNumber=18003 -> producedId=6 frameNumber=10481
01-11 16:45:45.618  1430  1430 E SurfaceFlinger: Out of order buffers detected for RequestedLayerState{com.instagram.android/com.instagram.android.activity.MainTabActivity$_7224#89853 parentId=89690} producedId=6 frameNumber=18003 -> producedId=6 frameNumber=10482
01-11 16:45:45.635  1430  1430 E SurfaceFlinger: Out of order buffers detected for RequestedLayerState{com.instagram.android/com.instagram.android.activity.MainTabActivity$_7224#89853 parentId=89690} producedId=6 frameNumber=18003 -> producedId=6 frameNumber=10483
01-11 16:45:45.652  1430  1430 E SurfaceFlinger: Out of order buffers detected for RequestedLayerState{com.instagram.android/com.instagram.android.activity.MainTabActivity$_7224#89853 parentId=89690} producedId=6 frameNumber=18003 -> producedId=6 frameNumber=10484
01-11 16:45:45.668  1430  1430 E SurfaceFlinger: Out of order buffers detected for RequestedLayerState{com.instagram.android/com.instagram.android.activity.MainTabActivity$_7224#89853 parentId=89690} producedId=6 frameNumber=18003 -> producedId=6 frameNumber=10485
01-11 16:45:45.685  1430  1430 E SurfaceFlinger: Out of order buffers detected for RequestedLayerState{com.instagram.android/com.instagram.android.activity.MainTabActivity$_7224#89853 parentId=89690} producedId=6 frameNumber=18003 -> producedId=6 frameNumber=10486
01-11 16:45:45.686 25732 25990 D AS.VolumeMonitor: Music is playing
01-11 16:45:45.686 25732 25986 I SemVolumeMonitor: getOneHourRms: call getParameter. bytes:244=max(244,60)
01-11 16:45:45.687 25584 25992 V VolumeMonitor_Score: merge() fg:0x2 dev:0x20, type:1, cnt:0, result:0|0|0|0|0|0|0|0|0|0|0|0|0|0|0|0|0|0|0|0|0|0|0|0|0|0|0|0|0|0|0|0|0|0|0|0|0|0|0|0|0|0|0|0|0|0|0|0|0|0|
01-11 16:45:45.688 25584 25992 V VolumeMonitor_Energy_Effect: VM_getParameter() start
01-11 16:45:45.688 25584 25992 V VolumeMonitor_Energy_Effect: VM_getParameter() VM_PARAM_GET_ONE_MIN_SCORE_STATUS paramsize:4, valuesize:244
01-11 16:45:45.688 25584 25992 V VolumeMonitor_Energy: getEnergy() sessionId:-14901
01-11 16:45:45.688 25584 25992 V VolumeMonitor_Energy_Effect: VM_getParameter() *pValueSize:244
01-11 16:45:45.688 25584 25992 V VolumeMonitor_Energy_Effect: VM_getParameter() end param:1, status:0
01-11 16:45:45.688 25584 25992 V VolumeMonitor_Energy_Effect: VM_command() EFFECT_CMD_GET_PARAM replysize:260, status:0
01-11 16:45:45.688 25584 25992 V VolumeMonitor_Score: merge() fg:0 dev:0x80, type:0, cnt:30, result:0.000305|0.000192|0.000281|0.000354|0.000143|0.000351|0.000337|0.00034|0.000312|0.000363|0.000353|0.
01-11 16:45:45.688 25584 25992 V VolumeMonitor_Score: getFinalStatus() src[0] histCnt:30 result:0.000305|0.000192|0.000281|0.000354|0.000143|0.000351|0.000337|0.00034|0.000312|0.000363|0.000353|0.
01-11 16:45:45.688 25584 25992 V VolumeMonitor_Score: getFinalStatus() src[1] histCnt:0 result:0|0|0|0|0|0|0|0|0|0|0|0|0|0|0|0|0|0|0|0|0|0|0|0|0|0|0|0|0|0|0|0|0|0|0|0|0|0|0|0|0|0|0|0|0|0|0|0|0|0|
01-11 16:45:45.688 25584 25992 V VolumeMonitor_Score: getFinalStatus() src[2] histCnt:0 result:0|0|0|0|0|0|0|0|0|0|0|0|0|0|0|0|0|0|0|0|0|0|0|0|0|0|0|0|0|0|0|0|0|0|0|0|0|0|0|0|0|0|0|0|0|0|0|0|0|0|
01-11 16:45:45.702  1430  1430 E SurfaceFlinger: Out of order buffers detected for RequestedLayerState{com.instagram.android/com.instagram.android.activity.MainTabActivity$_7224#89853 parentId=89690} producedId=6 frameNumber=18003 -> producedId=6 frameNumber=10487
01-11 16:45:45.707 25732 25797 D BatteryExternalStatsWorker: update stats : procstate-change (10)
01-11 16:45:45.708 25732 25797 D BatteryExternalStatsWorker: Fetch WiFi data
01-11 16:45:45.708 25732 25797 D BatteryExternalStatsWorker: Update Rail Energy data
01-11 16:45:45.718  1430  1430 E SurfaceFlinger: Out of order buffers detected for RequestedLayerState{com.instagram.android/com.instagram.android.activity.MainTabActivity$_7224#89853 parentId=89690} producedId=6 frameNumber=18003 -> producedId=6 frameNumber=10488
01-11 16:45:45.721 25732 25950 D WifiStaIfaceHidlImpl: getCachedScanData is not implemented by HIDL
01-11 16:45:45.722 25732 25797 D BatteryExternalStatsWorker: mStats lock released
01-11 16:45:45.732 25732 25797 D BatteryExternalStatsWorker: Update wifi state
01-11 16:45:45.732 25732 25797 D BatteryExternalStatsWorker: done updateExternalStatsLocked
01-11 16:45:45.735  1430  1430 E SurfaceFlinger: Out of order buffers detected for RequestedLayerState{com.instagram.android/com.instagram.android.activity.MainTabActivity$_7224#89853 parentId=89690} producedId=6 frameNumber=18003 -> producedId=6 frameNumber=10489
01-11 16:45:45.752  1430  1430 E SurfaceFlinger: Out of order buffers detected for RequestedLayerState{com.instagram.android/com.instagram.android.activity.MainTabActivity$_7224#89853 parentId=89690} producedId=6 frameNumber=18003 -> producedId=6 frameNumber=10490
01-11 16:45:45.769  1430  1430 E SurfaceFlinger: Out of order buffers detected for RequestedLayerState{com.instagram.android/com.instagram.android.activity.MainTabActivity$_7224#89853 parentId=89690} producedId=6 frameNumber=18003 -> producedId=6 frameNumber=10491
01-11 16:45:45.785  1430  1430 E SurfaceFlinger: Out of order buffers detected for RequestedLayerState{com.instagram.android/com.instagram.android.activity.MainTabActivity$_7224#89853 parentId=89690} producedId=6 frameNumber=18003 -> producedId=6 frameNumber=10492
01-11 16:45:45.802  1430  1430 E SurfaceFlinger: Out of order buffers detected for RequestedLayerState{com.instagram.android/com.instagram.android.activity.MainTabActivity$_7224#89853 parentId=89690} producedId=6 frameNumber=18003 -> producedId=6 frameNumber=10493
01-11 16:45:45.818  1430  1430 E SurfaceFlinger: Out of order buffers detected for RequestedLayerState{com.instagram.android/com.instagram.android.activity.MainTabActivity$_7224#89853 parentId=89690} producedId=6 frameNumber=18003 -> producedId=6 frameNumber=10494
01-11 16:45:45.822 25732 26044 I SemWifiServiceDetector: Service det. suspended: T / T / 5656
01-11 16:45:45.835  1430  1430 E SurfaceFlinger: Out of order buffers detected for RequestedLayerState{com.instagram.android/com.instagram.android.activity.MainTabActivity$_7224#89853 parentId=89690} producedId=6 frameNumber=18003 -> producedId=6 frameNumber=10495
01-11 16:45:45.852  1430  1430 E SurfaceFlinger: Out of order buffers detected for RequestedLayerState{com.instagram.android/com.instagram.android.activity.MainTabActivity$_7224#89853 parentId=89690} producedId=6 frameNumber=18003 -> producedId=6 frameNumber=10496
01-11 16:45:45.868  1430  1430 E SurfaceFlinger: Out of order buffers detected for RequestedLayerState{com.instagram.android/com.instagram.android.activity.MainTabActivity$_7224#89853 parentId=89690} producedId=6 frameNumber=18003 -> producedId=6 frameNumber=10497
01-11 16:45:45.885  1430  1430 E SurfaceFlinger: Out of order buffers detected for RequestedLayerState{com.instagram.android/com.instagram.android.activity.MainTabActivity$_7224#89853 parentId=89690} producedId=6 frameNumber=18003 -> producedId=6 frameNumber=10498
01-11 16:45:45.900 25584 25992 V VolumeMonitor_Score: getFinalStatus() 2026 0 11 16 45 45, 60, result:4|3|||4|6|||4|7|||4|6|||4|9|||5|1|||4|6|||5|1|||4|9|||4|8|||0|||2|||
01-11 16:45:45.900 25732 25986 I SemVolumeMonitor: getOneHourRms: getParameter done
01-11 16:45:45.902  1430  1430 E SurfaceFlinger: Out of order buffers detected for RequestedLayerState{com.instagram.android/com.instagram.android.activity.MainTabActivity$_7224#89853 parentId=89690} producedId=6 frameNumber=18003 -> producedId=6 frameNumber=10499
01-11 16:45:45.903 25732 25986 I ActivityManager: Changes in 10152 19 to 5, 0 to 144
01-11 16:45:45.907  8777 12020 I VolumeMonitorProvider: call() with _method : setVolumeData()
01-11 16:45:45.908  8777 12020 I VolumeMonitorProvider: _arg : 43|46|47|46|49|51|46|51|49|48|0|2|└Ç└Ç└Ç└Ç└Ç└Ç└Ç└Ç└Ç└Ç└Ç└Ç└Ç└Ç└Ç└Ç└Ç└Ç└Ç└Ç└Ç└Ç└Ç└Ç└Ç└Ç└Ç└Ç└Ç└Ç∩┐╜└Ç└Ç└Ç└Ç└Ç└Ç└Ç└Ç└Ç└Ç└Ç└Ç└Ç└Ç∩┐╜└Ç└Ç└Ç└Ç└Ç└Ç└Ç└Ç└Ç└Ç└Ç└Ç└Ç└Ç∩┐╜└Ç└Ç└Ç└Ç└Ç└Ç└Ç└Ç└Ç└Ç└Ç└Ç└Ç└Ç∩┐╜└Ç└Ç└Ç└Ç└Ç└Ç└Ç└Ç└Ç└Ç└Ç└Ç└Ç└Ç∩┐╜└Ç└Ç└Ç└Ç└Ç└Ç└Ç└Ç└Ç└Ç└Ç└Ç└Ç└Ç└Ç└Ç└Ç└Ç└Ç└Ç└Ç└Ç└Ç└Ç└Ç└Ç└Ç└Ç└Ç└Ç└Ç└Ç└Ç└Ç└Ç└Ç└Ç└Ç└Ç└Ç└Ç└Ç└Ç└Ç└Ç└Ç└Ç└Ç└Ç└Ç└Ç└Ç└Ç└Ç└Ç└Ç└Ç└Ç└Ç└Ç└Ç└Ç└Ç└Ç└Ç└Ç└Ç└Ç└Ç└Ç└Ç└Ç└Ç└Ç└Ç└Ç└Ç└Ç└Ç└Ç└Ç└Ç└Ç└Ç└Ç└Ç└Ç└Ç└Ç└Ç└Ç└Ç└Ç└Ç└Ç└Ç└Ç└Ç└Ç└Ç└Ç└Ç└Ç└Ç└Ç└Ç└Ç└Ç└Ç└Ç└Ç└Ç└Ç
01-11 16:45:45.908  8777 12020 I VolumeDataManager: isValidData() : delimiter count is 12
01-11 16:45:45.908  8777 12020 I VolumeDataManager: getWeekOffset() : week is 2
01-11 16:45:45.908  8777 12020 I VolumeDataManager: getRowIndexInUTC() : weekOffset is 672
01-11 16:45:45.909  8777 12020 I VolumeDataManager: getRowIndexInUTC() : dayOffset is 0
01-11 16:45:45.909  8777 12020 I VolumeDataManager: getRowIndexInUTC() : hourOffset is 44
01-11 16:45:45.909  8777 12020 I VolumeDataManager: getRowIndexInUTC() : minute is 15
01-11 16:45:45.909  8777 12020 I VolumeDataManager: getRowIndexInUTC() : minuteOffset is 2
01-11 16:45:45.909  8777 12020 I VolumeDataManager: getRowIndexInUTC() : row index is 718
01-11 16:45:45.910 25732 26024 D BackgroundInstallControlService: Package event received: 0
01-11 16:45:45.910  8777 12020 I VolumeDataManager: decodeData() : update time information is 1964589
01-11 16:45:45.911  7509  7509 I AudioPathManager: loadAudioPath() : loaded audio path is bluetooth (2)
01-11 16:45:45.911  7509  7509 I EffectManager: isSupportDolbyAtmosOnThisAudioPath() : path is bluetooth (2)
01-11 16:45:45.912  7509  7509 I UHQUpscalerManager: isUHQCompatibleBluetooth() : support is 0, mode is 1
01-11 16:45:45.912  7509  7509 I AudioPathManager: loadAudioPath() : loaded audio path is bluetooth (2)
01-11 16:45:45.912  7509  7509 I EffectManager: isSupportVolumeNormalizationOnCurrentAudioPath() : path is bluetooth (2)
01-11 16:45:45.912  7509  7509 I DVFSHelper: isNecessaryToBoostCPU() : isDolbyOn? true, isUHQUpscalerOn? false, isVoiceBoostOn? false, isVolumeNormalizationOn? true
01-11 16:45:45.912  7509  7509 I SemDvfsHyPerManager: acquire hyper - class com.sec.android.app.soundalive.SoundAliveApplication/7509@0, type = -999
01-11 16:45:45.913  8777 12020 I VolumeDataManager: clearRowDataIfNecessary() : row data has cleared, row index is 718, result is 1
01-11 16:45:45.913  7509  7509 I DVFSHelper: acquireBoostingCPU() : cpu is boosting by hint 10004
01-11 16:45:45.915 25608 25637 I HYPER-HAL: [RequestManager.cpp]acquire(): Acquired ID : 28196295  [7509 / 0]    HINT : SOUNDALIVE_DVFS_20_PERCENT    list : [TIMEOUT / 30000] 
01-11 16:45:45.915  8777 12020 I VolumeDataManager: readDataFromQuarterHourTable() : min is 0, max is 0, count is 0, average is 0, listening time is 0, loudness is 0, percentage is 0, loudness time is 0
01-11 16:45:45.915  8777 12020 I VolumeDataManager: readDataFromMiscellaneousTable() : loudness level is 0
01-11 16:45:45.915  8777 12020 I VolumeDataManager: calculateCurrentData() : min is 43, max is 51, count is 10, average is 48, listening time is 60, loudness is 0, percentage is 2, loudness time is 0
01-11 16:45:45.915  8777 12020 I VolumeDataManager: updateCurrentData() : min is 43, max is 51, count is 10, average is 48, listening time is 60, percentage is 2, loudness time is 0
01-11 16:45:45.915  8777 12020 I VolumeDataManager: updateLoudnessLevel() : current loudness is 0
01-11 16:45:45.915  8777 12020 I FeatureUtil: getVolumeMonitorStage() : stage is 2.0
01-11 16:45:45.917  8777 12020 I VolumeDataManager: writeDataToQuarterHourTable() : row index is 718, result is 1
01-11 16:45:45.917  8777 12020 I VolumeDataManager: writeDataToMiscellaneousTable() : result is 1
01-11 16:45:45.918 25732 25986 W AS.AudioExecutor: Slow 231 in com.samsung.android.server.audio.VolumeMonitorService$VolumeMonitorThread$VolumeMonitorHandler.handleMessage:26
01-11 16:45:45.918  1430  1430 E SurfaceFlinger: Out of order buffers detected for RequestedLayerState{com.instagram.android/com.instagram.android.activity.MainTabActivity$_7224#89853 parentId=89690} producedId=6 frameNumber=18003 -> producedId=6 frameNumber=10500
01-11 16:45:45.935  1430  1430 E SurfaceFlinger: Out of order buffers detected for RequestedLayerState{com.instagram.android/com.instagram.android.activity.MainTabActivity$_7224#89853 parentId=89690} producedId=6 frameNumber=18003 -> producedId=6 frameNumber=10501
01-11 16:45:45.952  1430  1430 E SurfaceFlinger: Out of order buffers detected for RequestedLayerState{com.instagram.android/com.instagram.android.activity.MainTabActivity$_7224#89853 parentId=89690} producedId=6 frameNumber=18003 -> producedId=6 frameNumber=10502
01-11 16:45:45.967 27018 27365 I ScanController: onScanResult to scannerId: 1- eventType=0x1b, addressType=1, address=XX:XX:XX:XX:7D:13, primaryPhy=1, secondaryPhy=0, advertisingSid=0xff, txPower=127, rssi=-52, periodicAdvInt=0x0
01-11 16:45:45.968  1430  1430 E SurfaceFlinger: Out of order buffers detected for RequestedLayerState{com.instagram.android/com.instagram.android.activity.MainTabActivity$_7224#89853 parentId=89690} producedId=6 frameNumber=18003 -> producedId=6 frameNumber=10503
01-11 16:45:45.985  1430  1430 E SurfaceFlinger: Out of order buffers detected for RequestedLayerState{com.instagram.android/com.instagram.android.activity.MainTabActivity$_7224#89853 parentId=89690} producedId=6 frameNumber=18003 -> producedId=6 frameNumber=10504
01-11 16:45:46.002  1430  1430 E SurfaceFlinger: Out of order buffers detected for RequestedLayerState{com.instagram.android/com.instagram.android.activity.MainTabActivity$_7224#89853 parentId=89690} producedId=6 frameNumber=18003 -> producedId=6 frameNumber=10505
01-11 16:45:46.018  1430  1430 E SurfaceFlinger: Out of order buffers detected for RequestedLayerState{com.instagram.android/com.instagram.android.activity.MainTabActivity$_7224#89853 parentId=89690} producedId=6 frameNumber=18003 -> producedId=6 frameNumber=10506
01-11 16:45:46.035  1430  1430 E SurfaceFlinger: Out of order buffers detected for RequestedLayerState{com.instagram.android/com.instagram.android.activity.MainTabActivity$_7224#89853 parentId=89690} producedId=6 frameNumber=18003 -> producedId=6 frameNumber=10507
01-11 16:45:46.052  1430  1430 E SurfaceFlinger: Out of order buffers detected for RequestedLayerState{com.instagram.android/com.instagram.android.activity.MainTabActivity$_7224#89853 parentId=89690} producedId=6 frameNumber=18003 -> producedId=6 frameNumber=10508
01-11 16:45:46.069  1430  1430 E SurfaceFlinger: Out of order buffers detected for RequestedLayerState{com.instagram.android/com.instagram.android.activity.MainTabActivity$_7224#89853 parentId=89690} producedId=6 frameNumber=18003 -> producedId=6 frameNumber=10509
01-11 16:45:46.086  1430  1430 E SurfaceFlinger: Out of order buffers detected for RequestedLayerState{com.instagram.android/com.instagram.android.activity.MainTabActivity$_7224#89853 parentId=89690} producedId=6 frameNumber=18003 -> producedId=6 frameNumber=10510
01-11 16:45:46.102  1430  1430 E SurfaceFlinger: Out of order buffers detected for RequestedLayerState{com.instagram.android/com.instagram.android.activity.MainTabActivity$_7224#89853 parentId=89690} producedId=6 frameNumber=18003 -> producedId=6 frameNumber=10511
