01-11 16:45:38.472  1430  1430 E SurfaceFlinger: Out of order buffers detected for RequestedLayerState{com.instagram.android/com.instagram.android.activity.MainTabActivity$_7224#89853 parentId=89690} producedId=6 frameNumber=18003 -> producedId=6 frameNumber=10058
01-11 16:45:38.489  1430  1430 E SurfaceFlinger: Out of order buffers detected for RequestedLayerState{com.instagram.android/com.instagram.android.activity.MainTabActivity$_7224#89853 parentId=89690} producedId=6 frameNumber=18003 -> producedId=6 frameNumber=10059
01-11 16:45:38.500 27018 27365 I ScanController: onScanResult to scannerId: 1- eventType=0x1b, addressType=1, address=XX:XX:XX:XX:7D:13, primaryPhy=1, secondaryPhy=0, advertisingSid=0xff, txPower=127, rssi=-56, periodicAdvInt=0x0
01-11 16:45:38.506  1430  1430 E SurfaceFlinger: Out of order buffers detected for RequestedLayerState{com.instagram.android/com.instagram.android.activity.MainTabActivity$_7224#89853 parentId=89690} producedId=6 frameNumber=18003 -> producedId=6 frameNumber=10060
01-11 16:45:38.516 25732 26071 D SemWifiSwitchForIndividualAppsService: isSkipTcpMonitorInfo - result:2
01-11 16:45:38.522  1430  1430 E SurfaceFlinger: Out of order buffers detected for RequestedLayerState{com.instagram.android/com.instagram.android.activity.MainTabActivity$_7224#89853 parentId=89690} producedId=6 frameNumber=18003 -> producedId=6 frameNumber=10061
01-11 16:45:38.539  1430  1430 E SurfaceFlinger: Out of order buffers detected for RequestedLayerState{com.instagram.android/com.instagram.android.activity.MainTabActivity$_7224#89853 parentId=89690} producedId=6 frameNumber=18003 -> producedId=6 frameNumber=10062
01-11 16:45:38.556  1430  1430 E SurfaceFlinger: Out of order buffers detected for RequestedLayerState{com.instagram.android/com.instagram.android.activity.MainTabActivity$_7224#89853 parentId=89690} producedId=6 frameNumber=18003 -> producedId=6 frameNumber=10063
01-11 16:45:38.571   742   742 D io_stats: !@   8,0 r 57086548 1121127755 w 15370846 261685632 d 4273256 219812748 f 0 1726945 iot 27632780 0 th 0 0 0 pt 0 inp 0 0 280376.409
01-11 16:45:38.572  1430  1430 E SurfaceFlinger: Out of order buffers detected for RequestedLayerState{com.instagram.android/com.instagram.android.activity.MainTabActivity$_7224#89853 parentId=89690} producedId=6 frameNumber=18003 -> producedId=6 frameNumber=10064
01-11 16:45:38.589  1430  1430 E SurfaceFlinger: Out of order buffers detected for RequestedLayerState{com.instagram.android/com.instagram.android.activity.MainTabActivity$_7224#89853 parentId=89690} producedId=6 frameNumber=18003 -> producedId=6 frameNumber=10065
01-11 16:45:38.605  1430  1430 E SurfaceFlinger: Out of order buffers detected for RequestedLayerState{com.instagram.android/com.instagram.android.activity.MainTabActivity$_7224#89853 parentId=89690} producedId=6 frameNumber=18003 -> producedId=6 frameNumber=10066
01-11 16:45:38.622  1430  1430 E SurfaceFlinger: Out of order buffers detected for RequestedLayerState{com.instagram.android/com.instagram.android.activity.MainTabActivity$_7224#89853 parentId=89690} producedId=6 frameNumber=18003 -> producedId=6 frameNumber=10067
01-11 16:45:38.630  5539  5539 I wpa_supplicant: Heartbeat 74
01-11 16:45:38.639  1430  1430 E SurfaceFlinger: Out of order buffers detected for RequestedLayerState{com.instagram.android/com.instagram.android.activity.MainTabActivity$_7224#89853 parentId=89690} producedId=6 frameNumber=18003 -> producedId=6 frameNumber=10068
01-11 16:45:38.656  1430  1430 E SurfaceFlinger: Out of order buffers detected for RequestedLayerState{com.instagram.android/com.instagram.android.activity.MainTabActivity$_7224#89853 parentId=89690} producedId=6 frameNumber=18003 -> producedId=6 frameNumber=10069
01-11 16:45:38.672  1430  1430 E SurfaceFlinger: Out of order buffers detected for RequestedLayerState{com.instagram.android/com.instagram.android.activity.MainTabActivity$_7224#89853 parentId=89690} producedId=6 frameNumber=18003 -> producedId=6 frameNumber=10070
01-11 16:45:38.689  1430  1430 E SurfaceFlinger: Out of order buffers detected for RequestedLayerState{com.instagram.android/com.instagram.android.activity.MainTabActivity$_7224#89853 parentId=89690} producedId=6 frameNumber=18003 -> producedId=6 frameNumber=10071
01-11 16:45:38.705  1430  1430 E SurfaceFlinger: Out of order buffers detected for RequestedLayerState{com.instagram.android/com.instagram.android.activity.MainTabActivity$_7224#89853 parentId=89690} producedId=6 frameNumber=18003 -> producedId=6 frameNumber=10072
01-11 16:45:38.722  1430  1430 E SurfaceFlinger: Out of order buffers detected for RequestedLayerState{com.instagram.android/com.instagram.android.activity.MainTabActivity$_7224#89853 parentId=89690} producedId=6 frameNumber=18003 -> producedId=6 frameNumber=10073
01-11 16:45:38.739  1430  1430 E SurfaceFlinger: Out of order buffers detected for RequestedLayerState{com.instagram.android/com.instagram.android.activity.MainTabActivity$_7224#89853 parentId=89690} producedId=6 frameNumber=18003 -> producedId=6 frameNumber=10074
01-11 16:45:38.756  1430  1430 E SurfaceFlinger: Out of order buffers detected for RequestedLayerState{com.instagram.android/com.instagram.android.activity.MainTabActivity$_7224#89853 parentId=89690} producedId=6 frameNumber=18003 -> producedId=6 frameNumber=10075
01-11 16:45:38.772  1430  1430 E SurfaceFlinger: Out of order buffers detected for RequestedLayerState{com.instagram.android/com.instagram.android.activity.MainTabActivity$_7224#89853 parentId=89690} producedId=6 frameNumber=18003 -> producedId=6 frameNumber=10076
01-11 16:45:38.789  1430  1430 E SurfaceFlinger: Out of order buffers detected for RequestedLayerState{com.instagram.android/com.instagram.android.activity.MainTabActivity$_7224#89853 parentId=89690} producedId=6 frameNumber=18003 -> producedId=6 frameNumber=10077
01-11 16:45:38.806  1430  1430 E SurfaceFlinger: Out of order buffers detected for RequestedLayerState{com.instagram.android/com.instagram.android.activity.MainTabActivity$_7224#89853 parentId=89690} producedId=6 frameNumber=18003 -> producedId=6 frameNumber=10078
01-11 16:45:38.822  1430  1430 E SurfaceFlinger: Out of order buffers detected for RequestedLayerState{com.instagram.android/com.instagram.android.activity.MainTabActivity$_7224#89853 parentId=89690} producedId=6 frameNumber=18003 -> producedId=6 frameNumber=10079
01-11 16:45:38.839  1430  1430 E SurfaceFlinger: Out of order buffers detected for RequestedLayerState{com.instagram.android/com.instagram.android.activity.MainTabActivity$_7224#89853 parentId=89690} producedId=6 frameNumber=18003 -> producedId=6 frameNumber=10080
01-11 16:45:38.856  1430  1430 E SurfaceFlinger: Out of order buffers detected for RequestedLayerState{com.instagram.android/com.instagram.android.activity.MainTabActivity$_7224#89853 parentId=89690} producedId=6 frameNumber=18003 -> producedId=6 frameNumber=10081
01-11 16:45:38.872  1430  1430 E SurfaceFlinger: Out of order buffers detected for RequestedLayerState{com.instagram.android/com.instagram.android.activity.MainTabActivity$_7224#89853 parentId=89690} producedId=6 frameNumber=18003 -> producedId=6 frameNumber=10082
01-11 16:45:38.889  1430  1430 E SurfaceFlinger: Out of order buffers detected for RequestedLayerState{com.instagram.android/com.instagram.android.activity.MainTabActivity$_7224#89853 parentId=89690} producedId=6 frameNumber=18003 -> producedId=6 frameNumber=10083
01-11 16:45:38.905  1430  1430 E SurfaceFlinger: Out of order buffers detected for RequestedLayerState{com.instagram.android/com.instagram.android.activity.MainTabActivity$_7224#89853 parentId=89690} producedId=6 frameNumber=18003 -> producedId=6 frameNumber=10084
01-11 16:45:38.922  1430  1430 E SurfaceFlinger: Out of order buffers detected for RequestedLayerState{com.instagram.android/com.instagram.android.activity.MainTabActivity$_7224#89853 parentId=89690} producedId=6 frameNumber=18003 -> producedId=6 frameNumber=10085
01-11 16:45:38.939  1430  1430 E SurfaceFlinger: Out of order buffers detected for RequestedLayerState{com.instagram.android/com.instagram.android.activity.MainTabActivity$_7224#89853 parentId=89690} producedId=6 frameNumber=18003 -> producedId=6 frameNumber=10086
01-11 16:45:38.956  1430  1430 E SurfaceFlinger: Out of order buffers detected for RequestedLayerState{com.instagram.android/com.instagram.android.activity.MainTabActivity$_7224#89853 parentId=89690} producedId=6 frameNumber=18003 -> producedId=6 frameNumber=10087
01-11 16:45:38.971 16495 16650 V CpEventLog(u0): [P] cp_state: [                 contacts = {contacts=47, raw_contacts=99, data=541, account={secphone(1)=1, secphone(2)=0, sim(4)=1, sim2(5)=0, agg(6)=0, com.microsoft.skydrive(9)=0, samsung(21)=7, com.microsoft.appmanager(27)=0, google(51)=22, google(52)=16, com.samsung.android.spay.coreapps.contacts(56)=0, com.samsung.android.email(58)=0, google(64)=0, com.samsung.android.email(65)=0, google(68)=0, com.samsung.android.email(69)=0, whatsapp(72)=46, com.microsoft.msa.ltw(88)=0, coreapp(144)=6, mobileservice(145)=0}, trash=0, trash_acc={}, trash_sync=0, database=contacts2.db} ]
01-11 16:45:38.971 16495 16650 V CpEventLog(u0): [P] cp_state: [               aggregated = {[1,72,72]=1, [21,72,144]=2, [21,72]=5, [4]=1, [51,72,144]=2, [51,72]=17, [51]=3, [52,72,144]=2, [52,72,72]=2, [52,72]=12} ]
01-11 16:45:38.971 16495 16650 V CpEventLog(u0): [P] cp_state: [                  request = {} ]
01-11 16:45:38.971 16495 16650 V CpEventLog(u0): [P] cp_state: [                    calls = {types={[100]=35, [300]=444, [500]=1, [1000]=1913, [1150]=51, [1250]=56}, database=calllog.db} ]
01-11 16:45:38.971 16495 16650 V CpEventLog(u0): [P] cp_state: [                  profile = {contacts=0, raw_contacts=0, data=0, account={secphone(1)=0, sim(3)=0, sim2(4)=0, agg(5)=0, com.microsoft.skydrive(8)=0, samsung(20)=0, com.microsoft.appmanager(25)=0, google(44)=0, google(45)=0, com.samsung.android.spay.coreapps.contacts(49)=0, com.samsung.android.email(51)=0, google(57)=0, com.samsung.android.email(58)=0, google(59)=0, com.samsung.android.email(60)=0, whatsapp(62)=0, com.microsoft.msa.ltw(74)=0, coreapp(126)=0, mobileservice(127)=0}, trash=0, trash_acc={}, trash_sync=0, database=profile.db} ]
01-11 16:45:38.971 16495 16650 V CpEventLog(u0): [P] cp_state: [               sa_profile = {contacts=1, raw_contacts=1, data=0, account={secphone(1)=1, sim(3)=0, sim2(4)=0, agg(5)=0, com.microsoft.skydrive(8)=0, samsung(20)=0, com.microsoft.appmanager(25)=0, google(44)=0, google(45)=0, com.samsung.android.spay.coreapps.contacts(49)=0, com.samsung.android.email(51)=0, google(57)=0, com.samsung.android.email(58)=0, google(59)=0, com.samsung.android.email(60)=0, whatsapp(62)=0, com.microsoft.msa.ltw(74)=0, coreapp(126)=0, mobileservice(127)=0}, trash=0, trash_acc={}, trash_sync=0, database=profile_sa.db} ]
01-11 16:45:38.971 16495 16650 V CpEventLog(u0): [P] cp_state: [                      etc = {binders=0, country_iso=IN, version=15.6.28, db_version=2000, db_size=0, db_wal_size=0, csc=/INS, sec_enabled=false, is_roaming=false} ]
01-11 16:45:38.971 16495 16650 V CpEventLog(u0): [P] cp_state: ------------------------------------------------------------------------------
01-11 16:45:38.972  1430  1430 E SurfaceFlinger: Out of order buffers detected for RequestedLayerState{com.instagram.android/com.instagram.android.activity.MainTabActivity$_7224#89853 parentId=89690} producedId=6 frameNumber=18003 -> producedId=6 frameNumber=10088
01-11 16:45:38.989  1430  1430 E SurfaceFlinger: Out of order buffers detected for RequestedLayerState{com.instagram.android/com.instagram.android.activity.MainTabActivity$_7224#89853 parentId=89690} producedId=6 frameNumber=18003 -> producedId=6 frameNumber=10089
01-11 16:45:39.006  1430  1430 E SurfaceFlinger: Out of order buffers detected for RequestedLayerState{com.instagram.android/com.instagram.android.activity.MainTabActivity$_7224#89853 parentId=89690} producedId=6 frameNumber=18003 -> producedId=6 frameNumber=10090
01-11 16:45:39.022  1430  1430 E SurfaceFlinger: Out of order buffers detected for RequestedLayerState{com.instagram.android/com.instagram.android.activity.MainTabActivity$_7224#89853 parentId=89690} producedId=6 frameNumber=18003 -> producedId=6 frameNumber=10091
01-11 16:45:39.038  1430  1430 E SurfaceFlinger: Out of order buffers detected for RequestedLayerState{com.instagram.android/com.instagram.android.activity.MainTabActivity$_7224#89853 parentId=89690} producedId=6 frameNumber=18003 -> producedId=6 frameNumber=10092
01-11 16:45:39.056  1430  1430 E SurfaceFlinger: Out of order buffers detected for RequestedLayerState{com.instagram.android/com.instagram.android.activity.MainTabActivity$_7224#89853 parentId=89690} producedId=6 frameNumber=18003 -> producedId=6 frameNumber=10093
01-11 16:45:39.072  1430  1430 E SurfaceFlinger: Out of order buffers detected for RequestedLayerState{com.instagram.android/com.instagram.android.activity.MainTabActivity$_7224#89853 parentId=89690} producedId=6 frameNumber=18003 -> producedId=6 frameNumber=10094
01-11 16:45:39.089  1430  1430 E SurfaceFlinger: Out of order buffers detected for RequestedLayerState{com.instagram.android/com.instagram.android.activity.MainTabActivity$_7224#89853 parentId=89690} producedId=6 frameNumber=18003 -> producedId=6 frameNumber=10095
01-11 16:45:39.105  1430  1430 E SurfaceFlinger: Out of order buffers detected for RequestedLayerState{com.instagram.android/com.instagram.android.activity.MainTabActivity$_7224#89853 parentId=89690} producedId=6 frameNumber=18003 -> producedId=6 frameNumber=10096
01-11 16:45:39.122  1430  1430 E SurfaceFlinger: Out of order buffers detected for RequestedLayerState{com.instagram.android/com.instagram.android.activity.MainTabActivity$_7224#89853 parentId=89690} producedId=6 frameNumber=18003 -> producedId=6 frameNumber=10097
01-11 16:45:39.139  1430  1430 E SurfaceFlinger: Out of order buffers detected for RequestedLayerState{com.instagram.android/com.instagram.android.activity.MainTabActivity$_7224#89853 parentId=89690} producedId=6 frameNumber=18003 -> producedId=6 frameNumber=10098
01-11 16:45:39.155  1430  1430 E SurfaceFlinger: Out of order buffers detected for RequestedLayerState{com.instagram.android/com.instagram.android.activity.MainTabActivity$_7224#89853 parentId=89690} producedId=6 frameNumber=18003 -> producedId=6 frameNumber=10099
01-11 16:45:39.172  1430  1430 E SurfaceFlinger: Out of order buffers detected for RequestedLayerState{com.instagram.android/com.instagram.android.activity.MainTabActivity$_7224#89853 parentId=89690} producedId=6 frameNumber=18003 -> producedId=6 frameNumber=10100
01-11 16:45:39.189  1430  1430 E SurfaceFlinger: Out of order buffers detected for RequestedLayerState{com.instagram.android/com.instagram.android.activity.MainTabActivity$_7224#89853 parentId=89690} producedId=6 frameNumber=18003 -> producedId=6 frameNumber=10101
01-11 16:45:39.205  1430  1430 E SurfaceFlinger: Out of order buffers detected for RequestedLayerState{com.instagram.android/com.instagram.android.activity.MainTabActivity$_7224#89853 parentId=89690} producedId=6 frameNumber=18003 -> producedId=6 frameNumber=10102
01-11 16:45:39.217  5953 13193 W adbd    : timed out while waiting for FUNCTIONFS_BIND, trying again
01-11 16:45:39.217  5953 13193 I adbd    : UsbFfs: connection terminated: monitor thread finished
01-11 16:45:39.222  1430  1430 E SurfaceFlinger: Out of order buffers detected for RequestedLayerState{com.instagram.android/com.instagram.android.activity.MainTabActivity$_7224#89853 parentId=89690} producedId=6 frameNumber=18003 -> producedId=6 frameNumber=10103
01-11 16:45:39.239  1430  1430 E SurfaceFlinger: Out of order buffers detected for RequestedLayerState{com.instagram.android/com.instagram.android.activity.MainTabActivity$_7224#89853 parentId=89690} producedId=6 frameNumber=18003 -> producedId=6 frameNumber=10104
01-11 16:45:39.255  1430  1430 E SurfaceFlinger: Out of order buffers detected for RequestedLayerState{com.instagram.android/com.instagram.android.activity.MainTabActivity$_7224#89853 parentId=89690} producedId=6 frameNumber=18003 -> producedId=6 frameNumber=10105
01-11 16:45:39.262  5953  5959 I adbd    : opening control endpoint /dev/usb-ffs/adb/ep0
01-11 16:45:39.272  1430  1430 E SurfaceFlinger: Out of order buffers detected for RequestedLayerState{com.instagram.android/com.instagram.android.activity.MainTabActivity$_7224#89853 parentId=89690} producedId=6 frameNumber=18003 -> producedId=6 frameNumber=10106
01-11 16:45:39.289  1430  1430 E SurfaceFlinger: Out of order buffers detected for RequestedLayerState{com.instagram.android/com.instagram.android.activity.MainTabActivity$_7224#89853 parentId=89690} producedId=6 frameNumber=18003 -> producedId=6 frameNumber=10107
01-11 16:45:39.305  1430  1430 E SurfaceFlinger: Out of order buffers detected for RequestedLayerState{com.instagram.android/com.instagram.android.activity.MainTabActivity$_7224#89853 parentId=89690} producedId=6 frameNumber=18003 -> producedId=6 frameNumber=10108
01-11 16:45:39.322  1430  1430 E SurfaceFlinger: Out of order buffers detected for RequestedLayerState{com.instagram.android/com.instagram.android.activity.MainTabActivity$_7224#89853 parentId=89690} producedId=6 frameNumber=18003 -> producedId=6 frameNumber=10109
01-11 16:45:39.338  1430  1430 E SurfaceFlinger: Out of order buffers detected for RequestedLayerState{com.instagram.android/com.instagram.android.activity.MainTabActivity$_7224#89853 parentId=89690} producedId=6 frameNumber=18003 -> producedId=6 frameNumber=10110
01-11 16:45:39.349  1423  1432 E HeatmapThread: ECT Thread time in milliseconds: 1768130139
01-11 16:45:39.349  1423  1432 D HeatmapThread: !@ batteryplugType : 0
01-11 16:45:39.350  1423  1432 D HeatmapThread: !@ batteryLevel : 0  batteryTemperature : 0 
01-11 16:45:39.350  1423  1432 D HeatmapThread: !@ Heatmap currtime: 29468835
01-11 16:45:39.350  1423  1432 D HeatmapThread: !@ Heatmap prevtime: 29468821
01-11 16:45:39.350  1423  1432 D HeatmapThread: !@ Heatmap plugstarttime: 35791394
01-11 16:45:39.350  1423  1432 D HeatmapThread: !@ Heatmap prevv_dsoh_update_time: 29454275
01-11 16:45:39.350  1423  1432 E HeatmapThread: !@Could not open '/efs/FactoryApp/bsoh', errno = 13
01-11 16:45:39.350  1423  1432 E HeatmapThread: !@ CAM Could not access BSOH EFS
01-11 16:45:39.350  1423  1432 E HeatmapThread: !@ CAM New BSOH: 0
01-11 16:45:39.355  1430  1430 E SurfaceFlinger: Out of order buffers detected for RequestedLayerState{com.instagram.android/com.instagram.android.activity.MainTabActivity$_7224#89853 parentId=89690} producedId=6 frameNumber=18003 -> producedId=6 frameNumber=10111
01-11 16:45:39.374 25732 27152 I NSLocationMonitor: getGPSUsingApps() called
01-11 16:45:39.375 27121 18383 I NSLocationManager_FLP: getGPSUsingApps, No change
01-11 16:45:39.379 25732 27152 W Binder  : Outgoing transactions from this process must be FLAG_ONEWAY
01-11 16:45:39.379 25732 27152 W Binder  : java.lang.Throwable
01-11 16:45:39.379 25732 27152 W Binder  : 	at android.os.BinderProxy.transact(BinderProxy.java:566)
01-11 16:45:39.379 25732 27152 W Binder  : 	at android.bluetooth.IBluetoothGatt$Stub$Proxy.getAdvertisingSetUids(IBluetoothGatt.java:1678)
01-11 16:45:39.379 25732 27152 W Binder  : 	at android.bluetooth.BluetoothAdapter.getAdvertisingSetUids(BluetoothAdapter.java:8476)
01-11 16:45:39.379 25732 27152 W Binder  : 	at android.bluetooth.BluetoothAdapter.getHWUsingApps(BluetoothAdapter.java:1342)
01-11 16:45:39.379 25732 27152 W Binder  : 	at com.android.server.am.mars.filter.filter.BlueToothConnectedFilter.updateBTUsingPackages(qb/103309342 d3a9aaeb17de85559c2bb05eb2bf3cd0e97dea924f4272a975e9341d824bfa51:22)
01-11 16:45:39.379 25732 27152 W Binder  : 	at com.android.server.am.FreecessController.freeze(qb/103309342 d3a9aaeb17de85559c2bb05eb2bf3cd0e97dea924f4272a975e9341d824bfa51:117)
01-11 16:45:39.379 25732 27152 W Binder  : 	at com.android.server.am.FreecessHandler$MainHandler.handleLcdOnFreeze(qb/103309342 d3a9aaeb17de85559c2bb05eb2bf3cd0e97dea924f4272a975e9341d824bfa51:55)
01-11 16:45:39.379 25732 27152 W Binder  : 	at com.android.server.am.FreecessHandler$MainHandler.handleMessage(qb/103309342 d3a9aaeb17de85559c2bb05eb2bf3cd0e97dea924f4272a975e9341d824bfa51:793)
01-11 16:45:39.379 25732 27152 W Binder  : 	at android.os.Handler.dispatchMessage(Handler.java:110)
01-11 16:45:39.379 25732 27152 W Binder  : 	at android.os.Looper.loopOnce(Looper.java:273)
01-11 16:45:39.379 25732 27152 W Binder  : 	at android.os.Looper.loop(Looper.java:363)
01-11 16:45:39.379 25732 27152 W Binder  : 	at android.os.HandlerThread.run(HandlerThread.java:85)
01-11 16:45:39.389  1430  1430 E SurfaceFlinger: Out of order buffers detected for RequestedLayerState{com.instagram.android/com.instagram.android.activity.MainTabActivity$_7224#89853 parentId=89690} producedId=6 frameNumber=18003 -> producedId=6 frameNumber=10112
01-11 16:45:39.399 25732 27152 D FreecessHandler: freeze com.instagram.android(10330) result : 33
01-11 16:45:39.405  1430  1430 E SurfaceFlinger: Out of order buffers detected for RequestedLayerState{com.instagram.android/com.instagram.android.activity.MainTabActivity$_7224#89853 parentId=89690} producedId=6 frameNumber=18003 -> producedId=6 frameNumber=10113
01-11 16:45:39.422  1430  1430 E SurfaceFlinger: Out of order buffers detected for RequestedLayerState{com.instagram.android/com.instagram.android.activity.MainTabActivity$_7224#89853 parentId=89690} producedId=6 frameNumber=18003 -> producedId=6 frameNumber=10114
01-11 16:45:39.438  1430  1430 E SurfaceFlinger: Out of order buffers detected for RequestedLayerState{com.instagram.android/com.instagram.android.activity.MainTabActivity$_7224#89853 parentId=89690} producedId=6 frameNumber=18003 -> producedId=6 frameNumber=10115
01-11 16:45:39.455  1430  1430 E SurfaceFlinger: Out of order buffers detected for RequestedLayerState{com.instagram.android/com.instagram.android.activity.MainTabActivity$_7224#89853 parentId=89690} producedId=6 frameNumber=18003 -> producedId=6 frameNumber=10116
01-11 16:45:39.472  1430  1430 E SurfaceFlinger: Out of order buffers detected for RequestedLayerState{com.instagram.android/com.instagram.android.activity.MainTabActivity$_7224#89853 parentId=89690} producedId=6 frameNumber=18003 -> producedId=6 frameNumber=10117
01-11 16:45:39.488  1430  1430 E SurfaceFlinger: Out of order buffers detected for RequestedLayerState{com.instagram.android/com.instagram.android.activity.MainTabActivity$_7224#89853 parentId=89690} producedId=6 frameNumber=18003 -> producedId=6 frameNumber=10118
01-11 16:45:39.505  1430  1430 E SurfaceFlinger: Out of order buffers detected for RequestedLayerState{com.instagram.android/com.instagram.android.activity.MainTabActivity$_7224#89853 parentId=89690} producedId=6 frameNumber=18003 -> producedId=6 frameNumber=10119
01-11 16:45:39.522  1430  1430 E SurfaceFlinger: Out of order buffers detected for RequestedLayerState{com.instagram.android/com.instagram.android.activity.MainTabActivity$_7224#89853 parentId=89690} producedId=6 frameNumber=18003 -> producedId=6 frameNumber=10120
01-11 16:45:39.538 25732 26071 D SemWifiSwitchForIndividualAppsService: isSkipTcpMonitorInfo - result:2
01-11 16:45:39.538  1430  1430 E SurfaceFlinger: Out of order buffers detected for RequestedLayerState{com.instagram.android/com.instagram.android.activity.MainTabActivity$_7224#89853 parentId=89690} producedId=6 frameNumber=18003 -> producedId=6 frameNumber=10121
01-11 16:45:39.555  1430  1430 E SurfaceFlinger: Out of order buffers detected for RequestedLayerState{com.instagram.android/com.instagram.android.activity.MainTabActivity$_7224#89853 parentId=89690} producedId=6 frameNumber=18003 -> producedId=6 frameNumber=10122
01-11 16:45:39.572  1430  1430 E SurfaceFlinger: Out of order buffers detected for RequestedLayerState{com.instagram.android/com.instagram.android.activity.MainTabActivity$_7224#89853 parentId=89690} producedId=6 frameNumber=18003 -> producedId=6 frameNumber=10123
01-11 16:45:39.589  1430  1430 E SurfaceFlinger: Out of order buffers detected for RequestedLayerState{com.instagram.android/com.instagram.android.activity.MainTabActivity$_7224#89853 parentId=89690} producedId=6 frameNumber=18003 -> producedId=6 frameNumber=10124
01-11 16:45:39.605  1430  1430 E SurfaceFlinger: Out of order buffers detected for RequestedLayerState{com.instagram.android/com.instagram.android.activity.MainTabActivity$_7224#89853 parentId=89690} producedId=6 frameNumber=18003 -> producedId=6 frameNumber=10125
01-11 16:45:39.622  1430  1430 E SurfaceFlinger: Out of order buffers detected for RequestedLayerState{com.instagram.android/com.instagram.android.activity.MainTabActivity$_7224#89853 parentId=89690} producedId=6 frameNumber=18003 -> producedId=6 frameNumber=10126
01-11 16:45:39.638  1430  1430 E SurfaceFlinger: Out of order buffers detected for RequestedLayerState{com.instagram.android/com.instagram.android.activity.MainTabActivity$_7224#89853 parentId=89690} producedId=6 frameNumber=18003 -> producedId=6 frameNumber=10127
01-11 16:45:39.655  1430  1430 E SurfaceFlinger: Out of order buffers detected for RequestedLayerState{com.instagram.android/com.instagram.android.activity.MainTabActivity$_7224#89853 parentId=89690} producedId=6 frameNumber=18003 -> producedId=6 frameNumber=10128
01-11 16:45:39.672  1430  1430 E SurfaceFlinger: Out of order buffers detected for RequestedLayerState{com.instagram.android/com.instagram.android.activity.MainTabActivity$_7224#89853 parentId=89690} producedId=6 frameNumber=18003 -> producedId=6 frameNumber=10129
01-11 16:45:39.688  1430  1430 E SurfaceFlinger: Out of order buffers detected for RequestedLayerState{com.instagram.android/com.instagram.android.activity.MainTabActivity$_7224#89853 parentId=89690} producedId=6 frameNumber=18003 -> producedId=6 frameNumber=10130
01-11 16:45:39.705  1430  1430 E SurfaceFlinger: Out of order buffers detected for RequestedLayerState{com.instagram.android/com.instagram.android.activity.MainTabActivity$_7224#89853 parentId=89690} producedId=6 frameNumber=18003 -> producedId=6 frameNumber=10131
01-11 16:45:39.721  1430  1430 E SurfaceFlinger: Out of order buffers detected for RequestedLayerState{com.instagram.android/com.instagram.android.activity.MainTabActivity$_7224#89853 parentId=89690} producedId=6 frameNumber=18003 -> producedId=6 frameNumber=10132
01-11 16:45:39.738  1430  1430 E SurfaceFlinger: Out of order buffers detected for RequestedLayerState{com.instagram.android/com.instagram.android.activity.MainTabActivity$_7224#89853 parentId=89690} producedId=6 frameNumber=18003 -> producedId=6 frameNumber=10133
01-11 16:45:39.755  1430  1430 E SurfaceFlinger: Out of order buffers detected for RequestedLayerState{com.instagram.android/com.instagram.android.activity.MainTabActivity$_7224#89853 parentId=89690} producedId=6 frameNumber=18003 -> producedId=6 frameNumber=10134
01-11 16:45:39.772  1430  1430 E SurfaceFlinger: Out of order buffers detected for RequestedLayerState{com.instagram.android/com.instagram.android.activity.MainTabActivity$_7224#89853 parentId=89690} producedId=6 frameNumber=18003 -> producedId=6 frameNumber=10135
01-11 16:45:39.788  1430  1430 E SurfaceFlinger: Out of order buffers detected for RequestedLayerState{com.instagram.android/com.instagram.android.activity.MainTabActivity$_7224#89853 parentId=89690} producedId=6 frameNumber=18003 -> producedId=6 frameNumber=10136
01-11 16:45:39.805  1430  1430 E SurfaceFlinger: Out of order buffers detected for RequestedLayerState{com.instagram.android/com.instagram.android.activity.MainTabActivity$_7224#89853 parentId=89690} producedId=6 frameNumber=18003 -> producedId=6 frameNumber=10137
01-11 16:45:39.821  1430  1430 E SurfaceFlinger: Out of order buffers detected for RequestedLayerState{com.instagram.android/com.instagram.android.activity.MainTabActivity$_7224#89853 parentId=89690} producedId=6 frameNumber=18003 -> producedId=6 frameNumber=10138
01-11 16:45:39.838  1430  1430 E SurfaceFlinger: Out of order buffers detected for RequestedLayerState{com.instagram.android/com.instagram.android.activity.MainTabActivity$_7224#89853 parentId=89690} producedId=6 frameNumber=18003 -> producedId=6 frameNumber=10139
01-11 16:45:39.855  1430  1430 E SurfaceFlinger: Out of order buffers detected for RequestedLayerState{com.instagram.android/com.instagram.android.activity.MainTabActivity$_7224#89853 parentId=89690} producedId=6 frameNumber=18003 -> producedId=6 frameNumber=10140
01-11 16:45:39.872  1430  1430 E SurfaceFlinger: Out of order buffers detected for RequestedLayerState{com.instagram.android/com.instagram.android.activity.MainTabActivity$_7224#89853 parentId=89690} producedId=6 frameNumber=18003 -> producedId=6 frameNumber=10141
01-11 16:45:39.889  1430  1430 E SurfaceFlinger: Out of order buffers detected for RequestedLayerState{com.instagram.android/com.instagram.android.activity.MainTabActivity$_7224#89853 parentId=89690} producedId=6 frameNumber=18003 -> producedId=6 frameNumber=10142
01-11 16:45:39.898  7509  7509 I AudioPathManager: loadAudioPath() : loaded audio path is bluetooth (2)
01-11 16:45:39.898  7509  7509 I EffectManager: isSupportDolbyAtmosOnThisAudioPath() : path is bluetooth (2)
01-11 16:45:39.898  7509  7509 I UHQUpscalerManager: isUHQCompatibleBluetooth() : support is 0, mode is 1
01-11 16:45:39.898  7509  7509 I AudioPathManager: loadAudioPath() : loaded audio path is bluetooth (2)
01-11 16:45:39.898  7509  7509 I EffectManager: isSupportVolumeNormalizationOnCurrentAudioPath() : path is bluetooth (2)
01-11 16:45:39.898  7509  7509 I DVFSHelper: isNecessaryToBoostCPU() : isDolbyOn? true, isUHQUpscalerOn? false, isVoiceBoostOn? false, isVolumeNormalizationOn? true
01-11 16:45:39.905  1430  1430 E SurfaceFlinger: Out of order buffers detected for RequestedLayerState{com.instagram.android/com.instagram.android.activity.MainTabActivity$_7224#89853 parentId=89690} producedId=6 frameNumber=18003 -> producedId=6 frameNumber=10143
01-11 16:45:39.922  1430  1430 E SurfaceFlinger: Out of order buffers detected for RequestedLayerState{com.instagram.android/com.instagram.android.activity.MainTabActivity$_7224#89853 parentId=89690} producedId=6 frameNumber=18003 -> producedId=6 frameNumber=10144
01-11 16:45:39.939  1430  1430 E SurfaceFlinger: Out of order buffers detected for RequestedLayerState{com.instagram.android/com.instagram.android.activity.MainTabActivity$_7224#89853 parentId=89690} producedId=6 frameNumber=18003 -> producedId=6 frameNumber=10145
01-11 16:45:39.955  1430  1430 E SurfaceFlinger: Out of order buffers detected for RequestedLayerState{com.instagram.android/com.instagram.android.activity.MainTabActivity$_7224#89853 parentId=89690} producedId=6 frameNumber=18003 -> producedId=6 frameNumber=10146
01-11 16:45:39.971  1430  1430 E SurfaceFlinger: Out of order buffers detected for RequestedLayerState{com.instagram.android/com.instagram.android.activity.MainTabActivity$_7224#89853 parentId=89690} producedId=6 frameNumber=18003 -> producedId=6 frameNumber=10147
01-11 16:45:39.988  1430  1430 E SurfaceFlinger: Out of order buffers detected for RequestedLayerState{com.instagram.android/com.instagram.android.activity.MainTabActivity$_7224#89853 parentId=89690} producedId=6 frameNumber=18003 -> producedId=6 frameNumber=10148
01-11 16:45:40.005  1430  1430 E SurfaceFlinger: Out of order buffers detected for RequestedLayerState{com.instagram.android/com.instagram.android.activity.MainTabActivity$_7224#89853 parentId=89690} producedId=6 frameNumber=18003 -> producedId=6 frameNumber=10149
01-11 16:45:40.022  1430  1430 E SurfaceFlinger: Out of order buffers detected for RequestedLayerState{com.instagram.android/com.instagram.android.activity.MainTabActivity$_7224#89853 parentId=89690} producedId=6 frameNumber=18003 -> producedId=6 frameNumber=10150
01-11 16:45:40.038  1430  1430 E SurfaceFlinger: Out of order buffers detected for RequestedLayerState{com.instagram.android/com.instagram.android.activity.MainTabActivity$_7224#89853 parentId=89690} producedId=6 frameNumber=18003 -> producedId=6 frameNumber=10151
01-11 16:45:40.055  1430  1430 E SurfaceFlinger: Out of order buffers detected for RequestedLayerState{com.instagram.android/com.instagram.android.activity.MainTabActivity$_7224#89853 parentId=89690} producedId=6 frameNumber=18003 -> producedId=6 frameNumber=10152
01-11 16:45:40.071  1430  1430 E SurfaceFlinger: Out of order buffers detected for RequestedLayerState{com.instagram.android/com.instagram.android.activity.MainTabActivity$_7224#89853 parentId=89690} producedId=6 frameNumber=18003 -> producedId=6 frameNumber=10153
01-11 16:45:40.088  1430  1430 E SurfaceFlinger: Out of order buffers detected for RequestedLayerState{com.instagram.android/com.instagram.android.activity.MainTabActivity$_7224#89853 parentId=89690} producedId=6 frameNumber=18003 -> producedId=6 frameNumber=10154
01-11 16:45:40.105  1430  1430 E SurfaceFlinger: Out of order buffers detected for RequestedLayerState{com.instagram.android/com.instagram.android.activity.MainTabActivity$_7224#89853 parentId=89690} producedId=6 frameNumber=18003 -> producedId=6 frameNumber=10155
01-11 16:45:40.122  1430  1430 E SurfaceFlinger: Out of order buffers detected for RequestedLayerState{com.instagram.android/com.instagram.android.activity.MainTabActivity$_7224#89853 parentId=89690} producedId=6 frameNumber=18003 -> producedId=6 frameNumber=10156
01-11 16:45:40.138  1430  1430 E SurfaceFlinger: Out of order buffers detected for RequestedLayerState{com.instagram.android/com.instagram.android.activity.MainTabActivity$_7224#89853 parentId=89690} producedId=6 frameNumber=18003 -> producedId=6 frameNumber=10157
01-11 16:45:40.155  1430  1430 E SurfaceFlinger: Out of order buffers detected for RequestedLayerState{com.instagram.android/com.instagram.android.activity.MainTabActivity$_7224#89853 parentId=89690} producedId=6 frameNumber=18003 -> producedId=6 frameNumber=10158
01-11 16:45:40.172  1430  1430 E SurfaceFlinger: Out of order buffers detected for RequestedLayerState{com.instagram.android/com.instagram.android.activity.MainTabActivity$_7224#89853 parentId=89690} producedId=6 frameNumber=18003 -> producedId=6 frameNumber=10159
01-11 16:45:40.188  1430  1430 E SurfaceFlinger: Out of order buffers detected for RequestedLayerState{com.instagram.android/com.instagram.android.activity.MainTabActivity$_7224#89853 parentId=89690} producedId=6 frameNumber=18003 -> producedId=6 frameNumber=10160
01-11 16:45:40.205  1430  1430 E SurfaceFlinger: Out of order buffers detected for RequestedLayerState{com.instagram.android/com.instagram.android.activity.MainTabActivity$_7224#89853 parentId=89690} producedId=6 frameNumber=18003 -> producedId=6 frameNumber=10161
01-11 16:45:40.221  1430  1430 E SurfaceFlinger: Out of order buffers detected for RequestedLayerState{com.instagram.android/com.instagram.android.activity.MainTabActivity$_7224#89853 parentId=89690} producedId=6 frameNumber=18003 -> producedId=6 frameNumber=10162
01-11 16:45:40.239  1430  1430 E SurfaceFlinger: Out of order buffers detected for RequestedLayerState{com.instagram.android/com.instagram.android.activity.MainTabActivity$_7224#89853 parentId=89690} producedId=6 frameNumber=18003 -> producedId=6 frameNumber=10163
01-11 16:45:40.255  1430  1430 E SurfaceFlinger: Out of order buffers detected for RequestedLayerState{com.instagram.android/com.instagram.android.activity.MainTabActivity$_7224#89853 parentId=89690} producedId=6 frameNumber=18003 -> producedId=6 frameNumber=10164
01-11 16:45:40.268  5953 13196 W adbd    : timed out while waiting for FUNCTIONFS_BIND, trying again
01-11 16:45:40.268  5953 13196 I adbd    : UsbFfs: connection terminated: monitor thread finished
01-11 16:45:40.271  1430  1430 E SurfaceFlinger: Out of order buffers detected for RequestedLayerState{com.instagram.android/com.instagram.android.activity.MainTabActivity$_7224#89853 parentId=89690} producedId=6 frameNumber=18003 -> producedId=6 frameNumber=10165
01-11 16:45:40.288  1430  1430 E SurfaceFlinger: Out of order buffers detected for RequestedLayerState{com.instagram.android/com.instagram.android.activity.MainTabActivity$_7224#89853 parentId=89690} producedId=6 frameNumber=18003 -> producedId=6 frameNumber=10166
01-11 16:45:40.305  1430  1430 E SurfaceFlinger: Out of order buffers detected for RequestedLayerState{com.instagram.android/com.instagram.android.activity.MainTabActivity$_7224#89853 parentId=89690} producedId=6 frameNumber=18003 -> producedId=6 frameNumber=10167
01-11 16:45:40.321  1430  1430 E SurfaceFlinger: Out of order buffers detected for RequestedLayerState{com.instagram.android/com.instagram.android.activity.MainTabActivity$_7224#89853 parentId=89690} producedId=6 frameNumber=18003 -> producedId=6 frameNumber=10168
01-11 16:45:40.326  5953  5959 I adbd    : opening control endpoint /dev/usb-ffs/adb/ep0
01-11 16:45:40.338  1430  1430 E SurfaceFlinger: Out of order buffers detected for RequestedLayerState{com.instagram.android/com.instagram.android.activity.MainTabActivity$_7224#89853 parentId=89690} producedId=6 frameNumber=18003 -> producedId=6 frameNumber=10169
01-11 16:45:40.350  1423  1432 E HeatmapThread: ECT Thread time in milliseconds: 1768130140
01-11 16:45:40.350  1423  1432 D HeatmapThread: !@ batteryplugType : 0
01-11 16:45:40.350  1423  1432 D HeatmapThread: !@ batteryLevel : 0  batteryTemperature : 0 
01-11 16:45:40.350  1423  1432 D HeatmapThread: !@ Heatmap currtime: 29468835
01-11 16:45:40.350  1423  1432 D HeatmapThread: !@ Heatmap prevtime: 29468821
01-11 16:45:40.350  1423  1432 D HeatmapThread: !@ Heatmap plugstarttime: 35791394
01-11 16:45:40.350  1423  1432 D HeatmapThread: !@ Heatmap prevv_dsoh_update_time: 29454275
01-11 16:45:40.350  1423  1432 E HeatmapThread: !@Could not open '/efs/FactoryApp/bsoh', errno = 13
01-11 16:45:40.350  1423  1432 E HeatmapThread: !@ CAM Could not access BSOH EFS
01-11 16:45:40.350  1423  1432 E HeatmapThread: !@ CAM New BSOH: 0
01-11 16:45:40.354  1430  1430 E SurfaceFlinger: Out of order buffers detected for RequestedLayerState{com.instagram.android/com.instagram.android.activity.MainTabActivity$_7224#89853 parentId=89690} producedId=6 frameNumber=18003 -> producedId=6 frameNumber=10170
01-11 16:45:40.371  1430  1430 E SurfaceFlinger: Out of order buffers detected for RequestedLayerState{com.instagram.android/com.instagram.android.activity.MainTabActivity$_7224#89853 parentId=89690} producedId=6 frameNumber=18003 -> producedId=6 frameNumber=10171
01-11 16:45:40.388  1430  1430 E SurfaceFlinger: Out of order buffers detected for RequestedLayerState{com.instagram.android/com.instagram.android.activity.MainTabActivity$_7224#89853 parentId=89690} producedId=6 frameNumber=18003 -> producedId=6 frameNumber=10172
01-11 16:45:40.404  1430  1430 E SurfaceFlinger: Out of order buffers detected for RequestedLayerState{com.instagram.android/com.instagram.android.activity.MainTabActivity$_7224#89853 parentId=89690} producedId=6 frameNumber=18003 -> producedId=6 frameNumber=10173
01-11 16:45:40.422  1430  1430 E SurfaceFlinger: Out of order buffers detected for RequestedLayerState{com.instagram.android/com.instagram.android.activity.MainTabActivity$_7224#89853 parentId=89690} producedId=6 frameNumber=18003 -> producedId=6 frameNumber=10174
01-11 16:45:40.438  1430  1430 E SurfaceFlinger: Out of order buffers detected for RequestedLayerState{com.instagram.android/com.instagram.android.activity.MainTabActivity$_7224#89853 parentId=89690} producedId=6 frameNumber=18003 -> producedId=6 frameNumber=10175
01-11 16:45:40.455  1430  1430 E SurfaceFlinger: Out of order buffers detected for RequestedLayerState{com.instagram.android/com.instagram.android.activity.MainTabActivity$_7224#89853 parentId=89690} producedId=6 frameNumber=18003 -> producedId=6 frameNumber=10176
01-11 16:45:40.471  1430  1430 E SurfaceFlinger: Out of order buffers detected for RequestedLayerState{com.instagram.android/com.instagram.android.activity.MainTabActivity$_7224#89853 parentId=89690} producedId=6 frameNumber=18003 -> producedId=6 frameNumber=10177
01-11 16:45:40.482 27018 27365 I ScanController: onScanResult to scannerId: 9- eventType=0x10, addressType=1, address=XX:XX:XX:XX:B5:17, primaryPhy=1, secondaryPhy=0, advertisingSid=0xff, txPower=127, rssi=-71, periodicAdvInt=0x0
01-11 16:45:40.484 27018 27365 I ScanController: onScanResult to scannerId: 1- eventType=0x1b, addressType=1, address=XX:XX:XX:XX:7D:13, primaryPhy=1, secondaryPhy=0, advertisingSid=0xff, txPower=127, rssi=-53, periodicAdvInt=0x0
01-11 16:45:40.488  1430  1430 E SurfaceFlinger: Out of order buffers detected for RequestedLayerState{com.instagram.android/com.instagram.android.activity.MainTabActivity$_7224#89853 parentId=89690} producedId=6 frameNumber=18003 -> producedId=6 frameNumber=10178
01-11 16:45:40.504  1430  1430 E SurfaceFlinger: Out of order buffers detected for RequestedLayerState{com.instagram.android/com.instagram.android.activity.MainTabActivity$_7224#89853 parentId=89690} producedId=6 frameNumber=18003 -> producedId=6 frameNumber=10179
01-11 16:45:40.521  1430  1430 E SurfaceFlinger: Out of order buffers detected for RequestedLayerState{com.instagram.android/com.instagram.android.activity.MainTabActivity$_7224#89853 parentId=89690} producedId=6 frameNumber=18003 -> producedId=6 frameNumber=10180
01-11 16:45:40.538  1430  1430 E SurfaceFlinger: Out of order buffers detected for RequestedLayerState{com.instagram.android/com.instagram.android.activity.MainTabActivity$_7224#89853 parentId=89690} producedId=6 frameNumber=18003 -> producedId=6 frameNumber=10181
01-11 16:45:40.555  1430  1430 E SurfaceFlinger: Out of order buffers detected for RequestedLayerState{com.instagram.android/com.instagram.android.activity.MainTabActivity$_7224#89853 parentId=89690} producedId=6 frameNumber=18003 -> producedId=6 frameNumber=10182
01-11 16:45:40.571  1430  1430 E SurfaceFlinger: Out of order buffers detected for RequestedLayerState{com.instagram.android/com.instagram.android.activity.MainTabActivity$_7224#89853 parentId=89690} producedId=6 frameNumber=18003 -> producedId=6 frameNumber=10183
01-11 16:45:40.572   742   742 D io_stats: !@   8,0 r 57086592 1121127983 w 15371234 261694152 d 4273256 219812748 f 0 1726945 iot 27632924 0 th 0 0 0 pt 0 inp 0 0 280378.410
01-11 16:45:40.572   742   742 D io_stats: !@ Read_top(KB): kworker/u16:3(12441) 144 ung.android.mdx(13155) 84
01-11 16:45:40.573   742   742 D io_stats: !@ Write_top(KB): kworker/u16:3(12441) 8520 system_server(25732) 212 soft.appmanager(22759) 28
01-11 16:45:40.588  1430  1430 E SurfaceFlinger: Out of order buffers detected for RequestedLayerState{com.instagram.android/com.instagram.android.activity.MainTabActivity$_7224#89853 parentId=89690} producedId=6 frameNumber=18003 -> producedId=6 frameNumber=10184
01-11 16:45:40.604  1430  1430 E SurfaceFlinger: Out of order buffers detected for RequestedLayerState{com.instagram.android/com.instagram.android.activity.MainTabActivity$_7224#89853 parentId=89690} producedId=6 frameNumber=18003 -> producedId=6 frameNumber=10185
01-11 16:45:40.621  1430  1430 E SurfaceFlinger: Out of order buffers detected for RequestedLayerState{com.instagram.android/com.instagram.android.activity.MainTabActivity$_7224#89853 parentId=89690} producedId=6 frameNumber=18003 -> producedId=6 frameNumber=10186
01-11 16:45:40.638  1430  1430 E SurfaceFlinger: Out of order buffers detected for RequestedLayerState{com.instagram.android/com.instagram.android.activity.MainTabActivity$_7224#89853 parentId=89690} producedId=6 frameNumber=18003 -> producedId=6 frameNumber=10187
01-11 16:45:40.654  1430  1430 E SurfaceFlinger: Out of order buffers detected for RequestedLayerState{com.instagram.android/com.instagram.android.activity.MainTabActivity$_7224#89853 parentId=89690} producedId=6 frameNumber=18003 -> producedId=6 frameNumber=10188
01-11 16:45:40.655 27018 27365 I ScanController: onScanResult to scannerId: 1- eventType=0x1b, addressType=1, address=XX:XX:XX:XX:7D:13, primaryPhy=1, secondaryPhy=0, advertisingSid=0xff, txPower=127, rssi=-53, periodicAdvInt=0x0
01-11 16:45:40.671  1430  1430 E SurfaceFlinger: Out of order buffers detected for RequestedLayerState{com.instagram.android/com.instagram.android.activity.MainTabActivity$_7224#89853 parentId=89690} producedId=6 frameNumber=18003 -> producedId=6 frameNumber=10189
01-11 16:45:40.688  1430  1430 E SurfaceFlinger: Out of order buffers detected for RequestedLayerState{com.instagram.android/com.instagram.android.activity.MainTabActivity$_7224#89853 parentId=89690} producedId=6 frameNumber=18003 -> producedId=6 frameNumber=10190
01-11 16:45:40.704  1430  1430 E SurfaceFlinger: Out of order buffers detected for RequestedLayerState{com.instagram.android/com.instagram.android.activity.MainTabActivity$_7224#89853 parentId=89690} producedId=6 frameNumber=18003 -> producedId=6 frameNumber=10191
01-11 16:45:40.721  1430  1430 E SurfaceFlinger: Out of order buffers detected for RequestedLayerState{com.instagram.android/com.instagram.android.activity.MainTabActivity$_7224#89853 parentId=89690} producedId=6 frameNumber=18003 -> producedId=6 frameNumber=10192
01-11 16:45:40.738  1430  1430 E SurfaceFlinger: Out of order buffers detected for RequestedLayerState{com.instagram.android/com.instagram.android.activity.MainTabActivity$_7224#89853 parentId=89690} producedId=6 frameNumber=18003 -> producedId=6 frameNumber=10193
01-11 16:45:40.754  1430  1430 E SurfaceFlinger: Out of order buffers detected for RequestedLayerState{com.instagram.android/com.instagram.android.activity.MainTabActivity$_7224#89853 parentId=89690} producedId=6 frameNumber=18003 -> producedId=6 frameNumber=10194
01-11 16:45:40.771  1430  1430 E SurfaceFlinger: Out of order buffers detected for RequestedLayerState{com.instagram.android/com.instagram.android.activity.MainTabActivity$_7224#89853 parentId=89690} producedId=6 frameNumber=18003 -> producedId=6 frameNumber=10195
01-11 16:45:40.788  1430  1430 E SurfaceFlinger: Out of order buffers detected for RequestedLayerState{com.instagram.android/com.instagram.android.activity.MainTabActivity$_7224#89853 parentId=89690} producedId=6 frameNumber=18003 -> producedId=6 frameNumber=10196
01-11 16:45:40.821  1430  1430 E SurfaceFlinger: Out of order buffers detected for RequestedLayerState{com.instagram.android/com.instagram.android.activity.MainTabActivity$_7224#89853 parentId=89690} producedId=6 frameNumber=18003 -> producedId=6 frameNumber=10197
01-11 16:45:40.838  1430  1430 E SurfaceFlinger: Out of order buffers detected for RequestedLayerState{com.instagram.android/com.instagram.android.activity.MainTabActivity$_7224#89853 parentId=89690} producedId=6 frameNumber=18003 -> producedId=6 frameNumber=10198
01-11 16:45:40.854  1430  1430 E SurfaceFlinger: Out of order buffers detected for RequestedLayerState{com.instagram.android/com.instagram.android.activity.MainTabActivity$_7224#89853 parentId=89690} producedId=6 frameNumber=18003 -> producedId=6 frameNumber=10199
01-11 16:45:40.871  1430  1430 E SurfaceFlinger: Out of order buffers detected for RequestedLayerState{com.instagram.android/com.instagram.android.activity.MainTabActivity$_7224#89853 parentId=89690} producedId=6 frameNumber=18003 -> producedId=6 frameNumber=10200
01-11 16:45:40.888  1430  1430 E SurfaceFlinger: Out of order buffers detected for RequestedLayerState{com.instagram.android/com.instagram.android.activity.MainTabActivity$_7224#89853 parentId=89690} producedId=6 frameNumber=18003 -> producedId=6 frameNumber=10201
01-11 16:45:40.904  1430  1430 E SurfaceFlinger: Out of order buffers detected for RequestedLayerState{com.instagram.android/com.instagram.android.activity.MainTabActivity$_7224#89853 parentId=89690} producedId=6 frameNumber=18003 -> producedId=6 frameNumber=10202
01-11 16:45:40.921  1430  1430 E SurfaceFlinger: Out of order buffers detected for RequestedLayerState{com.instagram.android/com.instagram.android.activity.MainTabActivity$_7224#89853 parentId=89690} producedId=6 frameNumber=18003 -> producedId=6 frameNumber=10203
01-11 16:45:40.937  1430  1430 E SurfaceFlinger: Out of order buffers detected for RequestedLayerState{com.instagram.android/com.instagram.android.activity.MainTabActivity$_7224#89853 parentId=89690} producedId=6 frameNumber=18003 -> producedId=6 frameNumber=10204
01-11 16:45:40.954  1430  1430 E SurfaceFlinger: Out of order buffers detected for RequestedLayerState{com.instagram.android/com.instagram.android.activity.MainTabActivity$_7224#89853 parentId=89690} producedId=6 frameNumber=18003 -> producedId=6 frameNumber=10205
01-11 16:45:40.971  1430  1430 E SurfaceFlinger: Out of order buffers detected for RequestedLayerState{com.instagram.android/com.instagram.android.activity.MainTabActivity$_7224#89853 parentId=89690} producedId=6 frameNumber=18003 -> producedId=6 frameNumber=10206
01-11 16:45:40.988  1430  1430 E SurfaceFlinger: Out of order buffers detected for RequestedLayerState{com.instagram.android/com.instagram.android.activity.MainTabActivity$_7224#89853 parentId=89690} producedId=6 frameNumber=18003 -> producedId=6 frameNumber=10207
01-11 16:45:41.004  1430  1430 E SurfaceFlinger: Out of order buffers detected for RequestedLayerState{com.instagram.android/com.instagram.android.activity.MainTabActivity$_7224#89853 parentId=89690} producedId=6 frameNumber=18003 -> producedId=6 frameNumber=10208
01-11 16:45:41.021  1430  1430 E SurfaceFlinger: Out of order buffers detected for RequestedLayerState{com.instagram.android/com.instagram.android.activity.MainTabActivity$_7224#89853 parentId=89690} producedId=6 frameNumber=18003 -> producedId=6 frameNumber=10209
