01-11 16:45:48.897 25732 25775 D BLASTSyncEngine: SyncGroup 2439: Set ready true, caller=com.android.server.wm.BLASTSyncEngine.setReady:32 com.android.server.wm.Transition.applyReady:54 com.android.server.wm.Transition.setReady:72 com.android.server.wm.TransitionController.setReady:6 com.android.server.wm.DisplayContent.executeAppTransition:4 com.android.server.wm.WindowState.performShowLocked:313 
01-11 16:45:48.897 25732 25775 D SurfaceComposerClient: setCornerRadius ## 57a7a4e Splash Screen com.tasktracker.app#89884 cornerRadius=0.000000
01-11 16:45:48.898 25732 25774 I DisplayDeviceRepository: Display device changed render timings: "Built-in Screen", renderFrameRate=60.000004, presentationDeadlineNanos=17666667, appVsyncOffsetNanos=16666667, frameRateOverrides=[{uid=10056 frameRateHz=120.00001}, {uid=10155 frameRateHz=120.00001}, {uid=10330 frameRateHz=120.00001}]
01-11 16:45:48.898  1430  1430 I HWComposer: [4633128672291736000] ActiveConfigToHWC, ID : 3
01-11 16:45:48.898 25732 25775 V WindowManager: SyncGroup 2439: Finished!
01-11 16:45:48.898 25732 25775 V WindowManager: performShowLocked: mDrawState=HAS_DRAWN in Window{57a7a4e u0 Splash Screen com.tasktracker.app}
01-11 16:45:48.898 25732 25775 D WindowManagerServiceExt: updateTaskbarTargetIfNeeded: cn=ComponentInfo{com.tasktracker.app/com.tasktracker.app.MainActivity} occludesParent=true isInSplitScreenMode=false
01-11 16:45:48.898 25732 25775 D ChangeTransitionController: onTransactionReady: TransitionRecord{511ecee id=2439 type=OPEN flags=0x0 c=[
01-11 16:45:48.898 25732 25775 D ChangeTransitionController:    ChangeInfo{73877f6 container=ActivityRecord{51459362 u0 com.instagram.android/.activity.MainTabActivity t564} flags=0x0}
01-11 16:45:48.898 25732 25775 D ChangeTransitionController:    ChangeInfo{5dc37f7 container=Task{6d02bb3 #564 type=standard A=10330:com.instagram.android} flags=0x0}
01-11 16:45:48.898 25732 25775 D ChangeTransitionController:    ChangeInfo{91a787 container=Display{#0 state=ON size=1080x2340 ROTATION_0} flags=0x0}
01-11 16:45:48.898 25732 25775 D ChangeTransitionController:    ChangeInfo{879a6b4 container=Task{b59701c #577 type=standard A=10335:com.tasktracker.app} flags=0x0}
01-11 16:45:48.898 25732 25775 D ChangeTransitionController:    ChangeInfo{fcf02dd container=DefaultTaskDisplayArea_d0@202528998 flags=0x0}
01-11 16:45:48.898 25732 25775 D ChangeTransitionController:    ChangeInfo{1f1be52 container=ActivityRecord{216438159 u0 com.tasktracker.app/.MainActivity t577} flags=0x0}
01-11 16:45:48.898 25732 25775 D ChangeTransitionController: ]
01-11 16:45:48.898 25732 25775 D ChangeTransitionController: }
01-11 16:45:48.898 25732 25775 V WindowManager: Start calculating TransitionInfo based on participants: {ActivityRecord{51459362 u0 com.instagram.android/.activity.MainTabActivity t564}, Task{b59701c #577 type=standard A=10335:com.tasktracker.app}, ActivityRecord{216438159 u0 com.tasktracker.app/.MainActivity t577}}
01-11 16:45:48.898 25732 25775 V WindowManager:   Final targets: [ChangeInfo{879a6b4 container=Task{b59701c #577 type=standard A=10335:com.tasktracker.app} flags=0x10}, ChangeInfo{5dc37f7 container=Task{6d02bb3 #564 type=standard A=10330:com.instagram.android} flags=0x10}]
01-11 16:45:48.898  1430  2042 I SurfaceFlinger: id=89886 createSurf, flag=84004, Transition Root: Task=577#89886
01-11 16:45:48.899  1343  1343 D display : setActiveConfigWithConstraints:: PrimaryDisplay config(3)
01-11 16:45:48.899  1343  1343 I display : Current VRR MODE is 3
01-11 16:45:48.899  1343  1343 I display : setActiveConfigWithConstraints:: HFR match - config: 3, base: 3, try: 1
01-11 16:45:48.899  1343  1343 I display : setActiveConfigWithConstraints::update 1080x2340@120hs
01-11 16:45:48.899  1343  1343 I display : commit modeset : 1080x2340@120hs
01-11 16:45:48.900 25732 25775 I SurfaceControlRegistry: show, t=StartTransaction_SyncId<2439> sc=ActivityRecord{216438159 u0 com.tasktracker.app/.MainActivity t577}, caller=android.view.SurfaceControl$Transaction.show:3557 com.android.server.wm.Transition.onTransactionReady:2048 com.android.server.wm.BLASTSyncEngine$SyncGroup.finishNow:240 com.android.server.wm.BLASTSyncEngine.onSurfacePlacement:263 com.android.server.wm.RootWindowContainer.performSurfacePlacementNoTrace:1083 com.android.server.wm.WindowSurfacePlacer.performSurfacePlacement:166 
01-11 16:45:48.900 25732 25775 D SurfaceComposerClient: setCornerRadius ## Task=564#88545 cornerRadius=0.000000
01-11 16:45:48.900 25732 25775 D SurfaceComposerClient: setCornerRadius ## Task=577#89882 cornerRadius=0.000000
01-11 16:45:48.900 26591  7587 I HoneySpace.Memory-Monitor: current state = 2, didTrim = false
01-11 16:45:48.900 25732 25775 V WindowManager: Calling onTransitionReady: {id=2439 t=OPEN f=0x0 trk=0 r=[0@Point(0, 0)] c=[
01-11 16:45:48.900 25732 25775 V WindowManager:         {WCT{RemoteToken{c7c2eef Task{b59701c #577 type=standard A=10335:com.tasktracker.app}}} m=OPEN f=NONE leash=Surface(name=Task=577)/@0x99a7cc9 sb=Rect(0, 0 - 1080, 2340) eb=Rect(0, 0 - 1080, 2340) epz=Point(1080, 2340) d=0 taskParent=-1 inset=Rect(0, 80 - 0, 51) dim=true},
01-11 16:45:48.900 25732 25775 V WindowManager:         {WCT{RemoteToken{75e6b0a Task{6d02bb3 #564 type=standard A=10330:com.instagram.android}}} m=TO_BACK f=NONE leash=Surface(name=Task=564)/@0xfbf26ac sb=Rect(0, 0 - 1080, 2340) eb=Rect(0, 0 - 1080, 2340) epz=Point(1080, 2340) d=0 taskParent=-1 inset=Rect(0, 80 - 0, 51)}
01-11 16:45:48.900 25732 25775 V WindowManager:     ]}
01-11 16:45:48.900 26183 26288 D StackScroller: onDisplayChanged for predraw skip to 2
01-11 16:45:48.901 25732 25775 D PowerManagerService: [api] setPowerBoost(L) boost:0, durationMs:0, caller (uid: 1000 pid: 25732) <- m() in com.android.server.display.DisplayManagerService$BinderService$$ExternalSyntheticOutline0:1
01-11 16:45:48.901 26183 26183 D DisplayLifecycle: updateDisplay id = 0
01-11 16:45:48.901 25732 28259 D WifiDisplayAdapter: isFitToActiveDisplayLocked : false
01-11 16:45:48.901 25732 25775 D RestrictionPolicy: isScreenCaptureEnabled : ret=true userId=0
01-11 16:45:48.901 25732 25775 D ScreenCapture: [Capture_TEST] : setIsScreenShotBySystem false
01-11 16:45:48.901 25732 25775 I SurfaceComposerClient: captureLayers:childrenOnly:1, sync:1
01-11 16:45:48.901 26183 27120 V WindowManagerShell: onTransitionReady(transaction=110518098697221)
01-11 16:45:48.901 26183 26239 V WindowManagerShell: onTransitionReady (#2439) android.os.BinderProxy@5cffe7f: {id=2439 t=OPEN f=0x0 trk=0 r=[0@Point(0, 0)] c=[
01-11 16:45:48.901 26183 26239 V WindowManagerShell:         {m=OPEN f=NONE leash=Surface(name=Task=577)/@0xe89d27c sb=Rect(0, 0 - 1080, 2340) eb=Rect(0, 0 - 1080, 2340) epz=Point(1080, 2340) d=0 taskParent=-1 inset=Rect(0, 80 - 0, 51) dim=true},
01-11 16:45:48.901 26183 26239 V WindowManagerShell:         {m=TO_BACK f=NONE leash=Surface(name=Task=564)/@0x6b89705 sb=Rect(0, 0 - 1080, 2340) eb=Rect(0, 0 - 1080, 2340) epz=Point(1080, 2340) d=0 taskParent=-1 inset=Rect(0, 80 - 0, 51)}
01-11 16:45:48.901 26183 26239 V WindowManagerShell:     ]}
01-11 16:45:48.901 26183 26239 V ShellDesktopMode: DesktopModeLogger: taskInfo map after processing changes 0
01-11 16:45:48.902 26183 26239 D ShellDesktopMode: DesktopTaskChangeListener: onTaskOpening for taskId=577, displayId=0
01-11 16:45:48.902 13232 13232 I tasktracker.app: Late-enabling -Xcheck:jni
01-11 16:45:48.902 26183 26239 I SurfaceControlRegistry: hide, t=FinishTransaction_SyncId<2439> sc=Task=564, caller=android.view.SurfaceControl$Transaction.hide:3583 com.android.wm.shell.transition.Transitions.dispatchReady:1263 com.android.wm.shell.transition.Transitions.onTransitionReady:251 com.android.wm.shell.transition.Transitions$TransitionPlayerImpl$$ExternalSyntheticLambda0.run:13 android.os.Handler.handleCallback:995 android.os.Handler.dispatchMessage:103 
01-11 16:45:48.902 26183 26239 I SurfaceControlRegistry: show, t=StartTransaction_SyncId<2439> sc=Task=577, caller=android.view.SurfaceControl$Transaction.show:3557 com.android.wm.shell.transition.Transitions.dispatchReady:1279 com.android.wm.shell.transition.Transitions.onTransitionReady:251 com.android.wm.shell.transition.Transitions$TransitionPlayerImpl$$ExternalSyntheticLambda0.run:13 android.os.Handler.handleCallback:995 android.os.Handler.dispatchMessage:103 
01-11 16:45:48.902 26183 26239 I SurfaceControlRegistry: show, t=FinishTransaction_SyncId<2439> sc=Task=577, caller=android.view.SurfaceControl$Transaction.show:3557 com.android.wm.shell.transition.Transitions.dispatchReady:1330 com.android.wm.shell.transition.Transitions.onTransitionReady:251 com.android.wm.shell.transition.Transitions$TransitionPlayerImpl$$ExternalSyntheticLambda0.run:13 android.os.Handler.handleCallback:995 android.os.Handler.dispatchMessage:103 
01-11 16:45:48.902 26183 26239 V WindowManagerShell: Playing animation for (#2439) android.os.BinderProxy@5cffe7f@0
01-11 16:45:48.902 26183 26239 I SurfaceControlRegistry: show, t=StartTransaction_SyncId<2439> sc=Transition Root: Task=577, caller=android.view.SurfaceControl$Transaction.show:3557 com.android.wm.shell.transition.Transitions.playTransition:79 com.android.wm.shell.transition.Transitions.processReadyQueue:239 com.android.wm.shell.transition.Transitions.dispatchReady:1352 com.android.wm.shell.transition.Transitions.onTransitionReady:251 com.android.wm.shell.transition.Transitions$TransitionPlayerImpl$$ExternalSyntheticLambda0.run:13 
01-11 16:45:48.902 26183 26239 V ShellRecents: RecentsTransitionHandler.startAnimation: no controller found
01-11 16:45:48.902 26183 26239 V ShellDesktopMode: DesktopMixedTransitionHandler: No pending desktop transition
01-11 16:45:48.902 26183 26239 V WindowManagerShell: Transition doesn't have explicit remote, search filters for match for {id=2439 t=OPEN f=0x0 trk=0 r=[0@Point(0, 0)] c=[{m=OPEN f=NONE leash=Surface(name=Task=577)/@0xe89d27c sb=Rect(0, 0 - 1080, 2340) eb=Rect(0, 0 - 1080, 2340) epz=Point(1080, 2340) d=0 taskParent=-1 inset=Rect(0, 80 - 0, 51) dim=true},{m=TO_BACK f=NONE leash=Surface(name=Task=564)/@0x6b89705 sb=Rect(0, 0 - 1080, 2340) eb=Rect(0, 0 - 1080, 2340) epz=Point(1080, 2340) d=0 taskParent=-1 inset=Rect(0, 80 - 0, 51)}]}
01-11 16:45:48.902 26183 26239 V WindowManagerShell:  Checking filter Pair{{types=[] flags=0x0] notFlags=0x100 checks=[{atype=home independent=true modes=[OPEN,TO_FRONT] flags=NONE mustBeTask=false order=TOP topActivity=ComponentInfo{com.sec.android.app.launcher/com.sec.android.app.launcher.Launcher} launchCookie=null windowingMode=undefined},{atype=recents independent=true modes=[CLOSE,TO_BACK] flags=NONE mustBeTask=false order=ANY topActivity=null launchCookie=null windowingMode=undefined}]} RemoteTransition { remoteTransition = android.window.IRemoteTransition$Stub$Proxy@61a5182, appThread = android.app.IApplicationThread$Stub$Proxy@a968093, debugName = QuickstepLaunchHomeFromRecentsflags =NONE }}
01-11 16:45:48.902 26183 26239 V WindowManagerShell:  Checking filter Pair{{types=[] flags=0x0] notFlags=0x100 checks=[{atype=home independent=true modes=[OPEN,TO_FRONT] flags=NONE mustBeTask=false order=TOP topActivity=ComponentInfo{com.sec.android.app.launcher/com.sec.android.app.launcher.Launcher} launchCookie=null windowingMode=undefined},{atype=standard independent=true modes=[CLOSE,TO_BACK] flags=NONE mustBeTask=false order=ANY topActivity=null launchCookie=null windowingMode=undefined}]} RemoteTransition { remoteTransition = android.window.IRemoteTransition$Stub$Proxy@5328ef3, appThread = android.app.IApplicationThread$Stub$Proxy@10717b0, debugName = QuickstepLaunchHomeflags =NONE }}
01-11 16:45:48.902 26183 26239 V WindowManagerShell:  Delegate animation for (#2439) to null
01-11 16:45:48.902 26183 26239 V WindowManagerShell: start default transition animation, info = {id=2439 t=OPEN f=0x0 trk=0 r=[0@Point(0, 0)] c=[{m=OPEN f=NONE leash=Surface(name=Task=577)/@0xe89d27c sb=Rect(0, 0 - 1080, 2340) eb=Rect(0, 0 - 1080, 2340) epz=Point(1080, 2340) d=0 taskParent=-1 inset=Rect(0, 80 - 0, 51) dim=true},{m=TO_BACK f=NONE leash=Surface(name=Task=564)/@0x6b89705 sb=Rect(0, 0 - 1080, 2340) eb=Rect(0, 0 - 1080, 2340) epz=Point(1080, 2340) d=0 taskParent=-1 inset=Rect(0, 80 - 0, 51)}]}
01-11 16:45:48.903 26183 26239 V WindowManagerShell: loadAnimation: anim=android.view.animation.AnimationSet@344fb26 animAttr=0x9 type=OPEN isEntrance=false
01-11 16:45:48.903 26183 26239 V WindowManagerShell:    wallpaperTransit=WALLPAPER_NONE translucent=false
01-11 16:45:48.903 26183 26239 V WindowManagerShell:    change={m=TO_BACK f=NONE leash=Surface(name=Task=564)/@0x6b89705 sb=Rect(0, 0 - 1080, 2340) eb=Rect(0, 0 - 1080, 2340) epz=Point(1080, 2340) d=0 taskParent=-1 inset=Rect(0, 80 - 0, 51)}
01-11 16:45:48.903 26183 26239 D SurfaceComposerClient: [Task=564#88545] setEdgeExtension Right
01-11 16:45:48.903 26183 26239 V WindowManagerShell: loadAnimation: anim=android.view.animation.AnimationSet@447f514 animAttr=0x8 type=OPEN isEntrance=true
01-11 16:45:48.903 26183 26239 V WindowManagerShell:    wallpaperTransit=WALLPAPER_NONE translucent=false
01-11 16:45:48.903 26183 26239 V WindowManagerShell:    change={m=OPEN f=NONE leash=Surface(name=Task=577)/@0xe89d27c sb=Rect(0, 0 - 1080, 2340) eb=Rect(0, 0 - 1080, 2340) epz=Point(1080, 2340) d=0 taskParent=-1 inset=Rect(0, 80 - 0, 51) dim=true}
01-11 16:45:48.904  1430  1474 I SurfaceFlinger: id=89887 createSurf, flag=20004, DimTransitionLayer for Surface(name=Task=577)/@0xe89d27c#89887
01-11 16:45:48.904 26183 26239 I SurfaceControlRegistry: show, t=StartTransaction_SyncId<2439> sc=DimTransitionLayer for Surface(name=Task=577)/@0xe89d27c, caller=android.view.SurfaceControl$Transaction.show:3557 com.android.wm.shell.transition.DefaultTransitionHandler.startAnimation:2931 com.android.wm.shell.transition.Transitions.dispatchTransition:90 com.android.wm.shell.transition.Transitions.playTransition:774 com.android.wm.shell.transition.Transitions.processReadyQueue:239 com.android.wm.shell.transition.Transitions.dispatchReady:1352 
01-11 16:45:48.904 26183 26239 V WindowManagerShell: attach dim transition, change={m=OPEN f=NONE leash=Surface(name=Task=577)/@0xe89d27c sb=Rect(0, 0 - 1080, 2340) eb=Rect(0, 0 - 1080, 2340) epz=Point(1080, 2340) d=0 taskParent=-1 inset=Rect(0, 80 - 0, 51) dim=true}
01-11 16:45:48.904 26183 26239 I SurfaceControlRegistry: apply, t=StartTransaction_SyncId<2439>, caller=android.view.SurfaceControl$Transaction.apply:3459 android.view.SurfaceControl$Transaction.apply:3447 android.view.SurfaceControl$Transaction.apply:3397 com.android.wm.shell.transition.DefaultTransitionHandler.startAnimation:3387 com.android.wm.shell.transition.Transitions.dispatchTransition:90 com.android.wm.shell.transition.Transitions.playTransition:774 
01-11 16:45:48.905 26183 26239 V WindowManagerShell:  animated by com.android.wm.shell.transition.DefaultTransitionHandler@923d1cf
01-11 16:45:48.924 13232 13232 I tasktracker.app: Using CollectorTypeCMC GC.
01-11 16:45:48.927  1343  1343 W display : deliverWinConfigData:: commit modeset time (27 ms)
01-11 16:45:48.927  5953  5960 I adbd    : jdwp connection from 13232
01-11 16:45:48.928  1343  1420 I display : [compareVsyncPeriod] set the lowest(mode:0) vsync 83 of display(0)
01-11 16:45:48.928  1343  1420 I display : getFpsForPerformance, performance table found using table(key:120, cpu:255)
01-11 16:45:48.928  1343  1420 I display : Set m2mMPP capacity(4) for fps(120)
01-11 16:45:48.928  1343  1420 I display : getFpsForPerformance, performance table found using table(key:120, cpu:255)
01-11 16:45:48.928  1343  1420 I display : Set Affinity config for fps(120) : cpuIDs : 255
01-11 16:45:48.928  1343  1420 I display : Set Affinity CPU ID : 0
01-11 16:45:48.928  1343  1420 I display : Set Affinity CPU ID : 1
01-11 16:45:48.928  1343  1420 I display : Set Affinity CPU ID : 2
01-11 16:45:48.928  1343  1420 I display : Set Affinity CPU ID : 3
01-11 16:45:48.928  1343  1420 I display : Set Affinity CPU ID : 4
01-11 16:45:48.928  1343  1420 I display : Set Affinity CPU ID : 5
01-11 16:45:48.928  1343  1420 I display : Set Affinity CPU ID : 6
01-11 16:45:48.928  1343  1420 I display : Set Affinity CPU ID : 7
01-11 16:45:48.928  1343  1420 I display : Set affinity HWC : 1343
01-11 16:45:48.928  1343  1420 I display : CPU set : Cluster(0), min_clock(0)
01-11 16:45:48.928  1343  1420 I display : CPU set : Cluster(1), min_clock(0)
01-11 16:45:48.928  1343  1420 I display : CPU set : Cluster(2), min_clock(0)
01-11 16:45:48.928  1430  1501 I VSyncReactor: Current= 60, Period= 120, hwcPeriod= 120
01-11 16:45:48.929  1430  1430 D SurfaceFlinger: GPIS:: requestGpisForSFSluggish
01-11 16:45:48.930 13232 13232 D nativeloader: Load libframework-connectivity-tiramisu-jni.so using APEX ns com_android_tethering for caller /apex/com.android.tethering/javalib/framework-connectivity-t.jar: ok
01-11 16:45:48.932  1430  1430 I SurfaceFlinger: finalizeDisplayModeChange 4633128672291736000
01-11 16:45:48.933  1430  1430 E SurfaceFlinger: Out of order buffers detected for RequestedLayerState{com.instagram.android/com.instagram.android.activity.MainTabActivity$_7224#89853 parentId=89690} producedId=6 frameNumber=18003 -> producedId=6 frameNumber=10678
01-11 16:45:48.933  1430  1430 I SurfaceFlinger: RequestedLayer [57a7a4e Splash Screen com.tasktracker.app#89884] hidden!! flag  from(1) --> to(0)
01-11 16:45:48.933  1430  1430 I SurfaceFlinger: RequestedLayer [Splash Screen com.tasktracker.app$_26183#89885] hidden!! flag  from(1) --> to(0)
01-11 16:45:48.933  1430  1430 I SurfaceFlinger: RequestedLayer [Task=577#89882] hidden!! flag  from(1) --> to(0)
01-11 16:45:48.933  1430  1430 E SurfaceFlinger: alpha changed 1.000 -> 0.000 - Task=577#89882
01-11 16:45:48.933  1430  1430 I SurfaceFlinger: RequestedLayer [Transition Root: Task=577#89886] hidden!! flag  from(1) --> to(0)
01-11 16:45:48.933  1430  1430 I SurfaceFlinger: RequestedLayer [ActivityRecord{216438159 u0 com.tasktracker.app/.MainActivity t577}#89883] hidden!! flag  from(1) --> to(0)
01-11 16:45:48.933  1430  1430 I SurfaceFlinger: RequestedLayer [DimTransitionLayer for Surface(name=Task=577)/@0xe89d27c#89887] hidden!! flag  from(1) --> to(0)
01-11 16:45:48.933  1430  1430 E SurfaceFlinger: alpha changed 1.000 -> 0.000 - DimTransitionLayer for Surface(name=Task=577)/@0xe89d27c#89887
01-11 16:45:48.933  1430  1430 E SurfaceFlinger: alpha changed 0.000 -> 1.000 - Task=577#89882
01-11 16:45:48.933  1430  1430 E SurfaceFlinger: alpha changed 0.000 -> 0.000 - DimTransitionLayer for Surface(name=Task=577)/@0xe89d27c#89887
01-11 16:45:48.933  1430  1430 E SurfaceFlinger: alpha changed 0.000 -> 0.000 - DimTransitionLayer for Surface(name=Task=577)/@0xe89d27c#89887
01-11 16:45:48.933  1430  1430 I SurfaceFlinger: [LayerHierarchy{RequestedLayerState{ImeContainer#51096 parentId=88546 relativeParentId=88546 z=1} 1 children}] RelativeParent to null
01-11 16:45:48.933  1430  1430 I SurfaceFlinger: [LayerHierarchy{RequestedLayerState{Task=564#88545 parentId=89886 z=2} 2 children}] reparent to LayerHierarchy{RequestedLayerState{Transition Root: Task=577#89886 parentId=51091 z=20} 1 children}
01-11 16:45:48.933  1430  1430 I SurfaceFlinger: [LayerHierarchy{RequestedLayerState{Task=577#89882 parentId=89886 z=5} 1 children}] reparent to LayerHierarchy{RequestedLayerState{Transition Root: Task=577#89886 parentId=51091 z=20} 2 children}
01-11 16:45:48.933 13232 13232 D ActivityThread: setConscryptValidator
01-11 16:45:48.933  1430  1430 I SurfaceFlinger: [Transition Root: Task=577#89886] attach to parent LayerHierarchy{RequestedLayerState{DefaultTaskDisplayArea_d0#51091 parentId=51090} 22 children}
01-11 16:45:48.933  1430  1430 I SurfaceFlinger: [DimTransitionLayer for Surface(name=Task=577)/@0xe89d27c#89887] attach to parent LayerHierarchy{RequestedLayerState{Transition Root: Task=577#89886 parentId=51091 z=20} 3 children}
01-11 16:45:48.933  1430  2042 I SurfaceFlinger: Capture layer list: 	 com.instagram.android/com.instagram.android.activity.MainTabActivity$_7224#89853(seamlessTransition:0)
01-11 16:45:48.933 13232 13232 D ActivityThread: setConscryptValidator - put
01-11 16:45:48.934  1430  1480 D RenderEngine: [SEC_SF_EFFECTS] drawLayersInternal,1494, Rendering layer ScreenCaptureFillLayer at index 0
01-11 16:45:48.934  1430  1480 D RenderEngine: [SEC_SF_EFFECTS] drawLayersInternal,1494, Rendering layer com.instagram.android/com.instagram.android.activity.MainTabActivity$_7224#89853 at index 1
01-11 16:45:48.935  1430  1430 I BpBinder: onLastStrongRef automatically unlinking death recipients: 
01-11 16:45:48.939 25732 25775 D RestrictionPolicy: isScreenCaptureEnabled : ret=true userId=0
01-11 16:45:48.940 25732 25771 V WindowManager: Sent Transition (#2439) createdAt=01-11 16:45:48.852 via request=TransitionRequestInfo { type = OPEN, triggerTask = TaskInfo{userId=0 taskId=577 effectiveUid=10335 displayId=0 isRunning=true baseIntent=Intent { flg=0x10000000 cmp=com.tasktracker.app/.MainActivity } baseActivity=ComponentInfo{com.tasktracker.app/com.tasktracker.app.MainActivity} topActivity=ComponentInfo{com.tasktracker.app/com.tasktracker.app.MainActivity} origActivity=null realActivity=ComponentInfo{com.tasktracker.app/com.tasktracker.app.MainActivity} numActivities=1 lastActiveTime=873585333 supportsMultiWindow=true resizeMode=1 isResizeable=true minWidth=-1 minHeight=-1 maxWidth=-1 maxHeight=-1 defaultMinSize=220 desktopDefaultMinSize=304 token=WCT{RemoteToken{c7c2eef Task{b59701c #577 type=standard A=10335:com.tasktracker.app}}} topActivityType=1 pictureInPictureParams=null shouldDockBigOverlays=false launchIntoPipHostTaskId=-1 lastParentTaskIdBeforePip=-1 displayCutoutSafeInsets=Rect(0, 80 - 0, 0) topActivityInfo=ActivityInfo{8451c85 com.tasktracker.app.MainActivity} launchCookies=[] positionInParent=Point(0, 0) parentTaskId=-1 isFocused=false isVisible=false isVisibleRequested=false isTopActivityNoDisplay=false isSleeping=false locusId=null displayAreaFeatureId=1 isTopActivityTransparent=false isActivityStackTransparent=false lastNonFullscreenBounds=Rect(91, 612 - 989, 1756) capturedLink=null capturedLinkTimestamp=0 requestedVisibleTypes=-9 topActivityRequestOpenInBrowserEducationTimestamp=0 appCompatTaskInfo=AppCompatTaskInfo { topActivityInSizeCompat=false eligibleForLetterboxEducation= false isLetterboxEducationEnabled= false isLetterboxDoubleTapEnabled= false eligibleForUserAspectRatioButton= false topActivityBoundsLetterboxed= false isFromLetterboxDoubleTap= false topActivityLetterboxVerticalPosition= -1 topActivityLetterboxHorizontalPosition= -1 topActivityLetterboxWidth=-1 topActivityLetterboxHeight=-1 topActivityAppBounds=Rect(0, 0 - 1080, 2340) isUserFullscreenOverrideEnabled=false isSystemFullscreenOverrideEnabled=false hasMinAspectRatioOverride=false topActivityLetterboxBounds=null cameraCompatTaskInfo=CameraCompatTaskInfo { freeformCameraCompatMode=inactive} topActivityBounds=null topActivityInDisplayCompat=false singleTapFromLetterbox=false} topActivityMainWindowFrame=null originallySupportedMultiWindow=true hasWallpaper=false rootAffinity=10335:com.tasktracker.app isTopTaskInStage=false CoverLauncherWidgetTask=false LaunchedFromAppsCoverLauncherTask=false LaunchedFromMultistarCoverLauncherTask=false isAllowedSeamlessRotation=false isTopTransparentActivity=false isAliasManaged=false hasConfigChanged=false snappingGuideBounds=null isAiKeyRemoveAppTask=false lastDesktopWindowingBounds=null lastExternalDesktopWindowingBounds=null safeCutoutInsets=null}, pipChange = null, remoteTransition = null, displayChange = null, flags = 0, debugId = 2439 }
01-11 16:45:48.940 25732 25771 V WindowManager:     startWCT=WindowContainerTransaction { changes= {} hops= [] errorCallbackToken=null taskFragmentOrganizer=null }
01-11 16:45:48.940  1430  2057 D NativeSemDvfsManager: acquire:: timeout = 2000 mIsAcquired = 1  mTagName : SurfaceFlinger 
01-11 16:45:48.940 25732 25771 V WindowManager:     info={id=2439 t=OPEN f=0x0 trk=0 r=[0@Point(0, 0)] c=[
01-11 16:45:48.940 25732 25771 V WindowManager:         {WCT{RemoteToken{c7c2eef Task{b59701c #577 type=standard A=10335:com.tasktracker.app}}} m=OPEN f=NONE leash=Surface(name=Task=577)/@0x99a7cc9 sb=Rect(0, 0 - 1080, 2340) eb=Rect(0, 0 - 1080, 2340) epz=Point(1080, 2340) d=0 taskParent=-1 inset=Rect(0, 80 - 0, 51) dim=true},
01-11 16:45:48.940 25732 25771 V WindowManager:         {WCT{RemoteToken{75e6b0a Task{6d02bb3 #564 type=standard A=10330:com.instagram.android}}} m=TO_BACK f=NONE leash=Surface(name=Task=564)/@0xfbf26ac sb=Rect(0, 0 - 1080, 2340) eb=Rect(0, 0 - 1080, 2340) epz=Point(1080, 2340) d=0 taskParent=-1 inset=Rect(0, 80 - 0, 51)}
01-11 16:45:48.940 25732 25771 V WindowManager:     ]}
01-11 16:45:48.940  1430  2057 E NativeCustomFrequencyManager: [NativeCFMS] BpCustomFrequencyManager::acquire()
01-11 16:45:48.940 25732 25775 I WindowManager: Cancelling animation restarting=true, leash=Surface(name=Surface(name=2cefc68 StatusBar)/@0xdc15040 - animation-leash of insets_animation)/@0xda6cc72
01-11 16:45:48.940 25732 25775 I WindowManager: Reparenting to original parent: Surface(name=WindowToken{fcb38b type=2000 android.os.BinderProxy@989b105})/@0x342db79, destroy=false, surface=Surface(name=2cefc68 StatusBar)/@0xdc15040
01-11 16:45:48.940 25732 25775 I WindowManager: Reparenting to leash, surface=Surface(name=2cefc68 StatusBar)/@0xdc15040, leashParent=Surface(name=WindowToken{fcb38b type=2000 android.os.BinderProxy@989b105})/@0x342db79
01-11 16:45:48.941  1430  1537 I SurfaceFlinger: id=89888 createSurf, flag=24000, Surface(name=2cefc68 StatusBar)/@0xdc15040 - animation-leash of insets_animation#89888
01-11 16:45:48.941 25732 28238 D InputDispatcher: Focus left window (0): 712ef18 com.instagram.android/com.instagram.android.activity.MainTabActivity
01-11 16:45:48.941 25732 25775 D WindowManager: makeSurface duration=0 leash=Surface(name=Surface(name=2cefc68 StatusBar)/@0xdc15040 - animation-leash of insets_animation)/@0x186cb0b
01-11 16:45:48.941 25732 25775 D InsetsSourceProvider: updateControlForTarget: control=InsetsSourceControl: {f2130000 mType=statusBars initiallyVisible mSurfacePosition=Point(0, 0) mInsetsHint=Insets{left=0, top=80, right=0, bottom=0}}, target=Window{57a7a4e u0 Splash Screen com.tasktracker.app}, from=com.android.server.wm.InsetsStateController.onControlTargetChanged:83 com.android.server.wm.InsetsPolicy.updateBarControlTarget:212 com.android.server.wm.DisplayPolicy.updateSystemBarAttributes:262 com.android.server.wm.DisplayPolicy.finishPostLayoutPolicyLw:17 com.android.server.wm.RootWindowContainer.applySurfaceChangesTransaction$1:195 
01-11 16:45:48.941 25732 25775 I WindowManager: Cancelling animation restarting=true, leash=Surface(name=Surface(name=cd284bf NavigationBar0)/@0xc6beaca - animation-leash of insets_animation)/@0x81f77ca
01-11 16:45:48.941 25732 25775 I WindowManager: Reparenting to original parent: Surface(name=WindowToken{b685ade type=2019 android.os.BinderProxy@b5ff563})/@0xdb8b43b, destroy=false, surface=Surface(name=cd284bf NavigationBar0)/@0xc6beaca
01-11 16:45:48.941 25732 25775 I WindowManager: Reparenting to leash, surface=Surface(name=cd284bf NavigationBar0)/@0xc6beaca, leashParent=Surface(name=WindowToken{b685ade type=2019 android.os.BinderProxy@b5ff563})/@0xdb8b43b
01-11 16:45:48.942  1430  2042 I SurfaceFlinger: id=89889 createSurf, flag=24000, Surface(name=cd284bf NavigationBar0)/@0xc6beaca - animation-leash of insets_animation#89889
01-11 16:45:48.942 25608 25637 I HYPER-HAL: [RequestManager.cpp]acquire(): Acquired ID : 2966835  [1430 / 1005]    HINT : SF_GPU_MINLOCK    list : [TIMEOUT / 2000] 
01-11 16:45:48.942 25732 25775 D WindowManager: makeSurface duration=0 leash=Surface(name=Surface(name=cd284bf NavigationBar0)/@0xc6beaca - animation-leash of insets_animation)/@0xd3ffc01
01-11 16:45:48.942 25732 25775 D InsetsSourceProvider: updateControlForTarget: control=InsetsSourceControl: {83d70001 mType=navigationBars initiallyVisible mSurfacePosition=Point(0, 2178) mInsetsHint=Insets{left=0, top=0, right=0, bottom=51}}, target=Window{57a7a4e u0 Splash Screen com.tasktracker.app}, from=com.android.server.wm.InsetsStateController.onControlTargetChanged:83 com.android.server.wm.InsetsPolicy.updateBarControlTarget:225 com.android.server.wm.DisplayPolicy.updateSystemBarAttributes:262 com.android.server.wm.DisplayPolicy.finishPostLayoutPolicyLw:17 com.android.server.wm.RootWindowContainer.applySurfaceChangesTransaction$1:195 
01-11 16:45:48.942 25732 25775 D WindowManager: updateSystemBarAttributes: displayId=0, focusedCanBeNavColorWin=false, win=Window{57a7a4e u0 Splash Screen com.tasktracker.app}, navColorWin=Window{57a7a4e u0 Splash Screen com.tasktracker.app}, caller=com.android.server.wm.DisplayPolicy.finishPostLayoutPolicyLw:17 com.android.server.wm.RootWindowContainer.applySurfaceChangesTransaction$1:195 com.android.server.wm.RootWindowContainer.performSurfacePlacementNoTrace:59 
01-11 16:45:48.942  7224  7224 I ImeFocusController: onPreWindowFocus: skipped hasWindowFocus=false mHasImeFocus=true
01-11 16:45:48.943 25732 25775 D WindowManager: updateSystemBarAttributes, bhv=1, apr=24, statusBarAprRegions=[AppearanceRegion{LIGHT_STATUS_BARS bounds=[0,0][1080,2340]}], requestedVisibilities=-9
01-11 16:45:48.943 25732 25775 W PhoneWindowManager: lockNow pending, ignore updating lockscreen timeout
01-11 16:45:48.943 25732 25775 D SurfaceComposerClient: setCornerRadius ## 57a7a4e Splash Screen com.tasktracker.app#89884 cornerRadius=0.000000
01-11 16:45:48.943 26183 26183 D SamsungLightBarControlHelper: updateStatusBar (BLACK icon) numStacks:1, StatusBarMode:MODE_TRANSPARENT, lightBarBounds:[Rect(0, 0 - 1080, 2340)], StatusBarState:SHADE, packageName:, isWhiteKeyguardStatusBar:false
01-11 16:45:48.943 26183 26183 D SamsungLightBarControlHelper: onStatusBarAppearanceChanged() -  sbModeChanged:false, statusBarMode:0, barState:MODE_TRANSPARENT, isKeyguardShowing:false, navbarColorManagedByIme:false, (AppearanceRegion{LIGHT_STATUS_BARS bounds=[0,0][1080,2340]}, )
01-11 16:45:48.943 26183 26183 D NavigationBar: onSystemBarAttributesChanged() -  displayId:0, appearance:24, packageName: com.tasktracker.app (APPEARANCE_LIGHT_STATUS_BARS APPEARANCE_LIGHT_NAVIGATION_BARS ), navbarColorManagedByIme:false
01-11 16:45:48.944  1430  1430 E SurfaceFlinger: Out of order buffers detected for RequestedLayerState{com.instagram.android/com.instagram.android.activity.MainTabActivity$_7224#89853 parentId=89690} producedId=6 frameNumber=18003 -> producedId=6 frameNumber=10679
01-11 16:45:48.944  1430  1430 E SurfaceFlinger: alpha changed 0.000 -> 0.019 - DimTransitionLayer for Surface(name=Task=577)/@0xe89d27c#89887
01-11 16:45:48.944  1430  1475 I SurfaceFlinger: id=89890 createSurf, flag=84000, d069a69 ActivityRecordInputSink com.tasktracker.app/.MainActivity#89890
01-11 16:45:48.944  1430  1430 I SurfaceFlinger: [Surface(name=2cefc68 StatusBar)/@0xdc15040 - animation-leash of insets_animation#89888] attach to parent LayerHierarchy{RequestedLayerState{WindowToken{fcb38b type=2000 android.os.BinderProxy@989b105}#51178 parentId=51098} 2 children}
01-11 16:45:48.944  1430  1430 I SurfaceFlinger: [Surface(name=cd284bf NavigationBar0)/@0xc6beaca - animation-leash of insets_animation#89889] attach to parent LayerHierarchy{RequestedLayerState{WindowToken{b685ade type=2019 android.os.BinderProxy@b5ff563}#51171 parentId=51115} 2 children}
01-11 16:45:48.944  7224  7224 I ImeFocusController: onPostWindowFocus: skipped hasWindowFocus=false mHasImeFocus=true
01-11 16:45:48.945 26591  7587 I HoneySpace.RecentTasks: onRunningTaskAppeared
01-11 16:45:48.945 26591 12079 I HoneySpace.RecentTasks: onRecentTasksChanged
01-11 16:45:48.947 25732 25774 D LocalDisplayAdapter: updateActiveModeLocked for d=4633128672291736000, mActiveModeId=1, mActiveSfDisplayMode=DisplayMode{id=0, width=1080, height=2340, xDpi=403.411, yDpi=401.594, peakRefreshRate=120.00001, vsyncRate=120.00001, appVsyncOffsetNanos=8333333, presentationDeadlineNanos=9333333, supportedHdrTypes=[2, 3, 4], group=0}
01-11 16:45:48.947 25732 25775 W PhoneWindowManager: lockNow pending, ignore updating lockscreen timeout
01-11 16:45:48.947 25732 25775 D SurfaceComposerClient: setCornerRadius ## 57a7a4e Splash Screen com.tasktracker.app#89884 cornerRadius=0.000000
01-11 16:45:48.948 25732 26269 I ActivityManager: Changes in 10335 19 to 2, 0 to 255
01-11 16:45:48.949 25732 25774 I DisplayDeviceRepository: Display device changed render timings: "Built-in Screen", renderFrameRate=120.00001, presentationDeadlineNanos=9333333, appVsyncOffsetNanos=8333333, frameRateOverrides=[{uid=10056 frameRateHz=120.00001}, {uid=10155 frameRateHz=120.00001}, {uid=10330 frameRateHz=120.00001}]
01-11 16:45:48.950  7181  7181 I HBD     : DeX h DeX mode state change in non-main thread 
01-11 16:45:48.950  7181  7181 I HBD     : DeX h DeX mode state change: 3 
01-11 16:45:48.951 25732 30284 D LiftUpHandler: [LTW] Stopped already.
01-11 16:45:48.952 26183 26183 D DisplayLifecycle: updateDisplay id = 0
01-11 16:45:48.952 26183 26288 D StackScroller: onDisplayChanged for predraw skip to 2
01-11 16:45:48.951 25584 25992 D AudioFlinger: setParameters: filtered dev setParameters keyvalue screen_state=on
01-11 16:45:48.952 25732 26269 D WifiDisplayAdapter: isFitToActiveDisplayLocked : false
01-11 16:45:48.952  1430  1501 I VSyncReactor: Current= 120, Period= 120, hwcPeriod= 120
01-11 16:45:48.953  1430  1430 D SurfaceFlinger: Display 4633128672291736000 HWC layers:
01-11 16:45:48.953  1430  1430 D SurfaceFlinger:        CLIENT |           31026843761739 | 00002102 | RGBA_8888    |   37.0    0.0 1080.0 2340.0 |    0    0 1080 2340 | com.instagram.android/com.instagram.[...]activity.MainTabActivity$_7224#89853 (10679)
01-11 16:45:48.953  1430  1430 D SurfaceFlinger:   SOLID_COLOR |                        0 | 00000000 | N/A          |    0.0    0.0    0.0    0.0 |    0    0 1080 2340 | DimTransitionLayer for Surface(name=Task=577)/@0xe89d27c#89887 (0)
01-11 16:45:48.953  1430  1430 D SurfaceFlinger:        DEVICE |          112455128725655 | 00002100 | RGBA_8888    |    0.0    0.0   99.0 2340.0 |  981    0 1080 2340 | Splash Screen com.tasktracker.app$_26183#89885 (1)
01-11 16:45:48.953  1430  1430 D SurfaceFlinger:        DEVICE |          112455128725505 | 00002100 | RGBA_8888    |    0.0    0.0 1080.0   80.0 |    0    0 1080   80 | StatusBar$_26183#51188 (58343)
01-11 16:45:48.953  1430  1430 D SurfaceFlinger:        DEVICE |          114207475374822 | 00002100 | RGBA_8888    |    0.0    0.0   67.0  198.0 | 1013 1873 1080 2071 | com.sec.android.app.launcher/com.sam[...].app.CocktailBarService$_26591#89603 (1)
01-11 16:45:48.953  1430  1430 D SurfaceFlinger:        DEVICE |          112455128725504 | 00002100 | RGBA_88
01-11 16:45:48.953  1430  1430 D SurfaceFlinger: 88    |    0.0    0.0 1080.0  162.0 |    0 2178 1080 2340 | NavigationBar0$_26183#51184 (57644)
01-11 16:45:48.953  1430  1430 D SurfaceFlinger: 
01-11 16:45:48.953 25732 25732 D SGM:GameManager: onDisplayChanged. displyId: 0, state: 2
01-11 16:45:48.953 25732 25732 D AODManagerService: requestReCalToTSP IsSingleTouchMode = falserequestedReCalToTSP = false / previousDisplayState = ON
01-11 16:45:48.953  1430  1430 E SurfaceFlinger: Out of order buffers detected for RequestedLayerState{com.instagram.android/com.instagram.android.activity.MainTabActivity$_7224#89853 parentId=89690} producedId=6 frameNumber=18003 -> producedId=6 frameNumber=10680
01-11 16:45:48.954 25591  1543 D audio_hw_primary: device-adev_set_parameters: enter
01-11 16:45:48.954  1430  1430 I SurfaceFlinger: [LayerHierarchy{RequestedLayerState{cd284bf NavigationBar0#51172 parentId=89889} 1 children}] reparent to LayerHierarchy{RequestedLayerState{Surface(name=cd284bf NavigationBar0)/@0xc6beaca - animation-leash of insets_animation#89889 parentId=51171} 1 children}
01-11 16:45:48.954  1430  1430 I SurfaceFlinger: [LayerHierarchy{RequestedLayerState{2cefc68 StatusBar#51179 parentId=89888} 1 children}] reparent to LayerHierarchy{RequestedLayerState{Surface(name=2cefc68 StatusBar)/@0xdc15040 - animation-leash of insets_animation#89888 parentId=51178} 1 children}
01-11 16:45:48.954 25591  1543 I audio_hw_proxy2: proxy-proxy_set_parameters: set Screen-state 1
01-11 16:45:48.954  1430  1430 I SurfaceFlinger: [LayerHierarchy{RequestedLayerState{Surface(name=2cefc68 StatusBar)/@0xdc15040 - animation-leash of insets_animation#89877} no children}] reparent to OffscreenRoot
01-11 16:45:48.954 25591  1543 D audio_hw_primary: device-adev_set_parameters: param (screen_state=on)
01-11 16:45:48.954  1430  1430 I SurfaceFlinger: [LayerHierarchy{RequestedLayerState{Surface(name=2cefc68 StatusBar)/@0xdc15040 - animation-leash of insets_animation#89877} no children}] RelativeParent to null
01-11 16:45:48.954  1430  1430 I SurfaceFlinger: [LayerHierarchy{RequestedLayerState{Surface(name=cd284bf NavigationBar0)/@0xc6beaca - animation-leash of insets_animation#89878} no children}] reparent to OffscreenRoot
01-11 16:45:48.954 25732 26024 D BackgroundInstallControlService: Package event received: 0
01-11 16:45:48.954  1430  1430 I SurfaceFlinger: [LayerHierarchy{RequestedLayerState{Surface(name=cd284bf NavigationBar0)/@0xc6beaca - animation-leash of insets_animation#89878} no children}] RelativeParent to null
01-11 16:45:48.954  1430  1430 I SurfaceFlinger: [d069a69 ActivityRecordInputSink com.tasktracker.app/.MainActivity#89890] attach to parent LayerHierarchy{RequestedLayerState{ActivityRecord{216438159 u0 com.tasktracker.app/.MainActivity t577}#89883 parentId=89882} 2 children}
01-11 16:45:48.954 25732 25919 D SGM:FgCheckThread: onLooperPrepared(), msg: MSG_LCD_ON
01-11 16:45:48.955 25591  1543 I Audio_a2dpsink_hw: adev_set_parameters: kevpairs=[screen_state=on]
01-11 16:45:48.956 26591  7587 I HoneySpace.Memory-Monitor: current state = 2, didTrim = false
01-11 16:45:48.956 26591  5976 I HoneySpace.RefreshRateSource: singleFrameMs 8
01-11 16:45:48.956 25732 25772 D SGM:GameManager: identifyForegroundApp. com.instagram.android, mCurrentUserId: 0, callerUserId: 0
01-11 16:45:48.956 25732 25772 D SGM:SemGameManager: isForegroundGame(), ret=false
01-11 16:45:48.956 25732 25772 D SGM:GameManager: identifyForegroundApp. com.instagram.android, mCurrentUserId: 0, callerUserId: 0
01-11 16:45:48.956 25732 25772 D SGM:SemGameManager: isForegroundGame(), ret=false
01-11 16:45:48.956 25732 25772 D NetworkPolicy: already checked 10335
01-11 16:45:48.956 27505 27780 I SemDvfsHyPerManager: acquire hyper - GovernorS5e9925_REQ_MODE/27505@25, type = -999
01-11 16:45:48.956 25732 25947 V NetworkPolicy: getFirewallRuleWifi UID:10335 policy:0
01-11 16:45:48.957 25732 25772 D PkgPredictorService-SecIpmManagerServiceImpl: onForegroundActivitiesChanged pid:13232 uid:10335
01-11 16:45:48.957 25608 25637 I HYPER-HAL: [RequestManager.cpp]acquire(): Acquired ID : 378964240  [27505 / 25]    HINT :      list : [EMSTUNE_REQMODE / 4] 
01-11 16:45:48.957 25732 25988 D AS.DesktopModeHelper: onDisplayChanged: #Id=0
01-11 16:45:48.958 25732 25772 D WindowManager: DeferredDisplayUpdater: partially applying DisplayInfo(1080 x 2340) immediately
01-11 16:45:48.959 25732 25772 W PhoneWindowManager: lockNow pending, ignore updating lockscreen timeout
01-11 16:45:48.959 13232 13232 D nativeloader: Load libstats_jni.so using APEX ns com_android_os_statsd for caller /apex/com.android.os.statsd/javalib/framework-statsd.jar: ok
01-11 16:45:48.959 25732 25772 D SurfaceComposerClient: setCornerRadius ## 57a7a4e Splash Screen com.tasktracker.app#89884 cornerRadius=0.000000
01-11 16:45:48.962 25732 25775 I WindowManager: notifyInsetsControlChanged, removed=false, win=Window{57a7a4e u0 Splash Screen com.tasktracker.app}, caller=com.android.server.wm.InsetsStateController$$ExternalSyntheticLambda1.run:137 com.android.server.wm.WindowAnimator$$ExternalSyntheticLambda2.onTransactionCommitted:26 android.view.SurfaceControl$Transaction$$ExternalSyntheticLambda4.run:0 android.os.Handler.handleCallback:995 android.os.Handler.dispatchMessage:103 android.os.Looper.loopOnce:273 
01-11 16:45:48.963  1430  1430 E SurfaceFlinger: Out of order buffers detected for RequestedLayerState{com.instagram.android/com.instagram.android.activity.MainTabActivity$_7224#89853 parentId=89690} producedId=6 frameNumber=18003 -> producedId=6 frameNumber=10681
01-11 16:45:48.964  1430  2049 I SurfaceFlinger: id=89877 Removed Surface(name=2cefc68 StatusBar)/@0xdc15040 - animation-leash of insets_animation#89877 (196)
01-11 16:45:48.965  1430  2049 I SurfaceFlinger: id=89878 Removed Surface(name=cd284bf NavigationBar0)/@0xc6beaca - animation-leash of insets_animation#89878 (196)
01-11 16:45:48.970 26183 26278 I VRI[app]@5fb5baa: onActiveControlsChanged, removed=false, mAdded=true, caller=android.view.ViewRootImpl.handleInsetsControlChanged:3002 android.view.ViewRootImpl$ViewRootHandler.handleMessageImpl:8352 android.view.ViewRootImpl$ViewRootHandler.handleMessage:8301 android.os.Handler.dispatchMessage:110 android.os.Looper.loopOnce:273 
01-11 16:45:48.970 26183 26278 I InsetsSourceConsumer: applyRequestedVisibilityToControl: visible=true, type=statusBars, host=Splash Screen com.tasktracker.app
01-11 16:45:48.971 26183 26278 I InsetsSourceConsumer: applyRequestedVisibilityToControl: visible=true, type=navigationBars, host=Splash Screen com.tasktracker.app
01-11 16:45:48.971  1430  1430 I SurfaceFlinger: destroyed Surface(name=2cefc68 StatusBar)/@0xdc15040 - animation-leash of insets_animation#89877
01-11 16:45:48.971  1430  1430 I SurfaceFlinger: destroyed Surface(name=cd284bf NavigationBar0)/@0xc6beaca - animation-leash of insets_animation#89878
01-11 16:45:48.973 27505 30748 I SDHMS:k : onTaskStackChanged
01-11 16:45:48.973  1430  1430 I Layer   : id=89877 Destroyed Surface(name=2cefc68 StatusBar)/@0xdc15040 - animation-leash of insets_animation#89877
01-11 16:45:48.973 25374 25399 I Rubin   : [58] A8.b.A(Unknown Source) : Notify com.samsung.android.rubin.inferenceengine.contextanalytics.engine.loggers.AppUsageLogger's database is updated.
01-11 16:45:48.973  1430  1430 I Layer   : id=89878 Destroyed Surface(name=cd284bf NavigationBar0)/@0xc6beaca - animation-leash of insets_animation#89878
01-11 16:45:48.976 25732 27586 D SGM:GameManager: identifyForegroundApp. com.instagram.android, mCurrentUserId: 0, callerUserId: 0
01-11 16:45:48.976 27505 27796 I SDHMS:k : no app is Resumed!!! mResumedPackages.size = 0
01-11 16:45:48.978 26591 12079 I HoneySpace.RecentTasks: onRecentTasksChanged
01-11 16:45:48.983 25732 27586 D SGM:GameManager: identifyGamePackage. com.tasktracker.app, mCurrentUserId: 0, callingMethodInfo: com.samsung.android.game.IGameManagerService$Stub.onTransact(IGameManagerService.java:247)
01-11 16:45:48.988 25374 25399 I Rubin   : [58] com.samsung.android.rubin.inferenceengine.contextanalytics.engine.monitors.moment.exercise.ExercisingWithCmhMonitor.isSatisfiedByCmh(Unknown Source) : isSatisfiedByCmh is false
01-11 16:45:48.994 25584 32513 D DlbCrossfadeProcess: process transitioning from FADE_TO_BYPASS state to DAP_BYPASSED
01-11 16:45:49.069 26183 26183 D QSClock : onDarkChanged tint=DARK
01-11 16:45:49.071 25584 25688 V APM_AudioPolicyManager: stopOutput portId 3736
01-11 16:45:49.071 13232 13232 D nativeloader: Configuring clns-9 for other apk /data/app/~~adiHhnjZG9AYzei2VObJ4A==/com.tasktracker.app-2_Y_q63OiJtaP8IOCrWBhg==/base.apk. target_sdk_version=35, uses_libraries=, library_path=/data/app/~~adiHhnjZG9AYzei2VObJ4A==/com.tasktracker.app-2_Y_q63OiJtaP8IOCrWBhg==/lib/arm64:/data/app/~~adiHhnjZG9AYzei2VObJ4A==/com.tasktracker.app-2_Y_q63OiJtaP8IOCrWBhg==/base.apk!/lib/arm64-v8a, permitted_path=/data:/mnt/expand:/data/user/0/com.tasktracker.app
01-11 16:45:49.071 25584 25688 V APM_AudioPolicyManager: stopOutput() output 149, stream 3, session 1497001
01-11 16:45:49.071 25584 25688 V APM_AudioPolicyManager: setBeaconMute(1) mBeaconMuteRefCount=2 mBeaconPlayingRefCount=0
01-11 16:45:49.072 25584 25688 V APM_AudioPolicyManager: getNewOutputDevices selected devices AUDIO_DEVICE_NONE
01-11 16:45:49.072 25584 25688 V APM_AudioPolicyManager: setOutputDevices caller stopSource[[portId:3592][io:149, a2dp output]] device AUDIO_DEVICE_NONE delayMs 40
01-11 16:45:49.072 13232 13232 D CompatChangeReporter: Compat change id reported: 202956589; UID 10335; state: ENABLED
01-11 16:45:49.074 25584 25688 V APM_AudioPolicyManager: setOutputDevices caller stopSource[[portId:3592][io:149, a2dp output]] setting same device AUDIO_DEVICE_NONE or null device, force=0, patch handle=3596
01-11 16:45:49.076 25584 25688 V APM_AudioPolicyManager: selectOutputForMusicEffects selected output 149
01-11 16:45:49.082 13232 13232 V GraphicsEnvironment: Currently set values for:
01-11 16:45:49.082 13232 13232 V GraphicsEnvironment:   angle_gl_driver_selection_pkgs=[]
01-11 16:45:49.082 13232 13232 V GraphicsEnvironment:   angle_gl_driver_selection_values=[]
01-11 16:45:49.082 13232 13232 V GraphicsEnvironment: com.tasktracker.app is not listed in per-application setting
01-11 16:45:49.082 13232 13232 V GraphicsEnvironment: ANGLE allowlist from config: 
01-11 16:45:49.082 13232 13232 V GraphicsEnvironment: com.tasktracker.app is not listed in ANGLE allowlist or settings, returning default
01-11 16:45:49.083 13232 13232 V GraphicsEnvironment: App is not on the allowlist for updatable production driver.
01-11 16:45:49.086 25732 25974 D MdnieScenarioControlService:  packageName : com.tasktracker.app    className : com.tasktracker.app.MainActivity
01-11 16:45:49.087 25732 25974 V MdnieScenarioControlService: setUIMode from UI function(3)
01-11 16:45:49.104 13232 13232 W FirebaseApp: Default FirebaseApp failed to initialize because no default options were found. This usually means that com.google.gms:google-services was not applied to your gradle project.
01-11 16:45:49.104 13232 13232 I FirebaseInitProvider: FirebaseApp initialization unsuccessful
01-11 16:45:49.108 13232 13232 D CompatChangeReporter: Compat change id reported: 279646685; UID 10335; state: ENABLED
01-11 16:45:49.115 25732 27586 V WindowManager: Computed rotation=ROTATION_0 (0) for display id=0 based on lastOrientation=SCREEN_ORIENTATION_UNSPECIFIED (-1) and oldRotation=ROTATION_0 (0), caller=com.android.server.wm.DisplayRotation.updateOrientation:79 com.android.server.wm.DisplayContent.updateOrientation:41 com.android.server.wm.DisplayContent.updateOrientationAndComputeConfig:48 com.android.server.wm.RootWindowContainer.ensureVisibilityAndConfig:7 com.android.server.wm.ActivityTaskSupervisor.realStartActivityLocked:182 com.android.server.wm.RootWindowContainer.attachApplication:92 
01-11 16:45:49.116 25732 27586 D SGM:FgCheckThread: notifyAppCreated(), packageName: com.tasktracker.app, userId: 0, sendRet: true
01-11 16:45:49.116 25732 25919 D SGM:FgCheckThread: onLooperPrepared(), msg: MSG_APP_CREATE, pkgName: com.tasktracker.app, userId: 0
01-11 16:45:49.116 25732 27586 D CompatChangeReporter: Compat change id reported: 324203798; UID 10335; state: ENABLED
01-11 16:45:49.116 25732 27586 D SGM:FgCheckThread: TaskStackListener.onTaskFocusChanged(), taskId=564, focused=false
01-11 16:45:49.116 25732 27586 D SGM:FgCheckThread: TaskStackListener.onTaskFocusChanged(), taskId=577, focused=true
01-11 16:45:49.117 25732 27586 D SGM:FgCheckThread:   sendRunningComponentFocus(), pkgName: com.tasktracker.app, userId: 0
01-11 16:45:49.117 25732 27586 D InputDispatcher: Focused application(0): ActivityRecord{216438159 u0 com.tasktracker.app/.MainActivity t577}
01-11 16:45:49.117 25732 27586 D ActivityTaskManager: scheduleTopResumedActivityChanged, onTop=true, r=ActivityRecord{216438159 u0 com.tasktracker.app/.MainActivity t577}, caller=com.android.server.wm.ActivityTaskSupervisor.scheduleTopResumedActivityStateIfNeeded:18 com.android.server.wm.ActivityTaskSupervisor.updateTopResumedActivityIfNeeded:54 com.android.server.wm.TaskFragment.setResumedActivity:30 com.android.server.wm.ActivityRecord.setState:100 com.android.server.wm.ActivityTaskSupervisor.realStartActivityLocked:477 com.android.server.wm.RootWindowContainer.attachApplication:92 
01-11 16:45:49.117 25732 25919 D SGM:FgCheckThread: onLooperPrepared(), msg: MSG_TASK_FOCUSED, pkgName: com.tasktracker.app, userId: 0
01-11 16:45:49.117 25732 25919 D SGM:FgCheckThread: handleTaskFocused().
01-11 16:45:49.117 25732 25919 D SGM:FgCheckThread:   handleTaskFocused(), pkgName: com.tasktracker.app, userID:0
01-11 16:45:49.117 25732 25919 D SGM:FgCheckThread: handleResume().
01-11 16:45:49.117 25732 25919 D SGM:FgCheckThread: sendFocusOutConditionally() - mPrevNotiPkg: (unknown), userId: 0
01-11 16:45:49.117 25732 25919 D SGM:FgCheckThread:   handleResume(). pkgName: com.tasktracker.app, userId: 0, category: non-game
01-11 16:45:49.117 25732 25919 D SGM:FgCheckThread: notifyFocusInOut(). of pkg: com.tasktracker.app, type: 4, isSecGameFamily: false, userId: 0
01-11 16:45:49.117 25732 25919 D SGM:FgCheckThread:   notifyFocusInOut(). unexpected mPrevNotiType: -1
01-11 16:45:49.117 25732 25919 D SGM:SystemHelper: callReleaseBlock needReleaseBlock:false
01-11 16:45:49.117 26183 26183 I {OngoingActivityController}: onTaskFocusChanged but OA data is empty
01-11 16:45:49.118 26591 26713 I HoneySpace.TopTaskSource: onTaskFocusChanged(): taskId = 577
01-11 16:45:49.119 25732 25988 D AS.MultiSoundManager: mForegroundUid = 10335
01-11 16:45:49.119 25732 27586 D GraphicsStatsService: requestRenderEngineFor(com.tasktracker.app)
01-11 16:45:49.119 13232 13232 D ActivityThread: com.tasktracker.app will use render engine as VK
01-11 16:45:49.120 13232 13232 D HWUI    : HWUI - treat SMPTE_170M as sRGB
01-11 16:45:49.121 13232 13255 I DisplayManager: Choreographer implicitly registered for the refresh rate.
01-11 16:45:49.122 25732 25774 V Configuration: Updating configuration, locales updated from [] to [en_IN]
01-11 16:45:49.122 13232 13255 D HWUI    : CacheManager constructor. deviceInfo=(1080, 1920)
