--------- beginning of main
01-11 16:45:33.605  1430  1430 E SurfaceFlinger: Out of order buffers detected for RequestedLayerState{com.instagram.android/com.instagram.android.activity.MainTabActivity$_7224#89853 parentId=89690} producedId=6 frameNumber=18003 -> producedId=6 frameNumber=9769
01-11 16:45:33.622  1430  1430 E SurfaceFlinger: Out of order buffers detected for RequestedLayerState{com.instagram.android/com.instagram.android.activity.MainTabActivity$_7224#89853 parentId=89690} producedId=6 frameNumber=18003 -> producedId=6 frameNumber=9770
01-11 16:45:33.638  1430  1430 E SurfaceFlinger: Out of order buffers detected for RequestedLayerState{com.instagram.android/com.instagram.android.activity.MainTabActivity$_7224#89853 parentId=89690} producedId=6 frameNumber=18003 -> producedId=6 frameNumber=9771
01-11 16:45:33.655  1430  1430 E SurfaceFlinger: Out of order buffers detected for RequestedLayerState{com.instagram.android/com.instagram.android.activity.MainTabActivity$_7224#89853 parentId=89690} producedId=6 frameNumber=18003 -> producedId=6 frameNumber=9772
01-11 16:45:33.672  1430  1430 E SurfaceFlinger: Out of order buffers detected for RequestedLayerState{com.instagram.android/com.instagram.android.activity.MainTabActivity$_7224#89853 parentId=89690} producedId=6 frameNumber=18003 -> producedId=6 frameNumber=9773
01-11 16:45:33.689  1430  1430 E SurfaceFlinger: Out of order buffers detected for RequestedLayerState{com.instagram.android/com.instagram.android.activity.MainTabActivity$_7224#89853 parentId=89690} producedId=6 frameNumber=18003 -> producedId=6 frameNumber=9774
01-11 16:45:33.705  1430  1430 E SurfaceFlinger: Out of order buffers detected for RequestedLayerState{com.instagram.android/com.instagram.android.activity.MainTabActivity$_7224#89853 parentId=89690} producedId=6 frameNumber=18003 -> producedId=6 frameNumber=9775
01-11 16:45:33.722  1430  1430 E SurfaceFlinger: Out of order buffers detected for RequestedLayerState{com.instagram.android/com.instagram.android.activity.MainTabActivity$_7224#89853 parentId=89690} producedId=6 frameNumber=18003 -> producedId=6 frameNumber=9776
01-11 16:45:33.739  1430  1430 E SurfaceFlinger: Out of order buffers detected for RequestedLayerState{com.instagram.android/com.instagram.android.activity.MainTabActivity$_7224#89853 parentId=89690} producedId=6 frameNumber=18003 -> producedId=6 frameNumber=9777
01-11 16:45:33.755  1430  1430 E SurfaceFlinger: Out of order buffers detected for RequestedLayerState{com.instagram.android/com.instagram.android.activity.MainTabActivity$_7224#89853 parentId=89690} producedId=6 frameNumber=18003 -> producedId=6 frameNumber=9778
01-11 16:45:33.772  1430  1430 E SurfaceFlinger: Out of order buffers detected for RequestedLayerState{com.instagram.android/com.instagram.android.activity.MainTabActivity$_7224#89853 parentId=89690} producedId=6 frameNumber=18003 -> producedId=6 frameNumber=9779
01-11 16:45:33.789  1430  1430 E SurfaceFlinger: Out of order buffers detected for RequestedLayerState{com.instagram.android/com.instagram.android.activity.MainTabActivity$_7224#89853 parentId=89690} producedId=6 frameNumber=18003 -> producedId=6 frameNumber=9780
01-11 16:45:33.806  1430  1430 E SurfaceFlinger: Out of order buffers detected for RequestedLayerState{com.instagram.android/com.instagram.android.activity.MainTabActivity$_7224#89853 parentId=89690} producedId=6 frameNumber=18003 -> producedId=6 frameNumber=9781
01-11 16:45:33.822  1430  1430 E SurfaceFlinger: Out of order buffers detected for RequestedLayerState{com.instagram.android/com.instagram.android.activity.MainTabActivity$_7224#89853 parentId=89690} producedId=6 frameNumber=18003 -> producedId=6 frameNumber=9782
01-11 16:45:33.839  1430  1430 E SurfaceFlinger: Out of order buffers detected for RequestedLayerState{com.instagram.android/com.instagram.android.activity.MainTabActivity$_7224#89853 parentId=89690} producedId=6 frameNumber=18003 -> producedId=6 frameNumber=9783
01-11 16:45:33.856  1430  1430 E SurfaceFlinger: Out of order buffers detected for RequestedLayerState{com.instagram.android/com.instagram.android.activity.MainTabActivity$_7224#89853 parentId=89690} producedId=6 frameNumber=18003 -> producedId=6 frameNumber=9784
01-11 16:45:33.884  7509  7509 I AudioPathManager: loadAudioPath() : loaded audio path is bluetooth (2)
01-11 16:45:33.884  7509  7509 I EffectManager: isSupportDolbyAtmosOnThisAudioPath() : path is bluetooth (2)
01-11 16:45:33.885  7509  7509 I UHQUpscalerManager: isUHQCompatibleBluetooth() : support is 0, mode is 1
01-11 16:45:33.885  7509  7509 I AudioPathManager: loadAudioPath() : loaded audio path is bluetooth (2)
01-11 16:45:33.885  7509  7509 I EffectManager: isSupportVolumeNormalizationOnCurrentAudioPath() : path is bluetooth (2)
01-11 16:45:33.885  7509  7509 I DVFSHelper: isNecessaryToBoostCPU() : isDolbyOn? true, isUHQUpscalerOn? false, isVoiceBoostOn? false, isVolumeNormalizationOn? true
01-11 16:45:33.888  1430  1430 E SurfaceFlinger: Out of order buffers detected for RequestedLayerState{com.instagram.android/com.instagram.android.activity.MainTabActivity$_7224#89853 parentId=89690} producedId=6 frameNumber=18003 -> producedId=6 frameNumber=9785
01-11 16:45:33.904  1430  1430 E SurfaceFlinger: Out of order buffers detected for RequestedLayerState{com.instagram.android/com.instagram.android.activity.MainTabActivity$_7224#89853 parentId=89690} producedId=6 frameNumber=18003 -> producedId=6 frameNumber=9786
01-11 16:45:33.921  1430  1430 E SurfaceFlinger: Out of order buffers detected for RequestedLayerState{com.instagram.android/com.instagram.android.activity.MainTabActivity$_7224#89853 parentId=89690} producedId=6 frameNumber=18003 -> producedId=6 frameNumber=9787
01-11 16:45:33.938  1430  1430 E SurfaceFlinger: Out of order buffers detected for RequestedLayerState{com.instagram.android/com.instagram.android.activity.MainTabActivity$_7224#89853 parentId=89690} producedId=6 frameNumber=18003 -> producedId=6 frameNumber=9788
01-11 16:45:33.944  5953 13154 W adbd    : timed out while waiting for FUNCTIONFS_BIND, trying again
01-11 16:45:33.944  5953 13154 I adbd    : UsbFfs: connection terminated: monitor thread finished
01-11 16:45:33.955  1430  1430 E SurfaceFlinger: Out of order buffers detected for RequestedLayerState{com.instagram.android/com.instagram.android.activity.MainTabActivity$_7224#89853 parentId=89690} producedId=6 frameNumber=18003 -> producedId=6 frameNumber=9789
01-11 16:45:33.971  1430  1430 E SurfaceFlinger: Out of order buffers detected for RequestedLayerState{com.instagram.android/com.instagram.android.activity.MainTabActivity$_7224#89853 parentId=89690} producedId=6 frameNumber=18003 -> producedId=6 frameNumber=9790
01-11 16:45:33.988  1430  1430 E SurfaceFlinger: Out of order buffers detected for RequestedLayerState{com.instagram.android/com.instagram.android.activity.MainTabActivity$_7224#89853 parentId=89690} producedId=6 frameNumber=18003 -> producedId=6 frameNumber=9791
01-11 16:45:33.990  5953  5959 I adbd    : opening control endpoint /dev/usb-ffs/adb/ep0
01-11 16:45:34.004  1430  1430 E SurfaceFlinger: Out of order buffers detected for RequestedLayerState{com.instagram.android/com.instagram.android.activity.MainTabActivity$_7224#89853 parentId=89690} producedId=6 frameNumber=18003 -> producedId=6 frameNumber=9792
01-11 16:45:34.021  1430  1430 E SurfaceFlinger: Out of order buffers detected for RequestedLayerState{com.instagram.android/com.instagram.android.activity.MainTabActivity$_7224#89853 parentId=89690} producedId=6 frameNumber=18003 -> producedId=6 frameNumber=9793
01-11 16:45:34.038  1430  1430 E SurfaceFlinger: Out of order buffers detected for RequestedLayerState{com.instagram.android/com.instagram.android.activity.MainTabActivity$_7224#89853 parentId=89690} producedId=6 frameNumber=18003 -> producedId=6 frameNumber=9794
01-11 16:45:34.054  1430  1430 E SurfaceFlinger: Out of order buffers detected for RequestedLayerState{com.instagram.android/com.instagram.android.activity.MainTabActivity$_7224#89853 parentId=89690} producedId=6 frameNumber=18003 -> producedId=6 frameNumber=9795
01-11 16:45:34.071  1430  1430 E SurfaceFlinger: Out of order buffers detected for RequestedLayerState{com.instagram.android/com.instagram.android.activity.MainTabActivity$_7224#89853 parentId=89690} producedId=6 frameNumber=18003 -> producedId=6 frameNumber=9796
01-11 16:45:34.088  1430  1430 E SurfaceFlinger: Out of order buffers detected for RequestedLayerState{com.instagram.android/com.instagram.android.activity.MainTabActivity$_7224#89853 parentId=89690} producedId=6 frameNumber=18003 -> producedId=6 frameNumber=9797
01-11 16:45:34.104  1430  1430 E SurfaceFlinger: Out of order buffers detected for RequestedLayerState{com.instagram.android/com.instagram.android.activity.MainTabActivity$_7224#89853 parentId=89690} producedId=6 frameNumber=18003 -> producedId=6 frameNumber=9798
01-11 16:45:34.122  1430  1430 E SurfaceFlinger: Out of order buffers detected for RequestedLayerState{com.instagram.android/com.instagram.android.activity.MainTabActivity$_7224#89853 parentId=89690} producedId=6 frameNumber=18003 -> producedId=6 frameNumber=9799
01-11 16:45:34.138  1430  1430 E SurfaceFlinger: Out of order buffers detected for RequestedLayerState{com.instagram.android/com.instagram.android.activity.MainTabActivity$_7224#89853 parentId=89690} producedId=6 frameNumber=18003 -> producedId=6 frameNumber=9800
01-11 16:45:34.154  1430  1430 E SurfaceFlinger: Out of order buffers detected for RequestedLayerState{com.instagram.android/com.instagram.android.activity.MainTabActivity$_7224#89853 parentId=89690} producedId=6 frameNumber=18003 -> producedId=6 frameNumber=9801
01-11 16:45:34.171  1430  1430 E SurfaceFlinger: Out of order buffers detected for RequestedLayerState{com.instagram.android/com.instagram.android.activity.MainTabActivity$_7224#89853 parentId=89690} producedId=6 frameNumber=18003 -> producedId=6 frameNumber=9802
01-11 16:45:34.188  1430  1430 E SurfaceFlinger: Out of order buffers detected for RequestedLayerState{com.instagram.android/com.instagram.android.activity.MainTabActivity$_7224#89853 parentId=89690} producedId=6 frameNumber=18003 -> producedId=6 frameNumber=9803
01-11 16:45:34.204  1430  1430 E SurfaceFlinger: Out of order buffers detected for RequestedLayerState{com.instagram.android/com.instagram.android.activity.MainTabActivity$_7224#89853 parentId=89690} producedId=6 frameNumber=18003 -> producedId=6 frameNumber=9804
01-11 16:45:34.222  1430  1430 E SurfaceFlinger: Out of order buffers detected for RequestedLayerState{com.instagram.android/com.instagram.android.activity.MainTabActivity$_7224#89853 parentId=89690} producedId=6 frameNumber=18003 -> producedId=6 frameNumber=9805
01-11 16:45:34.238  1430  1430 E SurfaceFlinger: Out of order buffers detected for RequestedLayerState{com.instagram.android/com.instagram.android.activity.MainTabActivity$_7224#89853 parentId=89690} producedId=6 frameNumber=18003 -> producedId=6 frameNumber=9806
01-11 16:45:34.255  1430  1430 E SurfaceFlinger: Out of order buffers detected for RequestedLayerState{com.instagram.android/com.instagram.android.activity.MainTabActivity$_7224#89853 parentId=89690} producedId=6 frameNumber=18003 -> producedId=6 frameNumber=9807
01-11 16:45:34.271  1430  1430 E SurfaceFlinger: Out of order buffers detected for RequestedLayerState{com.instagram.android/com.instagram.android.activity.MainTabActivity$_7224#89853 parentId=89690} producedId=6 frameNumber=18003 -> producedId=6 frameNumber=9808
01-11 16:45:34.288  1430  1430 E SurfaceFlinger: Out of order buffers detected for RequestedLayerState{com.instagram.android/com.instagram.android.activity.MainTabActivity$_7224#89853 parentId=89690} producedId=6 frameNumber=18003 -> producedId=6 frameNumber=9809
01-11 16:45:34.305  1430  1430 E SurfaceFlinger: Out of order buffers detected for RequestedLayerState{com.instagram.android/com.instagram.android.activity.MainTabActivity$_7224#89853 parentId=89690} producedId=6 frameNumber=18003 -> producedId=6 frameNumber=9810
01-11 16:45:34.322  1430  1430 E SurfaceFlinger: Out of order buffers detected for RequestedLayerState{com.instagram.android/com.instagram.android.activity.MainTabActivity$_7224#89853 parentId=89690} producedId=6 frameNumber=18003 -> producedId=6 frameNumber=9811
01-11 16:45:34.338  1430  1430 E SurfaceFlinger: Out of order buffers detected for RequestedLayerState{com.instagram.android/com.instagram.android.activity.MainTabActivity$_7224#89853 parentId=89690} producedId=6 frameNumber=18003 -> producedId=6 frameNumber=9812
01-11 16:45:34.349  1423  1432 E HeatmapThread: ECT Thread time in milliseconds: 1768130134
01-11 16:45:34.349  1423  1432 D HeatmapThread: !@ batteryplugType : 0
01-11 16:45:34.350  1423  1432 D HeatmapThread: !@ batteryLevel : 0  batteryTemperature : 0 
01-11 16:45:34.350  1423  1432 D HeatmapThread: !@ Heatmap currtime: 29468835
01-11 16:45:34.350  1423  1432 D HeatmapThread: !@ Heatmap prevtime: 29468821
01-11 16:45:34.350  1423  1432 D HeatmapThread: !@ Heatmap plugstarttime: 35791394
01-11 16:45:34.350  1423  1432 D HeatmapThread: !@ Heatmap prevv_dsoh_update_time: 29454275
01-11 16:45:34.350  1423  1432 E HeatmapThread: !@Could not open '/efs/FactoryApp/bsoh', errno = 13
01-11 16:45:34.350  1423  1432 E HeatmapThread: !@ CAM Could not access BSOH EFS
01-11 16:45:34.350  1423  1432 E HeatmapThread: !@ CAM New BSOH: 0
01-11 16:45:34.355  1430  1430 E SurfaceFlinger: Out of order buffers detected for RequestedLayerState{com.instagram.android/com.instagram.android.activity.MainTabActivity$_7224#89853 parentId=89690} producedId=6 frameNumber=18003 -> producedId=6 frameNumber=9813
01-11 16:45:34.371  1430  1430 E SurfaceFlinger: Out of order buffers detected for RequestedLayerState{com.instagram.android/com.instagram.android.activity.MainTabActivity$_7224#89853 parentId=89690} producedId=6 frameNumber=18003 -> producedId=6 frameNumber=9814
01-11 16:45:34.388  1430  1430 E SurfaceFlinger: Out of order buffers detected for RequestedLayerState{com.instagram.android/com.instagram.android.activity.MainTabActivity$_7224#89853 parentId=89690} producedId=6 frameNumber=18003 -> producedId=6 frameNumber=9815
01-11 16:45:34.405  1430  1430 E SurfaceFlinger: Out of order buffers detected for RequestedLayerState{com.instagram.android/com.instagram.android.activity.MainTabActivity$_7224#89853 parentId=89690} producedId=6 frameNumber=18003 -> producedId=6 frameNumber=9816
01-11 16:45:34.416 25732 26071 D SemWifiSwitchForIndividualAppsService: isSkipTcpMonitorInfo - result:2
01-11 16:45:34.422  1430  1430 E SurfaceFlinger: Out of order buffers detected for RequestedLayerState{com.instagram.android/com.instagram.android.activity.MainTabActivity$_7224#89853 parentId=89690} producedId=6 frameNumber=18003 -> producedId=6 frameNumber=9817
01-11 16:45:34.438  1430  1430 E SurfaceFlinger: Out of order buffers detected for RequestedLayerState{com.instagram.android/com.instagram.android.activity.MainTabActivity$_7224#89853 parentId=89690} producedId=6 frameNumber=18003 -> producedId=6 frameNumber=9818
01-11 16:45:34.455  1430  1430 E SurfaceFlinger: Out of order buffers detected for RequestedLayerState{com.instagram.android/com.instagram.android.activity.MainTabActivity$_7224#89853 parentId=89690} producedId=6 frameNumber=18003 -> producedId=6 frameNumber=9819
01-11 16:45:34.471  1430  1430 E SurfaceFlinger: Out of order buffers detected for RequestedLayerState{com.instagram.android/com.instagram.android.activity.MainTabActivity$_7224#89853 parentId=89690} producedId=6 frameNumber=18003 -> producedId=6 frameNumber=9820
01-11 16:45:34.488  1430  1430 E SurfaceFlinger: Out of order buffers detected for RequestedLayerState{com.instagram.android/com.instagram.android.activity.MainTabActivity$_7224#89853 parentId=89690} producedId=6 frameNumber=18003 -> producedId=6 frameNumber=9821
01-11 16:45:34.501 27018 27365 I ScanController: onScanResult to scannerId: 1- eventType=0x1b, addressType=1, address=XX:XX:XX:XX:7D:13, primaryPhy=1, secondaryPhy=0, advertisingSid=0xff, txPower=127, rssi=-54, periodicAdvInt=0x0
01-11 16:45:34.505  1430  1430 E SurfaceFlinger: Out of order buffers detected for RequestedLayerState{com.instagram.android/com.instagram.android.activity.MainTabActivity$_7224#89853 parentId=89690} producedId=6 frameNumber=18003 -> producedId=6 frameNumber=9822
01-11 16:45:34.522  1430  1430 E SurfaceFlinger: Out of order buffers detected for RequestedLayerState{com.instagram.android/com.instagram.android.activity.MainTabActivity$_7224#89853 parentId=89690} producedId=6 frameNumber=18003 -> producedId=6 frameNumber=9823
01-11 16:45:34.538  1430  1430 E SurfaceFlinger: Out of order buffers detected for RequestedLayerState{com.instagram.android/com.instagram.android.activity.MainTabActivity$_7224#89853 parentId=89690} producedId=6 frameNumber=18003 -> producedId=6 frameNumber=9824
01-11 16:45:34.555  1430  1430 E SurfaceFlinger: Out of order buffers detected for RequestedLayerState{com.instagram.android/com.instagram.android.activity.MainTabActivity$_7224#89853 parentId=89690} producedId=6 frameNumber=18003 -> producedId=6 frameNumber=9825
--------- beginning of system
01-11 16:45:34.569   742   742 D io_stats: !@   8,0 r 57086540 1121127623 w 15370827 261685380 d 4273256 219812748 f 0 1726940 iot 27632728 0 th 0 0 0 pt 0 inp 0 0 280372.407
01-11 16:45:34.572  1430  1430 E SurfaceFlinger: Out of order buffers detected for RequestedLayerState{com.instagram.android/com.instagram.android.activity.MainTabActivity$_7224#89853 parentId=89690} producedId=6 frameNumber=18003 -> producedId=6 frameNumber=9826
01-11 16:45:34.588  1430  1430 E SurfaceFlinger: Out of order buffers detected for RequestedLayerState{com.instagram.android/com.instagram.android.activity.MainTabActivity$_7224#89853 parentId=89690} producedId=6 frameNumber=18003 -> producedId=6 frameNumber=9827
01-11 16:45:34.588 25732 26044 I SemWifiServiceDetector: NSD results: [0, 1, 2, 0, 0, 0, 2, 0, 0] Traff. type 1 Thr 0
01-11 16:45:34.592 25732 26051 D SemWifiOptimizer: enable=0 state=0x10 prev=0x30 new=0x20 force=0 mode=0
01-11 16:45:34.605  1430  1430 E SurfaceFlinger: Out of order buffers detected for RequestedLayerState{com.instagram.android/com.instagram.android.activity.MainTabActivity$_7224#89853 parentId=89690} producedId=6 frameNumber=18003 -> producedId=6 frameNumber=9828
01-11 16:45:34.614 27018 27714 I bt_shim_scanner: system/main/shim/le_scanning_manager.cc:151 Scan: in shim layer stopped
01-11 16:45:34.615 27018 27169 W bluetooth: system/gd/hci/le_scanning_manager.cc:716 scan: address_manager_registered_
01-11 16:45:34.615 27018 27169 W bluetooth: system/gd/hci/le_scanning_manager.cc:768 stop_scan: stop_scan
01-11 16:45:34.615 27018 27169 I bluetooth: system/gd/hci/le_address_manager.cc:278 unregister_client: Client unregistered
01-11 16:45:34.615 27018 27714 I bt_shim_scanner: system/main/shim/le_scanning_manager.cc:335 SetScanParameters: in shim layer, scannerId1m=1, scannerIdCoded=0
01-11 16:45:34.616 27018 27714 W bt_shim_scanner: system/main/shim/le_scanning_manager.cc:365 SetScanParameters: Set scan params scan_int_1m : 1860.625, scan_win_1m : 202.5, Duty : 10.88% | scan_int_coded : 0, scan_win_coded : 0, Duty : nan%
01-11 16:45:34.616 27018 27714 I bt_shim_scanner: system/main/shim/le_scanning_manager.cc:151 Scan: in shim layer started
01-11 16:45:34.616 27018 27169 I bluetooth: system/gd/hci/le_scanning_manager.cc:765 stop_scan: Scanning already stopped, return!
01-11 16:45:34.616 27018 27169 W bluetooth: system/gd/hci/le_scanning_manager.cc:732 start_scan: start_scan
01-11 16:45:34.616 27018 27169 W bluetooth: system/gd/hci/le_scanning_manager.cc:735 start_scan: Register address manager
01-11 16:45:34.616 27018 27169 I bluetooth: system/gd/hci/le_address_manager.cc:263 register_client: Client registered
01-11 16:45:34.621  1430  1430 E SurfaceFlinger: Out of order buffers detected for RequestedLayerState{com.instagram.android/com.instagram.android.activity.MainTabActivity$_7224#89853 parentId=89690} producedId=6 frameNumber=18003 -> producedId=6 frameNumber=9829
01-11 16:45:34.638  1430  1430 E SurfaceFlinger: Out of order buffers detected for RequestedLayerState{com.instagram.android/com.instagram.android.activity.MainTabActivity$_7224#89853 parentId=89690} producedId=6 frameNumber=18003 -> producedId=6 frameNumber=9830
01-11 16:45:34.655  1430  1430 E SurfaceFlinger: Out of order buffers detected for RequestedLayerState{com.instagram.android/com.instagram.android.activity.MainTabActivity$_7224#89853 parentId=89690} producedId=6 frameNumber=18003 -> producedId=6 frameNumber=9831
01-11 16:45:34.663 27018 27365 I ScanController: onScanResult to scannerId: 1- eventType=0x1b, addressType=1, address=XX:XX:XX:XX:7D:13, primaryPhy=1, secondaryPhy=0, advertisingSid=0xff, txPower=127, rssi=-52, periodicAdvInt=0x0
01-11 16:45:34.671  1430  1430 E SurfaceFlinger: Out of order buffers detected for RequestedLayerState{com.instagram.android/com.instagram.android.activity.MainTabActivity$_7224#89853 parentId=89690} producedId=6 frameNumber=18003 -> producedId=6 frameNumber=9832
01-11 16:45:34.688  1430  1430 E SurfaceFlinger: Out of order buffers detected for RequestedLayerState{com.instagram.android/com.instagram.android.activity.MainTabActivity$_7224#89853 parentId=89690} producedId=6 frameNumber=18003 -> producedId=6 frameNumber=9833
01-11 16:45:34.704  1430  1430 E SurfaceFlinger: Out of order buffers detected for RequestedLayerState{com.instagram.android/com.instagram.android.activity.MainTabActivity$_7224#89853 parentId=89690} producedId=6 frameNumber=18003 -> producedId=6 frameNumber=9834
01-11 16:45:34.718 27018 27032 W droid.bluetooth: Reducing the number of considered missed Gc histogram windows from 166 to 100
01-11 16:45:34.721  1430  1430 E SurfaceFlinger: Out of order buffers detected for RequestedLayerState{com.instagram.android/com.instagram.android.activity.MainTabActivity$_7224#89853 parentId=89690} producedId=6 frameNumber=18003 -> producedId=6 frameNumber=9835
01-11 16:45:34.738  1430  1430 E SurfaceFlinger: Out of order buffers detected for RequestedLayerState{com.instagram.android/com.instagram.android.activity.MainTabActivity$_7224#89853 parentId=89690} producedId=6 frameNumber=18003 -> producedId=6 frameNumber=9836
01-11 16:45:34.755  1430  1430 E SurfaceFlinger: Out of order buffers detected for RequestedLayerState{com.instagram.android/com.instagram.android.activity.MainTabActivity$_7224#89853 parentId=89690} producedId=6 frameNumber=18003 -> producedId=6 frameNumber=9837
01-11 16:45:34.772  1430  1430 E SurfaceFlinger: Out of order buffers detected for RequestedLayerState{com.instagram.android/com.instagram.android.activity.MainTabActivity$_7224#89853 parentId=89690} producedId=6 frameNumber=18003 -> producedId=6 frameNumber=9838
01-11 16:45:34.789  1430  1430 E SurfaceFlinger: Out of order buffers detected for RequestedLayerState{com.instagram.android/com.instagram.android.activity.MainTabActivity$_7224#89853 parentId=89690} producedId=6 frameNumber=18003 -> producedId=6 frameNumber=9839
01-11 16:45:34.792 27018 27365 I ScanController: onScanResult to scannerId: 9- eventType=0x10, addressType=1, address=XX:XX:XX:XX:B5:17, primaryPhy=1, secondaryPhy=0, advertisingSid=0xff, txPower=127, rssi=-79, periodicAdvInt=0x0
01-11 16:45:34.805  1430  1430 E SurfaceFlinger: Out of order buffers detected for RequestedLayerState{com.instagram.android/com.instagram.android.activity.MainTabActivity$_7224#89853 parentId=89690} producedId=6 frameNumber=18003 -> producedId=6 frameNumber=9840
01-11 16:45:34.822  1430  1430 E SurfaceFlinger: Out of order buffers detected for RequestedLayerState{com.instagram.android/com.instagram.android.activity.MainTabActivity$_7224#89853 parentId=89690} producedId=6 frameNumber=18003 -> producedId=6 frameNumber=9841
01-11 16:45:34.830 27018 27365 I ScanController: onScanResult to scannerId: 1- eventType=0x1b, addressType=1, address=XX:XX:XX:XX:7D:13, primaryPhy=1, secondaryPhy=0, advertisingSid=0xff, txPower=127, rssi=-52, periodicAdvInt=0x0
01-11 16:45:34.838  1430  1430 E SurfaceFlinger: Out of order buffers detected for RequestedLayerState{com.instagram.android/com.instagram.android.activity.MainTabActivity$_7224#89853 parentId=89690} producedId=6 frameNumber=18003 -> producedId=6 frameNumber=9842
01-11 16:45:34.855  1430  1430 E SurfaceFlinger: Out of order buffers detected for RequestedLayerState{com.instagram.android/com.instagram.android.activity.MainTabActivity$_7224#89853 parentId=89690} producedId=6 frameNumber=18003 -> producedId=6 frameNumber=9843
01-11 16:45:34.872  1430  1430 E SurfaceFlinger: Out of order buffers detected for RequestedLayerState{com.instagram.android/com.instagram.android.activity.MainTabActivity$_7224#89853 parentId=89690} producedId=6 frameNumber=18003 -> producedId=6 frameNumber=9844
01-11 16:45:34.888  1430  1430 E SurfaceFlinger: Out of order buffers detected for RequestedLayerState{com.instagram.android/com.instagram.android.activity.MainTabActivity$_7224#89853 parentId=89690} producedId=6 frameNumber=18003 -> producedId=6 frameNumber=9845
01-11 16:45:34.905  1430  1430 E SurfaceFlinger: Out of order buffers detected for RequestedLayerState{com.instagram.android/com.instagram.android.activity.MainTabActivity$_7224#89853 parentId=89690} producedId=6 frameNumber=18003 -> producedId=6 frameNumber=9846
01-11 16:45:34.922  1430  1430 E SurfaceFlinger: Out of order buffers detected for RequestedLayerState{com.instagram.android/com.instagram.android.activity.MainTabActivity$_7224#89853 parentId=89690} producedId=6 frameNumber=18003 -> producedId=6 frameNumber=9847
01-11 16:45:34.938  1430  1430 E SurfaceFlinger: Out of order buffers detected for RequestedLayerState{com.instagram.android/com.instagram.android.activity.MainTabActivity$_7224#89853 parentId=89690} producedId=6 frameNumber=18003 -> producedId=6 frameNumber=9848
01-11 16:45:34.955  1430  1430 E SurfaceFlinger: Out of order buffers detected for RequestedLayerState{com.instagram.android/com.instagram.android.activity.MainTabActivity$_7224#89853 parentId=89690} producedId=6 frameNumber=18003 -> producedId=6 frameNumber=9849
01-11 16:45:34.972  1430  1430 E SurfaceFlinger: Out of order buffers detected for RequestedLayerState{com.instagram.android/com.instagram.android.activity.MainTabActivity$_7224#89853 parentId=89690} producedId=6 frameNumber=18003 -> producedId=6 frameNumber=9850
01-11 16:45:34.988  1430  1430 E SurfaceFlinger: Out of order buffers detected for RequestedLayerState{com.instagram.android/com.instagram.android.activity.MainTabActivity$_7224#89853 parentId=89690} producedId=6 frameNumber=18003 -> producedId=6 frameNumber=9851
01-11 16:45:34.996  5953 13178 W adbd    : timed out while waiting for FUNCTIONFS_BIND, trying again
01-11 16:45:34.997  5953 13178 I adbd    : UsbFfs: connection terminated: monitor thread finished
01-11 16:45:35.005  1430  1430 E SurfaceFlinger: Out of order buffers detected for RequestedLayerState{com.instagram.android/com.instagram.android.activity.MainTabActivity$_7224#89853 parentId=89690} producedId=6 frameNumber=18003 -> producedId=6 frameNumber=9852
01-11 16:45:35.022  1430  1430 E SurfaceFlinger: Out of order buffers detected for RequestedLayerState{com.instagram.android/com.instagram.android.activity.MainTabActivity$_7224#89853 parentId=89690} producedId=6 frameNumber=18003 -> producedId=6 frameNumber=9853
01-11 16:45:35.038  1430  1430 E SurfaceFlinger: Out of order buffers detected for RequestedLayerState{com.instagram.android/com.instagram.android.activity.MainTabActivity$_7224#89853 parentId=89690} producedId=6 frameNumber=18003 -> producedId=6 frameNumber=9854
01-11 16:45:35.042  5953  5959 I adbd    : opening control endpoint /dev/usb-ffs/adb/ep0
01-11 16:45:35.055  1430  1430 E SurfaceFlinger: Out of order buffers detected for RequestedLayerState{com.instagram.android/com.instagram.android.activity.MainTabActivity$_7224#89853 parentId=89690} producedId=6 frameNumber=18003 -> producedId=6 frameNumber=9855
01-11 16:45:35.072  1430  1430 E SurfaceFlinger: Out of order buffers detected for RequestedLayerState{com.instagram.android/com.instagram.android.activity.MainTabActivity$_7224#89853 parentId=89690} producedId=6 frameNumber=18003 -> producedId=6 frameNumber=9856
01-11 16:45:35.089  1430  1430 E SurfaceFlinger: Out of order buffers detected for RequestedLayerState{com.instagram.android/com.instagram.android.activity.MainTabActivity$_7224#89853 parentId=89690} producedId=6 frameNumber=18003 -> producedId=6 frameNumber=9857
01-11 16:45:35.106  1430  1430 E SurfaceFlinger: Out of order buffers detected for RequestedLayerState{com.instagram.android/com.instagram.android.activity.MainTabActivity$_7224#89853 parentId=89690} producedId=6 frameNumber=18003 -> producedId=6 frameNumber=9858
01-11 16:45:35.122  1430  1430 E SurfaceFlinger: Out of order buffers detected for RequestedLayerState{com.instagram.android/com.instagram.android.activity.MainTabActivity$_7224#89853 parentId=89690} producedId=6 frameNumber=18003 -> producedId=6 frameNumber=9859
01-11 16:45:35.139  1430  1430 E SurfaceFlinger: Out of order buffers detected for RequestedLayerState{com.instagram.android/com.instagram.android.activity.MainTabActivity$_7224#89853 parentId=89690} producedId=6 frameNumber=18003 -> producedId=6 frameNumber=9860
01-11 16:45:35.156  1430  1430 E SurfaceFlinger: Out of order buffers detected for RequestedLayerState{com.instagram.android/com.instagram.android.activity.MainTabActivity$_7224#89853 parentId=89690} producedId=6 frameNumber=18003 -> producedId=6 frameNumber=9861
01-11 16:45:35.172  1430  1430 E SurfaceFlinger: Out of order buffers detected for RequestedLayerState{com.instagram.android/com.instagram.android.activity.MainTabActivity$_7224#89853 parentId=89690} producedId=6 frameNumber=18003 -> producedId=6 frameNumber=9862
01-11 16:45:35.189  1430  1430 E SurfaceFlinger: Out of order buffers detected for RequestedLayerState{com.instagram.android/com.instagram.android.activity.MainTabActivity$_7224#89853 parentId=89690} producedId=6 frameNumber=18003 -> producedId=6 frameNumber=9863
01-11 16:45:35.206  1430  1430 E SurfaceFlinger: Out of order buffers detected for RequestedLayerState{com.instagram.android/com.instagram.android.activity.MainTabActivity$_7224#89853 parentId=89690} producedId=6 frameNumber=18003 -> producedId=6 frameNumber=9864
01-11 16:45:35.223  1430  1430 E SurfaceFlinger: Out of order buffers detected for RequestedLayerState{com.instagram.android/com.instagram.android.activity.MainTabActivity$_7224#89853 parentId=89690} producedId=6 frameNumber=18003 -> producedId=6 frameNumber=9865
01-11 16:45:35.239  1430  1430 E SurfaceFlinger: Out of order buffers detected for RequestedLayerState{com.instagram.android/com.instagram.android.activity.MainTabActivity$_7224#89853 parentId=89690} producedId=6 frameNumber=18003 -> producedId=6 frameNumber=9866
01-11 16:45:35.252 25732 25950 D WifiStaIfaceHidlImpl: getCachedScanData is not implemented by HIDL
01-11 16:45:35.256  1430  1430 E SurfaceFlinger: Out of order buffers detected for RequestedLayerState{com.instagram.android/com.instagram.android.activity.MainTabActivity$_7224#89853 parentId=89690} producedId=6 frameNumber=18003 -> producedId=6 frameNumber=9867
01-11 16:45:35.258 25732 12499 D SemWifiUsabilityStatsMonitor: onWifiUsabilityStats - seqNum 14237, isSameBssidAndFreq true
01-11 16:45:35.262 25732 25961 D ConnectivityService: notifyType CALLBACK_CAP_CHANGED for [180 WIFI]
01-11 16:45:35.264 25732 26046 I SemWifiLinkQualityMonitor: Link stat: 1928 / 38 / 1.16 (87) / 585 / -46.0 || 100.0 : 585.00 / 0.5 : 0.86 / 0.55 : 0.02 / G (G) || 6595649d5805: 0.087 / 91.824 / N || N N / 0 0 / N 2.0 / N X 0 / 280373098 0 || 2026-01-11 16:45:34  / 0: 0 0 0 0 0 0 / 0: 0 0 0 0 0 0 / 0: 0 0 0 0 0 0
01-11 16:45:35.268 26183 26367 I WifiPickerTracker: NetworkCallback : onCapabilitiesChanged
01-11 16:45:35.269 26183 26367 D WifiPickerTracker: updateWifiEntries capabilities
01-11 16:45:35.272  1430  1430 E SurfaceFlinger: Out of order buffers detected for RequestedLayerState{com.instagram.android/com.instagram.android.activity.MainTabActivity$_7224#89853 parentId=89690} producedId=6 frameNumber=18003 -> producedId=6 frameNumber=9868
01-11 16:45:35.277  7181  7250 I HBD     : g onCapabilitiesChanged network : 180 current network state : wifi 
01-11 16:45:35.289  1430  1430 E SurfaceFlinger: Out of order buffers detected for RequestedLayerState{com.instagram.android/com.instagram.android.activity.MainTabActivity$_7224#89853 parentId=89690} producedId=6 frameNumber=18003 -> producedId=6 frameNumber=9869
01-11 16:45:35.297 26183 26367 D WifiPickerTracker: update AutoHotspot Entries() : bleAccessPoints -> 0
01-11 16:45:35.298 26183 26367 D WifiPickerTracker: handleNetworkCapabilitiesChanged
01-11 16:45:35.298 26183 26367 I WifiPickerTracker: DefaultNetworkCallback : onCapabilitiesChanged
01-11 16:45:35.298 26462 26695 I PdnController<0>: onCapabilitiesChanged: network 180 networkCapabilities [ Transports: WIFI Capabilities: NOT_METERED&INTERNET&NOT_RESTRICTED&TRUSTED&NOT_VPN&VALIDATED&NOT_ROAMING&FOREGROUND&NOT_CONGESTED&NOT_SUSPENDED&NOT_VCN_MANAGED&NOT_BANDWIDTH_CONSTRAINED LinkUpBandwidth>=2882Kbps LinkDnBandwidth>=44683Kbps TransportInfo: <SSID: <unknown ssid>, BSSID: 02:00:00:00:00:00, MAC: 02:00:00:00:00:00, IP: /192.168.1.4, Security type: 2, Supplicant state: COMPLETED, Wi-Fi standard: 11ac, RSSI: -46, Link speed: 585Mbps, Tx Link speed: 585Mbps, Max Supported Tx Link speed: 866Mbps, Rx Link speed: 585Mbps, Max Supported Rx Link speed: 866Mbps, Frequency: 5805MHz, Net ID: -1, Metered hint: false, score: 60, isUsable: true, CarrierMerged: false, SubscriptionId: -1, IsPrimary: 1, Trusted: true, Restricted: false, Ephemeral: false, OEM paid: false, OEM private: false, OSU AP: false, FQDN: <none>, Provider friendly name: <none>, Requesting package name: <none><none>MLO Information: , Is TID-To-Link negotiation supported by the AP: false, AP MLD Address: <none>, AP MLO Link Id: <none>, AP MLO Affiliated links: <none>, Vendor Data: <none>> SignalStrength: -46 AdminUids: [1000] SSID: "Airtel_AirFi" UnderlyingNetworks: Null]
01-11 16:45:35.306  1430  1430 E SurfaceFlinger: Out of order buffers detected for RequestedLayerState{com.instagram.android/com.instagram.android.activity.MainTabActivity$_7224#89853 parentId=89690} producedId=6 frameNumber=18003 -> producedId=6 frameNumber=9870
01-11 16:45:35.312 25152 26577 I NullBinder: NullBinder for android.net.action.RECOMMEND_NETWORKS triggering remote TransactionTooLargeException due to Service without Chimera impl, calling uid: 1000, calling pid: 0
01-11 16:45:35.313 25152 26577 W .gms.persistent: Large reply transaction of 1056768 bytes, interface descriptor , code 1
01-11 16:45:35.321 25732 26002 D SemWifiApNsd:Client: lpInterface:wlan0
01-11 16:45:35.321 25732 26002 I WifiConnectivityMonitor.NCC: sNetworkCallback(oCC) FULL : 180(valid: true/captive: false)
01-11 16:45:35.322 25732 26002 I WifiConnectivityMonitor.NCC: [ Transports: WIFI Capabilities: NOT_METERED&INTERNET&NOT_RESTRICTED&TRUSTED&NOT_VPN&VALIDATED&NOT_ROAMING&FOREGROUND&NOT_CONGESTED&NOT_SUSPENDED&NOT_VCN_MANAGED&NOT_BANDWIDTH_CONSTRAINED LinkUpBandwidth>=2882Kbps LinkDnBandwidth>=44683Kbps TransportInfo: <SSID: <unknown ssid>, BSSID: 02:00:00:**:**:00, MAC: 02:00:00:**:**:00, IP: /192.***.*.4, Security type: 2, Supplicant state: COMPLETED, Wi-Fi standard: 11ac, RSSI: -46, Link speed: 585Mbps, Tx Link speed: 585Mbps, Max Supported Tx Link speed: 866Mbps, Rx Link speed: 585Mbps, Max Supported Rx Link speed: 866Mbps, Frequency: 5805MHz, Net ID: -1, Metered hint: false, score: 60, isUsable: true, CarrierMerged: false, SubscriptionId: -1, IsPrimary: 1, Trusted: true, Restricted: false, Ephemeral: false, OEM paid: false, OEM private: false, OSU AP: false, FQDN: <none>, Provider friendly name: <none>, Requesting package name: <none><none>MLO Information: , Is TID-To-Link negotiation supported by the AP: false, AP MLD Address: <none>, AP MLO Link Id: <none>, AP MLO Affiliated links: <none>, Vendor Data: <none>> SignalStrength: -46 AdminUids: [1000] SSID: "Airtel_AirFi" UnderlyingNetworks: Null]
01-11 16:45:35.322 25732 26002 D SemWifiApTrafficPriority: onCapabilitiesChanged Wifi:wlan0,mGapiValue:44.683Uplink: 2.882
01-11 16:45:35.322 25732 26067 D SemApeService: Deducted link capacity (M: R=409 T=454) RSSI=-46
01-11 16:45:35.322 25732 26073 D WifiConnectivityMonitor: HANDLE_ON_CAPABILITIES_CHANGED
01-11 16:45:35.322 25732 26067 D SemApeService: Deducted link capacity (M: R=409 T=454) on (wlan0) GoogleAPI(M: R=44 T=2) RSSI=-46 isDefault=false isMlo=false
01-11 16:45:35.322  1430  1430 E SurfaceFlinger: Out of order buffers detected for RequestedLayerState{com.instagram.android/com.instagram.android.activity.MainTabActivity$_7224#89853 parentId=89690} producedId=6 frameNumber=18003 -> producedId=6 frameNumber=9871
01-11 16:45:35.323 25732 26073 I WifiConnectivityMonitor: determineMode : MODE_AGG_BY_SWITCH_TO_MOBILE_DATA_OPTION
01-11 16:45:35.323 25732 26073 D OpenNetworkQos[4.00]: updateBssidNoInternet: mBssidNoInternet = false
01-11 16:45:35.323 25732 26073 D OpenNetworkQos[4.00]: getOpenNetworkQosNoInternetStatus: false[Private DNS is active. Result is ignored.]
01-11 16:45:35.323 25732 26073 D OpenNetworkQos[4.00]: getOpenNetworkQosScores: 26 30 30 [Private DNS is active. Result is ignored.]
01-11 16:45:35.323 25732 26073 I WifiProfileShare: network QoS data was changed (internet), updateQoSData networkType: true, qosData: false
01-11 16:45:35.323 25732 26073 D WifiConnectivityMonitor: VALIDATED_DETECTED
01-11 16:45:35.323 25732 27167 V WifiProfileShare.Caster: update wips network, size: 0
01-11 16:45:35.323 25732 27167 D WifiProfileShare: nearby scanning settings run
01-11 16:45:35.324 25732 27167 D WifiProfileShare: network score provider settings enabled
01-11 16:45:35.324 25732 27167 D OpenNetworkQos[4.00]: getOpenNetworkQosScores: 26 30 30 [Private DNS is active. Result is ignored.]
01-11 16:45:35.324 25732 27167 E SemWifiService: getCurrentNetworkScore - invalid score data
01-11 16:45:35.324 25732 27167 V WifiProfileShare.Caster: current network score is empty
01-11 16:45:35.324 25732 27167 E WifiProfileShare.Caster: failed to generate qos array, need to check network score data
01-11 16:45:35.324 25732 27167 D WifiProfileShare.ScanMatcher: getMcfDataList size:2
01-11 16:45:35.324 25732 27167 I WifiProfileShare.Caster: qos data was updated , before:null after:null
01-11 16:45:35.325 25732 27167 I [MCFSDK_android_1.3.7026]_4_McfCasterImpl: isNetworkEnabled - type : 1 ret : true
01-11 16:45:35.325 25732 27167 D WifiProfileShare.McfCast: -ME--- mIsNetworkEnabled :true
01-11 16:45:35.325 25732 27167 D WifiProfileShare.MCF: stop sharing QosData, invalid data
01-11 16:45:35.326 25732 27167 I [MCFSDK_android_1.3.7026]_4_McfCasterImpl: isNetworkEnabled - type : 1 ret : true
01-11 16:45:35.326 25732 27167 D WifiProfileShare.McfCast: -ME--- mIsNetworkEnabled :true
01-11 16:45:35.326 25732 27167 D WifiProfileShare.McfCast: -ME--- updatePasswordDate pwdData size:2
01-11 16:45:35.339  1430  1430 E SurfaceFlinger: Out of order buffers detected for RequestedLayerState{com.instagram.android/com.instagram.android.activity.MainTabActivity$_7224#89853 parentId=89690} producedId=6 frameNumber=18003 -> producedId=6 frameNumber=9872
01-11 16:45:35.349  1423  1432 E HeatmapThread: ECT Thread time in milliseconds: 1768130135
01-11 16:45:35.350  1423  1432 D HeatmapThread: !@ batteryplugType : 0
01-11 16:45:35.350  1423  1432 D HeatmapThread: !@ batteryLevel : 0  batteryTemperature : 0 
01-11 16:45:35.350  1423  1432 D HeatmapThread: !@ Heatmap currtime: 29468835
01-11 16:45:35.350  1423  1432 D HeatmapThread: !@ Heatmap prevtime: 29468821
01-11 16:45:35.350  1423  1432 D HeatmapThread: !@ Heatmap plugstarttime: 35791394
01-11 16:45:35.350  1423  1432 D HeatmapThread: !@ Heatmap prevv_dsoh_update_time: 29454275
01-11 16:45:35.350  1423  1432 E HeatmapThread: !@Could not open '/efs/FactoryApp/bsoh', errno = 13
01-11 16:45:35.350  1423  1432 E HeatmapThread: !@ CAM Could not access BSOH EFS
01-11 16:45:35.350  1423  1432 E HeatmapThread: !@ CAM New BSOH: 0
01-11 16:45:35.355  1430  1430 E SurfaceFlinger: Out of order buffers detected for RequestedLayerState{com.instagram.android/com.instagram.android.activity.MainTabActivity$_7224#89853 parentId=89690} producedId=6 frameNumber=18003 -> producedId=6 frameNumber=9873
01-11 16:45:35.372  1430  1430 E SurfaceFlinger: Out of order buffers detected for RequestedLayerState{com.instagram.android/com.instagram.android.activity.MainTabActivity$_7224#89853 parentId=89690} producedId=6 frameNumber=18003 -> producedId=6 frameNumber=9874
01-11 16:45:35.381  7181  7181 I HBD     : g onCapabilityChanged  setNetworkState currentNetworkState : wifi 
01-11 16:45:35.381  7181  7181 I HBD     : h LogTag.TAG_LMDOWNLOAD network status is changed.
01-11 16:45:35.389  1430  1430 E SurfaceFlinger: Out of order buffers detected for RequestedLayerState{com.instagram.android/com.instagram.android.activity.MainTabActivity$_7224#89853 parentId=89690} producedId=6 frameNumber=18003 -> producedId=6 frameNumber=9875
01-11 16:45:35.405  1430  1430 E SurfaceFlinger: Out of order buffers detected for RequestedLayerState{com.instagram.android/com.instagram.android.activity.MainTabActivity$_7224#89853 parentId=89690} producedId=6 frameNumber=18003 -> producedId=6 frameNumber=9876
01-11 16:45:35.423  1430  1430 E SurfaceFlinger: Out of order buffers detected for RequestedLayerState{com.instagram.android/com.instagram.android.activity.MainTabActivity$_7224#89853 parentId=89690} producedId=6 frameNumber=18003 -> producedId=6 frameNumber=9877
01-11 16:45:35.439  1430  1430 E SurfaceFlinger: Out of order buffers detected for RequestedLayerState{com.instagram.android/com.instagram.android.activity.MainTabActivity$_7224#89853 parentId=89690} producedId=6 frameNumber=18003 -> producedId=6 frameNumber=9878
01-11 16:45:35.449 25732 26071 D SemWifiSwitchForIndividualAppsService: isSkipTcpMonitorInfo - result:2
01-11 16:45:35.456  1430  1430 E SurfaceFlinger: Out of order buffers detected for RequestedLayerState{com.instagram.android/com.instagram.android.activity.MainTabActivity$_7224#89853 parentId=89690} producedId=6 frameNumber=18003 -> producedId=6 frameNumber=9879
01-11 16:45:35.472  1430  1430 E SurfaceFlinger: Out of order buffers detected for RequestedLayerState{com.instagram.android/com.instagram.android.activity.MainTabActivity$_7224#89853 parentId=89690} producedId=6 frameNumber=18003 -> producedId=6 frameNumber=9880
01-11 16:45:35.489  1430  1430 E SurfaceFlinger: Out of order buffers detected for RequestedLayerState{com.instagram.android/com.instagram.android.activity.MainTabActivity$_7224#89853 parentId=89690} producedId=6 frameNumber=18003 -> producedId=6 frameNumber=9881
01-11 16:45:35.523  1430  1430 E SurfaceFlinger: Out of order buffers detected for RequestedLayerState{com.instagram.android/com.instagram.android.activity.MainTabActivity$_7224#89853 parentId=89690} producedId=6 frameNumber=18003 -> producedId=6 frameNumber=9882
01-11 16:45:35.539  1430  1430 E SurfaceFlinger: Out of order buffers detected for RequestedLayerState{com.instagram.android/com.instagram.android.activity.MainTabActivity$_7224#89853 parentId=89690} producedId=6 frameNumber=18003 -> producedId=6 frameNumber=9883
01-11 16:45:35.556  1430  1430 E SurfaceFlinger: Out of order buffers detected for RequestedLayerState{com.instagram.android/com.instagram.android.activity.MainTabActivity$_7224#89853 parentId=89690} producedId=6 frameNumber=18003 -> producedId=6 frameNumber=9884
01-11 16:45:35.573  1430  1430 E SurfaceFlinger: Out of order buffers detected for RequestedLayerState{com.instagram.android/com.instagram.android.activity.MainTabActivity$_7224#89853 parentId=89690} producedId=6 frameNumber=18003 -> producedId=6 frameNumber=9885
01-11 16:45:35.589  1430  1430 E SurfaceFlinger: Out of order buffers detected for RequestedLayerState{com.instagram.android/com.instagram.android.activity.MainTabActivity$_7224#89853 parentId=89690} producedId=6 frameNumber=18003 -> producedId=6 frameNumber=9886
01-11 16:45:35.606  1430  1430 E SurfaceFlinger: Out of order buffers detected for RequestedLayerState{com.instagram.android/com.instagram.android.activity.MainTabActivity$_7224#89853 parentId=89690} producedId=6 frameNumber=18003 -> producedId=6 frameNumber=9887
01-11 16:45:35.622  1430  1430 E SurfaceFlinger: Out of order buffers detected for RequestedLayerState{com.instagram.android/com.instagram.android.activity.MainTabActivity$_7224#89853 parentId=89690} producedId=6 frameNumber=18003 -> producedId=6 frameNumber=9888
01-11 16:45:35.639  1430  1430 E SurfaceFlinger: Out of order buffers detected for RequestedLayerState{com.instagram.android/com.instagram.android.activity.MainTabActivity$_7224#89853 parentId=89690} producedId=6 frameNumber=18003 -> producedId=6 frameNumber=9889
01-11 16:45:35.655  1430  1430 E SurfaceFlinger: Out of order buffers detected for RequestedLayerState{com.instagram.android/com.instagram.android.activity.MainTabActivity$_7224#89853 parentId=89690} producedId=6 frameNumber=18003 -> producedId=6 frameNumber=9890
01-11 16:45:35.672  1430  1430 E SurfaceFlinger: Out of order buffers detected for RequestedLayerState{com.instagram.android/com.instagram.android.activity.MainTabActivity$_7224#89853 parentId=89690} producedId=6 frameNumber=18003 -> producedId=6 frameNumber=9891
01-11 16:45:35.689  1430  1430 E SurfaceFlinger: Out of order buffers detected for RequestedLayerState{com.instagram.android/com.instagram.android.activity.MainTabActivity$_7224#89853 parentId=89690} producedId=6 frameNumber=18003 -> producedId=6 frameNumber=9892
01-11 16:45:35.706  1430  1430 E SurfaceFlinger: Out of order buffers detected for RequestedLayerState{com.instagram.android/com.instagram.android.activity.MainTabActivity$_7224#89853 parentId=89690} producedId=6 frameNumber=18003 -> producedId=6 frameNumber=9893
01-11 16:45:35.723  1430  1430 E SurfaceFlinger: Out of order buffers detected for RequestedLayerState{com.instagram.android/com.instagram.android.activity.MainTabActivity$_7224#89853 parentId=89690} producedId=6 frameNumber=18003 -> producedId=6 frameNumber=9894
01-11 16:45:35.739  1430  1430 E SurfaceFlinger: Out of order buffers detected for RequestedLayerState{com.instagram.android/com.instagram.android.activity.MainTabActivity$_7224#89853 parentId=89690} producedId=6 frameNumber=18003 -> producedId=6 frameNumber=9895
01-11 16:45:35.756  1430  1430 E SurfaceFlinger: Out of order buffers detected for RequestedLayerState{com.instagram.android/com.instagram.android.activity.MainTabActivity$_7224#89853 parentId=89690} producedId=6 frameNumber=18003 -> producedId=6 frameNumber=9896
01-11 16:45:35.772  1430  1430 E SurfaceFlinger: Out of order buffers detected for RequestedLayerState{com.instagram.android/com.instagram.android.activity.MainTabActivity$_7224#89853 parentId=89690} producedId=6 frameNumber=18003 -> producedId=6 frameNumber=9897
01-11 16:45:35.789  1430  1430 E SurfaceFlinger: Out of order buffers detected for RequestedLayerState{com.instagram.android/com.instagram.android.activity.MainTabActivity$_7224#89853 parentId=89690} producedId=6 frameNumber=18003 -> producedId=6 frameNumber=9898
01-11 16:45:35.806  1430  1430 E SurfaceFlinger: Out of order buffers detected for RequestedLayerState{com.instagram.android/com.instagram.android.activity.MainTabActivity$_7224#89853 parentId=89690} producedId=6 frameNumber=18003 -> producedId=6 frameNumber=9899
01-11 16:45:35.814 25152 10978 I NearbySharing: Network state changed: NetworkState(isRestricted=false, isOnline=true, isCongested=false, isMetered=false, isWifiConnected=true)
01-11 16:45:35.822  1430  1430 E SurfaceFlinger: Out of order buffers detected for RequestedLayerState{com.instagram.android/com.instagram.android.activity.MainTabActivity$_7224#89853 parentId=89690} producedId=6 frameNumber=18003 -> producedId=6 frameNumber=9900
01-11 16:45:35.839  1430  1430 E SurfaceFlinger: Out of order buffers detected for RequestedLayerState{com.instagram.android/com.instagram.android.activity.MainTabActivity$_7224#89853 parentId=89690} producedId=6 frameNumber=18003 -> producedId=6 frameNumber=9901
01-11 16:45:35.856  1430  1430 E SurfaceFlinger: Out of order buffers detected for RequestedLayerState{com.instagram.android/com.instagram.android.activity.MainTabActivity$_7224#89853 parentId=89690} producedId=6 frameNumber=18003 -> producedId=6 frameNumber=9902
01-11 16:45:35.873  1430  1430 E SurfaceFlinger: Out of order buffers detected for RequestedLayerState{com.instagram.android/com.instagram.android.activity.MainTabActivity$_7224#89853 parentId=89690} producedId=6 frameNumber=18003 -> producedId=6 frameNumber=9903
01-11 16:45:35.889  1430  1430 E SurfaceFlinger: Out of order buffers detected for RequestedLayerState{com.instagram.android/com.instagram.android.activity.MainTabActivity$_7224#89853 parentId=89690} producedId=6 frameNumber=18003 -> producedId=6 frameNumber=9904
01-11 16:45:35.906  1430  1430 E SurfaceFlinger: Out of order buffers detected for RequestedLayerState{com.instagram.android/com.instagram.android.activity.MainTabActivity$_7224#89853 parentId=89690} producedId=6 frameNumber=18003 -> producedId=6 frameNumber=9905
01-11 16:45:35.922  1430  1430 E SurfaceFlinger: Out of order buffers detected for RequestedLayerState{com.instagram.android/com.instagram.android.activity.MainTabActivity$_7224#89853 parentId=89690} producedId=6 frameNumber=18003 -> producedId=6 frameNumber=9906
